14:00:48 | INFO    | train.densenet121_aug | ====================================================================
14:00:48 | INFO    | train.densenet121_aug |   RUN: densenet121_aug
14:00:48 | INFO    | train.densenet121_aug | ====================================================================
14:00:49 | INFO    | train.densenet121_aug | Device: NVIDIA GeForce RTX 3050 6GB Laptop GPU (6.4 GB VRAM)
14:00:49 | INFO    | train.densenet121_aug | Mixed precision (AMP): True
14:00:49 | INFO    | train.densenet121_aug | Train: 2562 images (2562 from cache) | Val: 550 images (550 from cache)
14:00:49 | INFO    | train.densenet121_aug | Train class counts: [1263, 258, 699, 135, 207]
14:00:49 | INFO    | train.densenet121_aug | Split fingerprint: 415bcc1c575a
14:00:49 | INFO    | train.densenet121_aug | Head: classification (5 outputs)
14:00:51 | INFO    | train.densenet121_aug | Model:
  backbone   : densenet121
  parameters : 6,958,981 total | 6,958,981 trainable
  note       : Dense connectivity, heavy feature reuse (~8M params)
14:00:51 | INFO    | train.densenet121_aug | Forward check passed: output shape (2, 5)
14:00:52 | INFO    | train.densenet121_aug | Weighted cross-entropy, weights from the TRAIN split:
14:00:52 | INFO    | train.densenet121_aug |     No DR              0.2159
14:00:52 | INFO    | train.densenet121_aug |     Mild               1.0569
14:00:52 | INFO    | train.densenet121_aug |     Moderate           0.3901
14:00:52 | INFO    | train.densenet121_aug |     Severe             2.0198
14:00:52 | INFO    | train.densenet121_aug |     Proliferative DR   1.3173
14:00:52 | INFO    | train.densenet121_aug | Epochs 45 | batch 6 x accum 3 = effective 18 | 143 optimiser steps/epoch
14:00:52 | INFO    | train.densenet121_aug | --------------------------------------------------------------------
14:00:52 | INFO    | train.densenet121_aug | Epoch 1/45
14:01:08 | INFO    | train.densenet121_aug |     batch   50/427   loss 1.6309  lr 3.36e-05
14:01:13 | INFO    | train.densenet121_aug |     batch  100/427   loss 1.6113  lr 6.92e-05
14:01:18 | INFO    | train.densenet121_aug |     batch  150/427   loss 1.5611  lr 1.05e-04
14:01:23 | INFO    | train.densenet121_aug |     batch  200/427   loss 1.5031  lr 1.38e-04
14:01:27 | INFO    | train.densenet121_aug |     batch  250/427   loss 1.4490  lr 1.74e-04
14:01:32 | INFO    | train.densenet121_aug |     batch  300/427   loss 1.3981  lr 2.10e-04
14:01:37 | INFO    | train.densenet121_aug |     batch  350/427   loss 1.3472  lr 2.43e-04
14:01:41 | INFO    | train.densenet121_aug |     batch  400/427   loss 1.3030  lr 2.79e-04
14:01:51 | INFO    | train.densenet121_aug | train_loss 1.2858 | val_loss 1.0751 | val_QWK 0.8125 | val_acc 0.7036 | 59s (ETA 43 min)
14:01:51 | INFO    | train.densenet121_aug |   new best val_qwk = 0.8125 (+0.8125) - saving best.pt
14:01:51 | INFO    | train.densenet121_aug | --------------------------------------------------------------------
14:01:51 | INFO    | train.densenet121_aug | Epoch 2/45
14:01:56 | INFO    | train.densenet121_aug |     batch   50/427   loss 1.0164  lr 3.00e-04
14:02:01 | INFO    | train.densenet121_aug |     batch  100/427   loss 1.0257  lr 3.00e-04
14:02:05 | INFO    | train.densenet121_aug |     batch  150/427   loss 1.0117  lr 3.00e-04
14:02:10 | INFO    | train.densenet121_aug |     batch  200/427   loss 1.0032  lr 3.00e-04
14:02:15 | INFO    | train.densenet121_aug |     batch  250/427   loss 1.0053  lr 3.00e-04
14:02:19 | INFO    | train.densenet121_aug |     batch  300/427   loss 1.0108  lr 3.00e-04
14:02:24 | INFO    | train.densenet121_aug |     batch  350/427   loss 1.0197  lr 3.00e-04
14:02:29 | INFO    | train.densenet121_aug |     batch  400/427   loss 1.0200  lr 3.00e-04
14:02:34 | INFO    | train.densenet121_aug | train_loss 1.0193 | val_loss 0.8752 | val_QWK 0.8303 | val_acc 0.7164 | 43s (ETA 37 min)
14:02:34 | INFO    | train.densenet121_aug |   new best val_qwk = 0.8303 (+0.0178) - saving best.pt
14:02:34 | INFO    | train.densenet121_aug | --------------------------------------------------------------------
14:02:34 | INFO    | train.densenet121_aug | Epoch 3/45
14:02:39 | INFO    | train.densenet121_aug |     batch   50/427   loss 0.8612  lr 3.00e-04
14:02:44 | INFO    | train.densenet121_aug |     batch  100/427   loss 0.9398  lr 2.99e-04
14:02:49 | INFO    | train.densenet121_aug |     batch  150/427   loss 0.9562  lr 2.99e-04
14:02:54 | INFO    | train.densenet121_aug |     batch  200/427   loss 0.9841  lr 2.99e-04
14:02:59 | INFO    | train.densenet121_aug |     batch  250/427   loss 0.9558  lr 2.99e-04
14:03:03 | INFO    | train.densenet121_aug |     batch  300/427   loss 0.9520  lr 2.99e-04
14:03:08 | INFO    | train.densenet121_aug |     batch  350/427   loss 0.9576  lr 2.99e-04
14:03:13 | INFO    | train.densenet121_aug |     batch  400/427   loss 0.9512  lr 2.99e-04
14:03:18 | INFO    | train.densenet121_aug | train_loss 0.9580 | val_loss 0.8167 | val_QWK 0.8556 | val_acc 0.7909 | 43s (ETA 34 min)
14:03:18 | INFO    | train.densenet121_aug |   new best val_qwk = 0.8556 (+0.0253) - saving best.pt
14:03:18 | INFO    | train.densenet121_aug | --------------------------------------------------------------------
14:03:18 | INFO    | train.densenet121_aug | Epoch 4/45
14:03:23 | INFO    | train.densenet121_aug |     batch   50/427   loss 0.9264  lr 2.98e-04
14:03:27 | INFO    | train.densenet121_aug |     batch  100/427   loss 0.9399  lr 2.98e-04
14:03:32 | INFO    | train.densenet121_aug |     batch  150/427   loss 0.9145  lr 2.98e-04
14:03:37 | INFO    | train.densenet121_aug |     batch  200/427   loss 0.9317  lr 2.98e-04
14:03:41 | INFO    | train.densenet121_aug |     batch  250/427   loss 0.9307  lr 2.98e-04
14:03:46 | INFO    | train.densenet121_aug |     batch  300/427   loss 0.9277  lr 2.97e-04
14:03:51 | INFO    | train.densenet121_aug |     batch  350/427   loss 0.9228  lr 2.97e-04
14:03:56 | INFO    | train.densenet121_aug |     batch  400/427   loss 0.9240  lr 2.97e-04
14:04:01 | INFO    | train.densenet121_aug | train_loss 0.9225 | val_loss 0.7925 | val_QWK 0.8554 | val_acc 0.7855 | 43s (ETA 32 min)
14:04:01 | INFO    | train.densenet121_aug | --------------------------------------------------------------------
14:04:01 | INFO    | train.densenet121_aug | Epoch 5/45
14:04:06 | INFO    | train.densenet121_aug |     batch   50/427   loss 0.7423  lr 2.96e-04
14:04:11 | INFO    | train.densenet121_aug |     batch  100/427   loss 0.8923  lr 2.96e-04
14:04:15 | INFO    | train.densenet121_aug |     batch  150/427   loss 0.8858  lr 2.96e-04
14:04:20 | INFO    | train.densenet121_aug |     batch  200/427   loss 0.8485  lr 2.96e-04
14:04:25 | INFO    | train.densenet121_aug |     batch  250/427   loss 0.8624  lr 2.95e-04
14:04:30 | INFO    | train.densenet121_aug |     batch  300/427   loss 0.8623  lr 2.95e-04
14:04:35 | INFO    | train.densenet121_aug |     batch  350/427   loss 0.8554  lr 2.95e-04
14:04:39 | INFO    | train.densenet121_aug |     batch  400/427   loss 0.8546  lr 2.94e-04
14:04:44 | INFO    | train.densenet121_aug | train_loss 0.8539 | val_loss 0.7116 | val_QWK 0.8783 | val_acc 0.7909 | 43s (ETA 31 min)
14:04:44 | INFO    | train.densenet121_aug |   new best val_qwk = 0.8783 (+0.0227) - saving best.pt
14:04:45 | INFO    | train.densenet121_aug | --------------------------------------------------------------------
14:04:45 | INFO    | train.densenet121_aug | Epoch 6/45
14:04:49 | INFO    | train.densenet121_aug |     batch   50/427   loss 0.8092  lr 2.94e-04
14:04:54 | INFO    | train.densenet121_aug |     batch  100/427   loss 0.7270  lr 2.93e-04
14:04:59 | INFO    | train.densenet121_aug |     batch  150/427   loss 0.7540  lr 2.93e-04
14:05:03 | INFO    | train.densenet121_aug |     batch  200/427   loss 0.7560  lr 2.93e-04
14:05:08 | INFO    | train.densenet121_aug |     batch  250/427   loss 0.7616  lr 2.92e-04
14:05:13 | INFO    | train.densenet121_aug |     batch  300/427   loss 0.7673  lr 2.92e-04
14:05:17 | INFO    | train.densenet121_aug |     batch  350/427   loss 0.7833  lr 2.91e-04
14:05:22 | INFO    | train.densenet121_aug |     batch  400/427   loss 0.7873  lr 2.91e-04
14:05:27 | INFO    | train.densenet121_aug | train_loss 0.7918 | val_loss 0.8013 | val_QWK 0.8638 | val_acc 0.7727 | 43s (ETA 30 min)
14:05:27 | INFO    | train.densenet121_aug | --------------------------------------------------------------------
14:05:27 | INFO    | train.densenet121_aug | Epoch 7/45
14:05:32 | INFO    | train.densenet121_aug |     batch   50/427   loss 0.7322  lr 2.90e-04
14:05:37 | INFO    | train.densenet121_aug |     batch  100/427   loss 0.7952  lr 2.90e-04
14:05:41 | INFO    | train.densenet121_aug |     batch  150/427   loss 0.8326  lr 2.89e-04
14:05:46 | INFO    | train.densenet121_aug |     batch  200/427   loss 0.8237  lr 2.89e-04
14:05:51 | INFO    | train.densenet121_aug |     batch  250/427   loss 0.8148  lr 2.88e-04
14:05:55 | INFO    | train.densenet121_aug |     batch  300/427   loss 0.8384  lr 2.88e-04
14:06:00 | INFO    | train.densenet121_aug |     batch  350/427   loss 0.8250  lr 2.87e-04
14:06:05 | INFO    | train.densenet121_aug |     batch  400/427   loss 0.8277  lr 2.87e-04
14:06:10 | INFO    | train.densenet121_aug | train_loss 0.8163 | val_loss 0.8159 | val_QWK 0.8738 | val_acc 0.8182 | 43s (ETA 29 min)
14:06:10 | INFO    | train.densenet121_aug | --------------------------------------------------------------------
14:06:10 | INFO    | train.densenet121_aug | Epoch 8/45
14:06:15 | INFO    | train.densenet121_aug |     batch   50/427   loss 0.6220  lr 2.86e-04
14:06:19 | INFO    | train.densenet121_aug |     batch  100/427   loss 0.6886  lr 2.86e-04
14:06:24 | INFO    | train.densenet121_aug |     batch  150/427   loss 0.7295  lr 2.85e-04
14:06:29 | INFO    | train.densenet121_aug |     batch  200/427   loss 0.7273  lr 2.85e-04
14:06:33 | INFO    | train.densenet121_aug |     batch  250/427   loss 0.7390  lr 2.84e-04
14:06:38 | INFO    | train.densenet121_aug |     batch  300/427   loss 0.7420  lr 2.83e-04
14:06:43 | INFO    | train.densenet121_aug |     batch  350/427   loss 0.7516  lr 2.83e-04
14:06:48 | INFO    | train.densenet121_aug |     batch  400/427   loss 0.7381  lr 2.82e-04
14:06:53 | INFO    | train.densenet121_aug | train_loss 0.7389 | val_loss 0.8349 | val_QWK 0.8963 | val_acc 0.7909 | 43s (ETA 28 min)
14:06:53 | INFO    | train.densenet121_aug |   new best val_qwk = 0.8963 (+0.0180) - saving best.pt
14:06:53 | INFO    | train.densenet121_aug | --------------------------------------------------------------------
14:06:53 | INFO    | train.densenet121_aug | Epoch 9/45
14:06:58 | INFO    | train.densenet121_aug |     batch   50/427   loss 0.6738  lr 2.81e-04
14:07:03 | INFO    | train.densenet121_aug |     batch  100/427   loss 0.6974  lr 2.81e-04
14:07:07 | INFO    | train.densenet121_aug |     batch  150/427   loss 0.7028  lr 2.80e-04
14:07:12 | INFO    | train.densenet121_aug |     batch  200/427   loss 0.7364  lr 2.79e-04
14:07:17 | INFO    | train.densenet121_aug |     batch  250/427   loss 0.7376  lr 2.79e-04
14:07:22 | INFO    | train.densenet121_aug |     batch  300/427   loss 0.7479  lr 2.78e-04
14:07:26 | INFO    | train.densenet121_aug |     batch  350/427   loss 0.7561  lr 2.78e-04
14:07:31 | INFO    | train.densenet121_aug |     batch  400/427   loss 0.7663  lr 2.77e-04
14:07:36 | INFO    | train.densenet121_aug | train_loss 0.7723 | val_loss 0.7503 | val_QWK 0.9139 | val_acc 0.7945 | 44s (ETA 27 min)
14:07:36 | INFO    | train.densenet121_aug |   new best val_qwk = 0.9139 (+0.0176) - saving best.pt
14:07:36 | INFO    | train.densenet121_aug | --------------------------------------------------------------------
14:07:36 | INFO    | train.densenet121_aug | Epoch 10/45
14:07:41 | INFO    | train.densenet121_aug |     batch   50/427   loss 0.7991  lr 2.76e-04
14:07:46 | INFO    | train.densenet121_aug |     batch  100/427   loss 0.7323  lr 2.75e-04
14:07:51 | INFO    | train.densenet121_aug |     batch  150/427   loss 0.7640  lr 2.74e-04
14:07:56 | INFO    | train.densenet121_aug |     batch  200/427   loss 0.7495  lr 2.74e-04
14:08:00 | INFO    | train.densenet121_aug |     batch  250/427   loss 0.7261  lr 2.73e-04
14:08:05 | INFO    | train.densenet121_aug |     batch  300/427   loss 0.7101  lr 2.72e-04
14:08:10 | INFO    | train.densenet121_aug |     batch  350/427   loss 0.7087  lr 2.72e-04
14:08:14 | INFO    | train.densenet121_aug |     batch  400/427   loss 0.7277  lr 2.71e-04
14:08:20 | INFO    | train.densenet121_aug | train_loss 0.7308 | val_loss 0.8427 | val_QWK 0.8702 | val_acc 0.7655 | 43s (ETA 26 min)
14:08:20 | INFO    | train.densenet121_aug |   smoothed val_qwk 0.8935 (best 0.8947) - no improvement (1/12); best raw val_qwk 0.9139 at epoch 9
14:08:20 | INFO    | train.densenet121_aug | --------------------------------------------------------------------
14:08:20 | INFO    | train.densenet121_aug | Epoch 11/45
14:08:24 | INFO    | train.densenet121_aug |     batch   50/427   loss 0.6968  lr 2.70e-04
14:08:29 | INFO    | train.densenet121_aug |     batch  100/427   loss 0.6664  lr 2.69e-04
14:08:34 | INFO    | train.densenet121_aug |     batch  150/427   loss 0.6417  lr 2.68e-04
14:08:38 | INFO    | train.densenet121_aug |     batch  200/427   loss 0.6717  lr 2.67e-04
14:08:43 | INFO    | train.densenet121_aug |     batch  250/427   loss 0.6642  lr 2.67e-04
14:08:48 | INFO    | train.densenet121_aug |     batch  300/427   loss 0.6512  lr 2.66e-04
14:08:53 | INFO    | train.densenet121_aug |     batch  350/427   loss 0.6634  lr 2.65e-04
14:08:57 | INFO    | train.densenet121_aug |     batch  400/427   loss 0.6618  lr 2.64e-04
14:09:02 | INFO    | train.densenet121_aug | train_loss 0.6675 | val_loss 0.8882 | val_QWK 0.8940 | val_acc 0.8036 | 43s (ETA 25 min)
14:09:02 | INFO    | train.densenet121_aug |   smoothed val_qwk 0.8927 (best 0.8947) - no improvement (2/12); best raw val_qwk 0.9139 at epoch 9
14:09:02 | INFO    | train.densenet121_aug | --------------------------------------------------------------------
14:09:02 | INFO    | train.densenet121_aug | Epoch 12/45
14:09:07 | INFO    | train.densenet121_aug |     batch   50/427   loss 0.7637  lr 2.63e-04
14:09:12 | INFO    | train.densenet121_aug |     batch  100/427   loss 0.7001  lr 2.62e-04
14:09:17 | INFO    | train.densenet121_aug |     batch  150/427   loss 0.6905  lr 2.61e-04
14:09:22 | INFO    | train.densenet121_aug |     batch  200/427   loss 0.6819  lr 2.61e-04
14:09:26 | INFO    | train.densenet121_aug |     batch  250/427   loss 0.6875  lr 2.60e-04
14:09:31 | INFO    | train.densenet121_aug |     batch  300/427   loss 0.6941  lr 2.59e-04
14:09:36 | INFO    | train.densenet121_aug |     batch  350/427   loss 0.7100  lr 2.58e-04
14:09:40 | INFO    | train.densenet121_aug |     batch  400/427   loss 0.7006  lr 2.57e-04
14:09:45 | INFO    | train.densenet121_aug | train_loss 0.7007 | val_loss 0.7627 | val_QWK 0.9078 | val_acc 0.8018 | 43s (ETA 24 min)
14:09:45 | INFO    | train.densenet121_aug |   smoothed val_qwk 0.8907 (best 0.8947) - no improvement (3/12); best raw val_qwk 0.9139 at epoch 9
14:09:45 | INFO    | train.densenet121_aug | --------------------------------------------------------------------
14:09:45 | INFO    | train.densenet121_aug | Epoch 13/45
14:09:50 | INFO    | train.densenet121_aug |     batch   50/427   loss 0.6780  lr 2.56e-04
14:09:55 | INFO    | train.densenet121_aug |     batch  100/427   loss 0.6676  lr 2.55e-04
14:10:00 | INFO    | train.densenet121_aug |     batch  150/427   loss 0.7043  lr 2.54e-04
14:10:04 | INFO    | train.densenet121_aug |     batch  200/427   loss 0.7130  lr 2.53e-04
14:10:09 | INFO    | train.densenet121_aug |     batch  250/427   loss 0.6988  lr 2.52e-04
14:10:14 | INFO    | train.densenet121_aug |     batch  300/427   loss 0.6836  lr 2.51e-04
14:10:18 | INFO    | train.densenet121_aug |     batch  350/427   loss 0.6636  lr 2.50e-04
14:10:23 | INFO    | train.densenet121_aug |     batch  400/427   loss 0.6648  lr 2.49e-04
14:10:28 | INFO    | train.densenet121_aug | train_loss 0.6566 | val_loss 0.8592 | val_QWK 0.8827 | val_acc 0.7982 | 43s (ETA 24 min)
14:10:28 | INFO    | train.densenet121_aug | --------------------------------------------------------------------
14:10:28 | INFO    | train.densenet121_aug | Epoch 14/45
14:10:33 | INFO    | train.densenet121_aug |     batch   50/427   loss 0.6266  lr 2.48e-04
14:10:38 | INFO    | train.densenet121_aug |     batch  100/427   loss 0.6407  lr 2.47e-04
14:10:42 | INFO    | train.densenet121_aug |     batch  150/427   loss 0.6631  lr 2.46e-04
14:10:47 | INFO    | train.densenet121_aug |     batch  200/427   loss 0.6538  lr 2.45e-04
14:10:52 | INFO    | train.densenet121_aug |     batch  250/427   loss 0.6294  lr 2.44e-04
14:10:56 | INFO    | train.densenet121_aug |     batch  300/427   loss 0.6306  lr 2.43e-04
14:11:01 | INFO    | train.densenet121_aug |     batch  350/427   loss 0.6468  lr 2.42e-04
14:11:06 | INFO    | train.densenet121_aug |     batch  400/427   loss 0.6528  lr 2.41e-04
14:11:11 | INFO    | train.densenet121_aug | train_loss 0.6456 | val_loss 0.8256 | val_QWK 0.8999 | val_acc 0.7891 | 43s (ETA 23 min)
14:11:11 | INFO    | train.densenet121_aug | --------------------------------------------------------------------
14:11:11 | INFO    | train.densenet121_aug | Epoch 15/45
14:11:16 | INFO    | train.densenet121_aug |     batch   50/427   loss 0.6406  lr 2.40e-04
14:11:20 | INFO    | train.densenet121_aug |     batch  100/427   loss 0.5849  lr 2.39e-04
14:11:25 | INFO    | train.densenet121_aug |     batch  150/427   loss 0.5784  lr 2.38e-04
14:11:30 | INFO    | train.densenet121_aug |     batch  200/427   loss 0.5812  lr 2.37e-04
14:11:35 | INFO    | train.densenet121_aug |     batch  250/427   loss 0.5926  lr 2.36e-04
14:11:39 | INFO    | train.densenet121_aug |     batch  300/427   loss 0.6140  lr 2.35e-04
14:11:44 | INFO    | train.densenet121_aug |     batch  350/427   loss 0.6089  lr 2.34e-04
14:11:49 | INFO    | train.densenet121_aug |     batch  400/427   loss 0.6152  lr 2.32e-04
14:11:54 | INFO    | train.densenet121_aug | train_loss 0.6202 | val_loss 0.9050 | val_QWK 0.8871 | val_acc 0.8218 | 43s (ETA 22 min)
14:11:54 | INFO    | train.densenet121_aug |   smoothed val_qwk 0.8899 (best 0.8968) - no improvement (1/12); best raw val_qwk 0.9139 at epoch 9
14:11:54 | INFO    | train.densenet121_aug | --------------------------------------------------------------------
14:11:54 | INFO    | train.densenet121_aug | Epoch 16/45
14:11:59 | INFO    | train.densenet121_aug |     batch   50/427   loss 0.5362  lr 2.31e-04
14:12:04 | INFO    | train.densenet121_aug |     batch  100/427   loss 0.5591  lr 2.30e-04
14:12:08 | INFO    | train.densenet121_aug |     batch  150/427   loss 0.6279  lr 2.29e-04
14:12:13 | INFO    | train.densenet121_aug |     batch  200/427   loss 0.6152  lr 2.28e-04
14:12:18 | INFO    | train.densenet121_aug |     batch  250/427   loss 0.6098  lr 2.27e-04
14:12:22 | INFO    | train.densenet121_aug |     batch  300/427   loss 0.6239  lr 2.26e-04
14:12:27 | INFO    | train.densenet121_aug |     batch  350/427   loss 0.6133  lr 2.24e-04
14:12:32 | INFO    | train.densenet121_aug |     batch  400/427   loss 0.6163  lr 2.23e-04
14:12:37 | INFO    | train.densenet121_aug | train_loss 0.6076 | val_loss 0.8989 | val_QWK 0.8830 | val_acc 0.8018 | 43s (ETA 21 min)
14:12:37 | INFO    | train.densenet121_aug |   smoothed val_qwk 0.8900 (best 0.8968) - no improvement (2/12); best raw val_qwk 0.9139 at epoch 9
14:12:37 | INFO    | train.densenet121_aug | --------------------------------------------------------------------
14:12:37 | INFO    | train.densenet121_aug | Epoch 17/45
14:12:41 | INFO    | train.densenet121_aug |     batch   50/427   loss 0.5473  lr 2.22e-04
14:12:46 | INFO    | train.densenet121_aug |     batch  100/427   loss 0.5913  lr 2.21e-04
14:12:51 | INFO    | train.densenet121_aug |     batch  150/427   loss 0.6104  lr 2.19e-04
14:12:55 | INFO    | train.densenet121_aug |     batch  200/427   loss 0.6285  lr 2.18e-04
14:13:00 | INFO    | train.densenet121_aug |     batch  250/427   loss 0.6306  lr 2.17e-04
14:13:05 | INFO    | train.densenet121_aug |     batch  300/427   loss 0.6205  lr 2.16e-04
14:13:10 | INFO    | train.densenet121_aug |     batch  350/427   loss 0.6215  lr 2.15e-04
14:13:14 | INFO    | train.densenet121_aug |     batch  400/427   loss 0.6378  lr 2.14e-04
14:13:19 | INFO    | train.densenet121_aug | train_loss 0.6336 | val_loss 0.8594 | val_QWK 0.8906 | val_acc 0.7964 | 43s (ETA 21 min)
14:13:19 | INFO    | train.densenet121_aug |   smoothed val_qwk 0.8869 (best 0.8968) - no improvement (3/12); best raw val_qwk 0.9139 at epoch 9
14:13:19 | INFO    | train.densenet121_aug | --------------------------------------------------------------------
14:13:19 | INFO    | train.densenet121_aug | Epoch 18/45
14:13:24 | INFO    | train.densenet121_aug |     batch   50/427   loss 0.5244  lr 2.12e-04
14:13:29 | INFO    | train.densenet121_aug |     batch  100/427   loss 0.5429  lr 2.11e-04
14:13:33 | INFO    | train.densenet121_aug |     batch  150/427   loss 0.6068  lr 2.10e-04
14:13:38 | INFO    | train.densenet121_aug |     batch  200/427   loss 0.5800  lr 2.09e-04
14:13:43 | INFO    | train.densenet121_aug |     batch  250/427   loss 0.5833  lr 2.08e-04
14:13:47 | INFO    | train.densenet121_aug |     batch  300/427   loss 0.5797  lr 2.06e-04
14:13:52 | INFO    | train.densenet121_aug |     batch  350/427   loss 0.5752  lr 2.05e-04
14:13:57 | INFO    | train.densenet121_aug |     batch  400/427   loss 0.5954  lr 2.04e-04
14:14:02 | INFO    | train.densenet121_aug | train_loss 0.5983 | val_loss 0.8570 | val_QWK 0.8842 | val_acc 0.8000 | 43s (ETA 20 min)
14:14:02 | INFO    | train.densenet121_aug |   smoothed val_qwk 0.8859 (best 0.8968) - no improvement (4/12); best raw val_qwk 0.9139 at epoch 9
14:14:02 | INFO    | train.densenet121_aug | --------------------------------------------------------------------
14:14:02 | INFO    | train.densenet121_aug | Epoch 19/45
14:14:07 | INFO    | train.densenet121_aug |     batch   50/427   loss 0.5135  lr 2.02e-04
14:14:12 | INFO    | train.densenet121_aug |     batch  100/427   loss 0.5065  lr 2.01e-04
14:14:16 | INFO    | train.densenet121_aug |     batch  150/427   loss 0.5386  lr 2.00e-04
14:14:21 | INFO    | train.densenet121_aug |     batch  200/427   loss 0.5700  lr 1.99e-04
14:14:26 | INFO    | train.densenet121_aug |     batch  250/427   loss 0.6016  lr 1.98e-04
14:14:31 | INFO    | train.densenet121_aug |     batch  300/427   loss 0.5952  lr 1.96e-04
14:14:36 | INFO    | train.densenet121_aug |     batch  350/427   loss 0.5872  lr 1.95e-04
14:14:40 | INFO    | train.densenet121_aug |     batch  400/427   loss 0.5834  lr 1.94e-04
14:14:45 | INFO    | train.densenet121_aug | train_loss 0.5776 | val_loss 0.8017 | val_QWK 0.8974 | val_acc 0.8309 | 43s (ETA 19 min)
14:14:45 | INFO    | train.densenet121_aug |   smoothed val_qwk 0.8907 (best 0.8968) - no improvement (5/12); best raw val_qwk 0.9139 at epoch 9
14:14:45 | INFO    | train.densenet121_aug | --------------------------------------------------------------------
14:14:45 | INFO    | train.densenet121_aug | Epoch 20/45
14:14:50 | INFO    | train.densenet121_aug |     batch   50/427   loss 0.4544  lr 1.92e-04
14:14:55 | INFO    | train.densenet121_aug |     batch  100/427   loss 0.4494  lr 1.91e-04
14:15:00 | INFO    | train.densenet121_aug |     batch  150/427   loss 0.5011  lr 1.90e-04
14:15:04 | INFO    | train.densenet121_aug |     batch  200/427   loss 0.5063  lr 1.89e-04
14:15:09 | INFO    | train.densenet121_aug |     batch  250/427   loss 0.5274  lr 1.87e-04
14:15:14 | INFO    | train.densenet121_aug |     batch  300/427   loss 0.5210  lr 1.86e-04
14:15:19 | INFO    | train.densenet121_aug |     batch  350/427   loss 0.5274  lr 1.85e-04
14:15:23 | INFO    | train.densenet121_aug |     batch  400/427   loss 0.5230  lr 1.84e-04
14:15:28 | INFO    | train.densenet121_aug | train_loss 0.5352 | val_loss 0.9587 | val_QWK 0.8928 | val_acc 0.8236 | 43s (ETA 18 min)
14:15:28 | INFO    | train.densenet121_aug |   smoothed val_qwk 0.8915 (best 0.8968) - no improvement (6/12); best raw val_qwk 0.9139 at epoch 9
14:15:28 | INFO    | train.densenet121_aug | --------------------------------------------------------------------
14:15:28 | INFO    | train.densenet121_aug | Epoch 21/45
14:15:33 | INFO    | train.densenet121_aug |     batch   50/427   loss 0.5385  lr 1.82e-04
14:15:38 | INFO    | train.densenet121_aug |     batch  100/427   loss 0.4958  lr 1.81e-04
14:15:42 | INFO    | train.densenet121_aug |     batch  150/427   loss 0.5090  lr 1.80e-04
14:15:47 | INFO    | train.densenet121_aug |     batch  200/427   loss 0.5024  lr 1.78e-04
14:15:52 | INFO    | train.densenet121_aug |     batch  250/427   loss 0.4922  lr 1.77e-04
14:15:57 | INFO    | train.densenet121_aug |     batch  300/427   loss 0.5001  lr 1.76e-04
14:16:01 | INFO    | train.densenet121_aug |     batch  350/427   loss 0.5109  lr 1.75e-04
14:16:06 | INFO    | train.densenet121_aug |     batch  400/427   loss 0.5110  lr 1.73e-04
14:16:11 | INFO    | train.densenet121_aug | train_loss 0.5138 | val_loss 0.8719 | val_QWK 0.8776 | val_acc 0.7782 | 43s (ETA 18 min)
14:16:11 | INFO    | train.densenet121_aug |   smoothed val_qwk 0.8893 (best 0.8968) - no improvement (7/12); best raw val_qwk 0.9139 at epoch 9
14:16:11 | INFO    | train.densenet121_aug | --------------------------------------------------------------------
14:16:11 | INFO    | train.densenet121_aug | Epoch 22/45
14:16:16 | INFO    | train.densenet121_aug |     batch   50/427   loss 0.4930  lr 1.72e-04
14:16:21 | INFO    | train.densenet121_aug |     batch  100/427   loss 0.5318  lr 1.70e-04
14:16:25 | INFO    | train.densenet121_aug |     batch  150/427   loss 0.5093  lr 1.69e-04
14:16:30 | INFO    | train.densenet121_aug |     batch  200/427   loss 0.5328  lr 1.68e-04
14:16:35 | INFO    | train.densenet121_aug |     batch  250/427   loss 0.5347  lr 1.67e-04
14:16:39 | INFO    | train.densenet121_aug |     batch  300/427   loss 0.5132  lr 1.65e-04
14:16:44 | INFO    | train.densenet121_aug |     batch  350/427   loss 0.5088  lr 1.64e-04
14:16:49 | INFO    | train.densenet121_aug |     batch  400/427   loss 0.5046  lr 1.63e-04
14:16:54 | INFO    | train.densenet121_aug | train_loss 0.4979 | val_loss 0.8950 | val_QWK 0.9026 | val_acc 0.8036 | 42s (ETA 17 min)
14:16:54 | INFO    | train.densenet121_aug |   smoothed val_qwk 0.8910 (best 0.8968) - no improvement (8/12); best raw val_qwk 0.9139 at epoch 9
14:16:54 | INFO    | train.densenet121_aug | --------------------------------------------------------------------
14:16:54 | INFO    | train.densenet121_aug | Epoch 23/45
14:16:58 | INFO    | train.densenet121_aug |     batch   50/427   loss 0.4250  lr 1.61e-04
14:17:03 | INFO    | train.densenet121_aug |     batch  100/427   loss 0.4452  lr 1.60e-04
14:17:08 | INFO    | train.densenet121_aug |     batch  150/427   loss 0.4513  lr 1.58e-04
14:17:12 | INFO    | train.densenet121_aug |     batch  200/427   loss 0.4719  lr 1.57e-04
14:17:17 | INFO    | train.densenet121_aug |     batch  250/427   loss 0.4745  lr 1.56e-04
14:17:22 | INFO    | train.densenet121_aug |     batch  300/427   loss 0.4807  lr 1.55e-04
14:17:27 | INFO    | train.densenet121_aug |     batch  350/427   loss 0.5109  lr 1.54e-04
14:17:31 | INFO    | train.densenet121_aug |     batch  400/427   loss 0.5138  lr 1.52e-04
14:17:36 | INFO    | train.densenet121_aug | train_loss 0.5111 | val_loss 0.8876 | val_QWK 0.9003 | val_acc 0.8036 | 43s (ETA 16 min)
14:17:36 | INFO    | train.densenet121_aug |   smoothed val_qwk 0.8935 (best 0.8968) - no improvement (9/12); best raw val_qwk 0.9139 at epoch 9
14:17:36 | INFO    | train.densenet121_aug | --------------------------------------------------------------------
14:17:36 | INFO    | train.densenet121_aug | Epoch 24/45
14:17:41 | INFO    | train.densenet121_aug |     batch   50/427   loss 0.5106  lr 1.50e-04
14:17:46 | INFO    | train.densenet121_aug |     batch  100/427   loss 0.4589  lr 1.49e-04
14:17:51 | INFO    | train.densenet121_aug |     batch  150/427   loss 0.4412  lr 1.48e-04
14:17:55 | INFO    | train.densenet121_aug |     batch  200/427   loss 0.4638  lr 1.47e-04
14:18:00 | INFO    | train.densenet121_aug |     batch  250/427   loss 0.4553  lr 1.45e-04
14:18:05 | INFO    | train.densenet121_aug |     batch  300/427   loss 0.4680  lr 1.44e-04
14:18:10 | INFO    | train.densenet121_aug |     batch  350/427   loss 0.4807  lr 1.43e-04
14:18:15 | INFO    | train.densenet121_aug |     batch  400/427   loss 0.4734  lr 1.42e-04
14:18:20 | INFO    | train.densenet121_aug | train_loss 0.4802 | val_loss 0.9463 | val_QWK 0.8918 | val_acc 0.7964 | 44s (ETA 15 min)
14:18:20 | INFO    | train.densenet121_aug | --------------------------------------------------------------------
14:18:20 | INFO    | train.densenet121_aug | Epoch 25/45
14:18:25 | INFO    | train.densenet121_aug |     batch   50/427   loss 0.4202  lr 1.40e-04
14:18:30 | INFO    | train.densenet121_aug |     batch  100/427   loss 0.4713  lr 1.39e-04
14:18:35 | INFO    | train.densenet121_aug |     batch  150/427   loss 0.4552  lr 1.37e-04
14:18:40 | INFO    | train.densenet121_aug |     batch  200/427   loss 0.4269  lr 1.36e-04
14:18:44 | INFO    | train.densenet121_aug |     batch  250/427   loss 0.4190  lr 1.35e-04
14:18:49 | INFO    | train.densenet121_aug |     batch  300/427   loss 0.4313  lr 1.34e-04
14:18:54 | INFO    | train.densenet121_aug |     batch  350/427   loss 0.4297  lr 1.32e-04
14:18:58 | INFO    | train.densenet121_aug |     batch  400/427   loss 0.4457  lr 1.31e-04
14:19:04 | INFO    | train.densenet121_aug | train_loss 0.4501 | val_loss 0.9714 | val_QWK 0.9063 | val_acc 0.8091 | 44s (ETA 15 min)
14:19:04 | INFO    | train.densenet121_aug | --------------------------------------------------------------------
14:19:04 | INFO    | train.densenet121_aug | Epoch 26/45
14:19:08 | INFO    | train.densenet121_aug |     batch   50/427   loss 0.3902  lr 1.29e-04
14:19:13 | INFO    | train.densenet121_aug |     batch  100/427   loss 0.3976  lr 1.28e-04
14:19:18 | INFO    | train.densenet121_aug |     batch  150/427   loss 0.4006  lr 1.27e-04
14:19:23 | INFO    | train.densenet121_aug |     batch  200/427   loss 0.4039  lr 1.26e-04
14:19:27 | INFO    | train.densenet121_aug |     batch  250/427   loss 0.4053  lr 1.24e-04
14:19:32 | INFO    | train.densenet121_aug |     batch  300/427   loss 0.4059  lr 1.23e-04
14:19:37 | INFO    | train.densenet121_aug |     batch  350/427   loss 0.4140  lr 1.22e-04
14:19:42 | INFO    | train.densenet121_aug |     batch  400/427   loss 0.4268  lr 1.21e-04
14:19:47 | INFO    | train.densenet121_aug | train_loss 0.4337 | val_loss 0.9525 | val_QWK 0.9010 | val_acc 0.7909 | 43s (ETA 14 min)
14:19:47 | INFO    | train.densenet121_aug | --------------------------------------------------------------------
14:19:47 | INFO    | train.densenet121_aug | Epoch 27/45
14:19:52 | INFO    | train.densenet121_aug |     batch   50/427   loss 0.3721  lr 1.19e-04
14:19:57 | INFO    | train.densenet121_aug |     batch  100/427   loss 0.3968  lr 1.18e-04
14:20:01 | INFO    | train.densenet121_aug |     batch  150/427   loss 0.3749  lr 1.16e-04
14:20:06 | INFO    | train.densenet121_aug |     batch  200/427   loss 0.3943  lr 1.15e-04
14:20:11 | INFO    | train.densenet121_aug |     batch  250/427   loss 0.4035  lr 1.14e-04
14:20:16 | INFO    | train.densenet121_aug |     batch  300/427   loss 0.3893  lr 1.13e-04
14:20:21 | INFO    | train.densenet121_aug |     batch  350/427   loss 0.4078  lr 1.12e-04
14:20:25 | INFO    | train.densenet121_aug |     batch  400/427   loss 0.4084  lr 1.10e-04
14:20:31 | INFO    | train.densenet121_aug | train_loss 0.4087 | val_loss 1.1210 | val_QWK 0.9096 | val_acc 0.8127 | 43s (ETA 13 min)
14:20:31 | INFO    | train.densenet121_aug | --------------------------------------------------------------------
14:20:31 | INFO    | train.densenet121_aug | Epoch 28/45
14:20:35 | INFO    | train.densenet121_aug |     batch   50/427   loss 0.4453  lr 1.09e-04
14:20:40 | INFO    | train.densenet121_aug |     batch  100/427   loss 0.4068  lr 1.07e-04
14:20:45 | INFO    | train.densenet121_aug |     batch  150/427   loss 0.3773  lr 1.06e-04
14:20:50 | INFO    | train.densenet121_aug |     batch  200/427   loss 0.3890  lr 1.05e-04
14:20:55 | INFO    | train.densenet121_aug |     batch  250/427   loss 0.3890  lr 1.04e-04
14:20:59 | INFO    | train.densenet121_aug |     batch  300/427   loss 0.4067  lr 1.03e-04
14:21:04 | INFO    | train.densenet121_aug |     batch  350/427   loss 0.3909  lr 1.02e-04
14:21:09 | INFO    | train.densenet121_aug |     batch  400/427   loss 0.3937  lr 1.00e-04
14:21:14 | INFO    | train.densenet121_aug | train_loss 0.3954 | val_loss 0.9654 | val_QWK 0.9050 | val_acc 0.8218 | 43s (ETA 12 min)
14:21:14 | INFO    | train.densenet121_aug |   smoothed val_qwk 0.9052 (best 0.9056) - no improvement (1/12); best raw val_qwk 0.9139 at epoch 9
14:21:14 | INFO    | train.densenet121_aug | --------------------------------------------------------------------
14:21:14 | INFO    | train.densenet121_aug | Epoch 29/45
14:21:19 | INFO    | train.densenet121_aug |     batch   50/427   loss 0.3914  lr 9.86e-05
14:21:23 | INFO    | train.densenet121_aug |     batch  100/427   loss 0.3939  lr 9.74e-05
14:21:28 | INFO    | train.densenet121_aug |     batch  150/427   loss 0.3773  lr 9.62e-05
14:21:33 | INFO    | train.densenet121_aug |     batch  200/427   loss 0.3574  lr 9.51e-05
14:21:38 | INFO    | train.densenet121_aug |     batch  250/427   loss 0.3306  lr 9.40e-05
14:21:43 | INFO    | train.densenet121_aug |     batch  300/427   loss 0.3320  lr 9.28e-05
14:21:47 | INFO    | train.densenet121_aug |     batch  350/427   loss 0.3458  lr 9.17e-05
14:21:52 | INFO    | train.densenet121_aug |     batch  400/427   loss 0.3560  lr 9.06e-05
14:21:58 | INFO    | train.densenet121_aug | train_loss 0.3656 | val_loss 0.9734 | val_QWK 0.9003 | val_acc 0.8182 | 44s (ETA 12 min)
14:21:58 | INFO    | train.densenet121_aug |   smoothed val_qwk 0.9050 (best 0.9056) - no improvement (2/12); best raw val_qwk 0.9139 at epoch 9
14:21:58 | INFO    | train.densenet121_aug | --------------------------------------------------------------------
14:21:58 | INFO    | train.densenet121_aug | Epoch 30/45
14:22:03 | INFO    | train.densenet121_aug |     batch   50/427   loss 0.2938  lr 8.88e-05
14:22:08 | INFO    | train.densenet121_aug |     batch  100/427   loss 0.3716  lr 8.77e-05
14:22:13 | INFO    | train.densenet121_aug |     batch  150/427   loss 0.3514  lr 8.65e-05
14:22:18 | INFO    | train.densenet121_aug |     batch  200/427   loss 0.3531  lr 8.55e-05
14:22:22 | INFO    | train.densenet121_aug |     batch  250/427   loss 0.3502  lr 8.43e-05
14:22:27 | INFO    | train.densenet121_aug |     batch  300/427   loss 0.3510  lr 8.32e-05
14:22:32 | INFO    | train.densenet121_aug |     batch  350/427   loss 0.3636  lr 8.22e-05
14:22:37 | INFO    | train.densenet121_aug |     batch  400/427   loss 0.3559  lr 8.10e-05
14:22:42 | INFO    | train.densenet121_aug | train_loss 0.3540 | val_loss 1.0135 | val_QWK 0.9054 | val_acc 0.8073 | 45s (ETA 11 min)
14:22:42 | INFO    | train.densenet121_aug |   smoothed val_qwk 0.9036 (best 0.9056) - no improvement (3/12); best raw val_qwk 0.9139 at epoch 9
14:22:42 | INFO    | train.densenet121_aug | --------------------------------------------------------------------
14:22:42 | INFO    | train.densenet121_aug | Epoch 31/45
14:22:47 | INFO    | train.densenet121_aug |     batch   50/427   loss 0.3319  lr 7.94e-05
14:22:52 | INFO    | train.densenet121_aug |     batch  100/427   loss 0.3631  lr 7.83e-05
14:22:57 | INFO    | train.densenet121_aug |     batch  150/427   loss 0.3673  lr 7.72e-05
14:23:02 | INFO    | train.densenet121_aug |     batch  200/427   loss 0.3573  lr 7.61e-05
14:23:07 | INFO    | train.densenet121_aug |     batch  250/427   loss 0.3557  lr 7.51e-05
14:23:12 | INFO    | train.densenet121_aug |     batch  300/427   loss 0.3658  lr 7.40e-05
14:23:16 | INFO    | train.densenet121_aug |     batch  350/427   loss 0.3608  lr 7.30e-05
14:23:21 | INFO    | train.densenet121_aug |     batch  400/427   loss 0.3593  lr 7.19e-05
14:23:26 | INFO    | train.densenet121_aug | train_loss 0.3548 | val_loss 0.9524 | val_QWK 0.9063 | val_acc 0.8109 | 44s (ETA 10 min)
14:23:26 | INFO    | train.densenet121_aug |   smoothed val_qwk 0.9040 (best 0.9056) - no improvement (4/12); best raw val_qwk 0.9139 at epoch 9
14:23:26 | INFO    | train.densenet121_aug | --------------------------------------------------------------------
14:23:26 | INFO    | train.densenet121_aug | Epoch 32/45
14:23:31 | INFO    | train.densenet121_aug |     batch   50/427   loss 0.2842  lr 7.03e-05
14:23:36 | INFO    | train.densenet121_aug |     batch  100/427   loss 0.3264  lr 6.92e-05
14:23:41 | INFO    | train.densenet121_aug |     batch  150/427   loss 0.3219  lr 6.82e-05
14:23:47 | INFO    | train.densenet121_aug |     batch  200/427   loss 0.3065  lr 6.72e-05
14:23:52 | INFO    | train.densenet121_aug |     batch  250/427   loss 0.3112  lr 6.62e-05
14:23:58 | INFO    | train.densenet121_aug |     batch  300/427   loss 0.3193  lr 6.51e-05
14:24:03 | INFO    | train.densenet121_aug |     batch  350/427   loss 0.3224  lr 6.42e-05
14:24:08 | INFO    | train.densenet121_aug |     batch  400/427   loss 0.3175  lr 6.32e-05
14:24:13 | INFO    | train.densenet121_aug | train_loss 0.3276 | val_loss 1.1195 | val_QWK 0.9081 | val_acc 0.8036 | 47s (ETA 9 min)
14:24:13 | INFO    | train.densenet121_aug | --------------------------------------------------------------------
14:24:13 | INFO    | train.densenet121_aug | Epoch 33/45
14:24:20 | INFO    | train.densenet121_aug |     batch   50/427   loss 0.2566  lr 6.16e-05
14:24:26 | INFO    | train.densenet121_aug |     batch  100/427   loss 0.2864  lr 6.06e-05
14:24:34 | INFO    | train.densenet121_aug |     batch  150/427   loss 0.2748  lr 5.96e-05
14:24:42 | INFO    | train.densenet121_aug |     batch  200/427   loss 0.2744  lr 5.87e-05
14:24:49 | INFO    | train.densenet121_aug |     batch  250/427   loss 0.2793  lr 5.77e-05
14:24:56 | INFO    | train.densenet121_aug |     batch  300/427   loss 0.2694  lr 5.67e-05
14:25:04 | INFO    | train.densenet121_aug |     batch  350/427   loss 0.2696  lr 5.58e-05
14:25:09 | INFO    | train.densenet121_aug |     batch  400/427   loss 0.2878  lr 5.49e-05
14:25:15 | INFO    | train.densenet121_aug | train_loss 0.2879 | val_loss 1.1603 | val_QWK 0.8959 | val_acc 0.8000 | 62s (ETA 9 min)
14:25:15 | INFO    | train.densenet121_aug |   smoothed val_qwk 0.9034 (best 0.9066) - no improvement (1/12); best raw val_qwk 0.9139 at epoch 9
14:25:15 | INFO    | train.densenet121_aug | --------------------------------------------------------------------
14:25:15 | INFO    | train.densenet121_aug | Epoch 34/45
14:25:20 | INFO    | train.densenet121_aug |     batch   50/427   loss 0.3800  lr 5.34e-05
14:25:27 | INFO    | train.densenet121_aug |     batch  100/427   loss 0.2897  lr 5.25e-05
14:25:32 | INFO    | train.densenet121_aug |     batch  150/427   loss 0.3102  lr 5.15e-05
14:25:38 | INFO    | train.densenet121_aug |     batch  200/427   loss 0.2974  lr 5.07e-05
14:25:43 | INFO    | train.densenet121_aug |     batch  250/427   loss 0.3162  lr 4.97e-05
14:25:49 | INFO    | train.densenet121_aug |     batch  300/427   loss 0.3127  lr 4.88e-05
14:25:56 | INFO    | train.densenet121_aug |     batch  350/427   loss 0.3081  lr 4.80e-05
14:26:01 | INFO    | train.densenet121_aug |     batch  400/427   loss 0.2913  lr 4.71e-05
14:26:07 | INFO    | train.densenet121_aug | train_loss 0.2911 | val_loss 1.1125 | val_QWK 0.9008 | val_acc 0.8218 | 51s (ETA 8 min)
14:26:07 | INFO    | train.densenet121_aug |   smoothed val_qwk 0.9016 (best 0.9066) - no improvement (2/12); best raw val_qwk 0.9139 at epoch 9
14:26:07 | INFO    | train.densenet121_aug | --------------------------------------------------------------------
14:26:07 | INFO    | train.densenet121_aug | Epoch 35/45
14:26:12 | INFO    | train.densenet121_aug |     batch   50/427   loss 0.3093  lr 4.57e-05
14:26:18 | INFO    | train.densenet121_aug |     batch  100/427   loss 0.2859  lr 4.48e-05
14:26:25 | INFO    | train.densenet121_aug |     batch  150/427   loss 0.2760  lr 4.40e-05
14:26:32 | INFO    | train.densenet121_aug |     batch  200/427   loss 0.2808  lr 4.31e-05
14:26:37 | INFO    | train.densenet121_aug |     batch  250/427   loss 0.2743  lr 4.23e-05
14:26:42 | INFO    | train.densenet121_aug |     batch  300/427   loss 0.2809  lr 4.14e-05
14:26:47 | INFO    | train.densenet121_aug |     batch  350/427   loss 0.2725  lr 4.06e-05
14:26:52 | INFO    | train.densenet121_aug |     batch  400/427   loss 0.2690  lr 3.98e-05
14:26:57 | INFO    | train.densenet121_aug | train_loss 0.2671 | val_loss 1.2694 | val_QWK 0.9007 | val_acc 0.8273 | 50s (ETA 7 min)
14:26:57 | INFO    | train.densenet121_aug |   smoothed val_qwk 0.8991 (best 0.9066) - no improvement (3/12); best raw val_qwk 0.9139 at epoch 9
14:26:57 | INFO    | train.densenet121_aug | --------------------------------------------------------------------
14:26:57 | INFO    | train.densenet121_aug | Epoch 36/45
14:27:02 | INFO    | train.densenet121_aug |     batch   50/427   loss 0.2319  lr 3.85e-05
14:27:07 | INFO    | train.densenet121_aug |     batch  100/427   loss 0.2204  lr 3.77e-05
14:27:12 | INFO    | train.densenet121_aug |     batch  150/427   loss 0.2323  lr 3.69e-05
14:27:17 | INFO    | train.densenet121_aug |     batch  200/427   loss 0.2430  lr 3.62e-05
14:27:22 | INFO    | train.densenet121_aug |     batch  250/427   loss 0.2367  lr 3.54e-05
14:27:27 | INFO    | train.densenet121_aug |     batch  300/427   loss 0.2396  lr 3.46e-05
14:27:31 | INFO    | train.densenet121_aug |     batch  350/427   loss 0.2392  lr 3.39e-05
14:27:36 | INFO    | train.densenet121_aug |     batch  400/427   loss 0.2506  lr 3.31e-05
14:27:42 | INFO    | train.densenet121_aug | train_loss 0.2483 | val_loss 1.2609 | val_QWK 0.8987 | val_acc 0.8145 | 45s (ETA 7 min)
14:27:42 | INFO    | train.densenet121_aug |   smoothed val_qwk 0.9001 (best 0.9066) - no improvement (4/12); best raw val_qwk 0.9139 at epoch 9
14:27:42 | INFO    | train.densenet121_aug | --------------------------------------------------------------------
14:27:42 | INFO    | train.densenet121_aug | Epoch 37/45
14:27:46 | INFO    | train.densenet121_aug |     batch   50/427   loss 0.2537  lr 3.20e-05
14:27:51 | INFO    | train.densenet121_aug |     batch  100/427   loss 0.2621  lr 3.12e-05
14:27:56 | INFO    | train.densenet121_aug |     batch  150/427   loss 0.2429  lr 3.05e-05
14:28:01 | INFO    | train.densenet121_aug |     batch  200/427   loss 0.2707  lr 2.98e-05
14:28:05 | INFO    | train.densenet121_aug |     batch  250/427   loss 0.2853  lr 2.91e-05
14:28:10 | INFO    | train.densenet121_aug |     batch  300/427   loss 0.2669  lr 2.84e-05
14:28:15 | INFO    | train.densenet121_aug |     batch  350/427   loss 0.2665  lr 2.77e-05
14:28:20 | INFO    | train.densenet121_aug |     batch  400/427   loss 0.2608  lr 2.70e-05
14:28:25 | INFO    | train.densenet121_aug | train_loss 0.2637 | val_loss 1.3388 | val_QWK 0.9015 | val_acc 0.8164 | 43s (ETA 6 min)
14:28:25 | INFO    | train.densenet121_aug |   smoothed val_qwk 0.9003 (best 0.9066) - no improvement (5/12); best raw val_qwk 0.9139 at epoch 9
14:28:25 | INFO    | train.densenet121_aug | --------------------------------------------------------------------
14:28:25 | INFO    | train.densenet121_aug | Epoch 38/45
14:28:30 | INFO    | train.densenet121_aug |     batch   50/427   loss 0.2581  lr 2.60e-05
14:28:35 | INFO    | train.densenet121_aug |     batch  100/427   loss 0.3015  lr 2.53e-05
14:28:39 | INFO    | train.densenet121_aug |     batch  150/427   loss 0.2776  lr 2.46e-05
14:28:44 | INFO    | train.densenet121_aug |     batch  200/427   loss 0.2818  lr 2.40e-05
14:28:49 | INFO    | train.densenet121_aug |     batch  250/427   loss 0.2645  lr 2.34e-05
14:28:54 | INFO    | train.densenet121_aug |     batch  300/427   loss 0.2533  lr 2.28e-05
14:28:59 | INFO    | train.densenet121_aug |     batch  350/427   loss 0.2506  lr 2.22e-05
14:29:03 | INFO    | train.densenet121_aug |     batch  400/427   loss 0.2436  lr 2.16e-05
14:29:08 | INFO    | train.densenet121_aug | train_loss 0.2491 | val_loss 1.2467 | val_QWK 0.9015 | val_acc 0.8055 | 43s (ETA 5 min)
14:29:08 | INFO    | train.densenet121_aug |   smoothed val_qwk 0.9006 (best 0.9066) - no improvement (6/12); best raw val_qwk 0.9139 at epoch 9
14:29:08 | INFO    | train.densenet121_aug | --------------------------------------------------------------------
14:29:08 | INFO    | train.densenet121_aug | Epoch 39/45
14:29:13 | INFO    | train.densenet121_aug |     batch   50/427   loss 0.2547  lr 2.06e-05
14:29:18 | INFO    | train.densenet121_aug |     batch  100/427   loss 0.2298  lr 2.00e-05
14:29:23 | INFO    | train.densenet121_aug |     batch  150/427   loss 0.2652  lr 1.95e-05
14:29:27 | INFO    | train.densenet121_aug |     batch  200/427   loss 0.2768  lr 1.89e-05
14:29:32 | INFO    | train.densenet121_aug |     batch  250/427   loss 0.2770  lr 1.84e-05
14:29:37 | INFO    | train.densenet121_aug |     batch  300/427   loss 0.2829  lr 1.78e-05
14:29:41 | INFO    | train.densenet121_aug |     batch  350/427   loss 0.2843  lr 1.73e-05
14:29:46 | INFO    | train.densenet121_aug |     batch  400/427   loss 0.2760  lr 1.68e-05
14:29:51 | INFO    | train.densenet121_aug | train_loss 0.2718 | val_loss 1.2892 | val_QWK 0.8941 | val_acc 0.7982 | 43s (ETA 4 min)
14:29:51 | INFO    | train.densenet121_aug |   smoothed val_qwk 0.8990 (best 0.9066) - no improvement (7/12); best raw val_qwk 0.9139 at epoch 9
14:29:51 | INFO    | train.densenet121_aug | --------------------------------------------------------------------
14:29:51 | INFO    | train.densenet121_aug | Epoch 40/45
14:29:56 | INFO    | train.densenet121_aug |     batch   50/427   loss 0.1840  lr 1.60e-05
14:30:01 | INFO    | train.densenet121_aug |     batch  100/427   loss 0.2273  lr 1.55e-05
14:30:05 | INFO    | train.densenet121_aug |     batch  150/427   loss 0.2253  lr 1.50e-05
14:30:10 | INFO    | train.densenet121_aug |     batch  200/427   loss 0.2067  lr 1.45e-05
14:30:15 | INFO    | train.densenet121_aug |     batch  250/427   loss 0.1963  lr 1.40e-05
14:30:19 | INFO    | train.densenet121_aug |     batch  300/427   loss 0.1908  lr 1.35e-05
14:30:24 | INFO    | train.densenet121_aug |     batch  350/427   loss 0.1999  lr 1.31e-05
14:30:29 | INFO    | train.densenet121_aug |     batch  400/427   loss 0.2186  lr 1.27e-05
14:30:34 | INFO    | train.densenet121_aug | train_loss 0.2154 | val_loss 1.3931 | val_QWK 0.9099 | val_acc 0.8236 | 43s (ETA 4 min)
14:30:34 | INFO    | train.densenet121_aug |   smoothed val_qwk 0.9018 (best 0.9066) - no improvement (8/12); best raw val_qwk 0.9139 at epoch 9
14:30:34 | INFO    | train.densenet121_aug | --------------------------------------------------------------------
14:30:34 | INFO    | train.densenet121_aug | Epoch 41/45
14:30:39 | INFO    | train.densenet121_aug |     batch   50/427   loss 0.2730  lr 1.20e-05
14:30:44 | INFO    | train.densenet121_aug |     batch  100/427   loss 0.2543  lr 1.16e-05
14:30:49 | INFO    | train.densenet121_aug |     batch  150/427   loss 0.2478  lr 1.11e-05
14:30:54 | INFO    | train.densenet121_aug |     batch  200/427   loss 0.2322  lr 1.08e-05
14:30:58 | INFO    | train.densenet121_aug |     batch  250/427   loss 0.2257  lr 1.04e-05
14:31:03 | INFO    | train.densenet121_aug |     batch  300/427   loss 0.2095  lr 9.97e-06
14:31:08 | INFO    | train.densenet121_aug |     batch  350/427   loss 0.2039  lr 9.61e-06
14:31:13 | INFO    | train.densenet121_aug |     batch  400/427   loss 0.2056  lr 9.25e-06
14:31:18 | INFO    | train.densenet121_aug | train_loss 0.2031 | val_loss 1.2461 | val_QWK 0.9051 | val_acc 0.8145 | 44s (ETA 3 min)
14:31:18 | INFO    | train.densenet121_aug |   smoothed val_qwk 0.9030 (best 0.9066) - no improvement (9/12); best raw val_qwk 0.9139 at epoch 9
14:31:18 | INFO    | train.densenet121_aug | --------------------------------------------------------------------
14:31:18 | INFO    | train.densenet121_aug | Epoch 42/45
14:31:23 | INFO    | train.densenet121_aug |     batch   50/427   loss 0.2551  lr 8.71e-06
14:31:27 | INFO    | train.densenet121_aug |     batch  100/427   loss 0.2029  lr 8.37e-06
14:31:32 | INFO    | train.densenet121_aug |     batch  150/427   loss 0.1824  lr 8.03e-06
14:31:37 | INFO    | train.densenet121_aug |     batch  200/427   loss 0.2137  lr 7.73e-06
14:31:43 | INFO    | train.densenet121_aug |     batch  250/427   loss 0.2270  lr 7.42e-06
14:31:47 | INFO    | train.densenet121_aug |     batch  300/427   loss 0.2270  lr 7.12e-06
14:31:52 | INFO    | train.densenet121_aug |     batch  350/427   loss 0.2376  lr 6.85e-06
14:31:57 | INFO    | train.densenet121_aug |     batch  400/427   loss 0.2345  lr 6.57e-06
14:32:02 | INFO    | train.densenet121_aug | train_loss 0.2387 | val_loss 1.4178 | val_QWK 0.9017 | val_acc 0.8218 | 44s (ETA 2 min)
14:32:02 | INFO    | train.densenet121_aug |   smoothed val_qwk 0.9056 (best 0.9066) - no improvement (10/12); best raw val_qwk 0.9139 at epoch 9
14:32:02 | INFO    | train.densenet121_aug | --------------------------------------------------------------------
14:32:02 | INFO    | train.densenet121_aug | Epoch 43/45
14:32:07 | INFO    | train.densenet121_aug |     batch   50/427   loss 0.1943  lr 6.16e-06
14:32:11 | INFO    | train.densenet121_aug |     batch  100/427   loss 0.2091  lr 5.91e-06
14:32:16 | INFO    | train.densenet121_aug |     batch  150/427   loss 0.1968  lr 5.66e-06
14:32:21 | INFO    | train.densenet121_aug |     batch  200/427   loss 0.1863  lr 5.45e-06
14:32:26 | INFO    | train.densenet121_aug |     batch  250/427   loss 0.2022  lr 5.22e-06
14:32:31 | INFO    | train.densenet121_aug |     batch  300/427   loss 0.2061  lr 5.01e-06
14:32:35 | INFO    | train.densenet121_aug |     batch  350/427   loss 0.2034  lr 4.82e-06
14:32:40 | INFO    | train.densenet121_aug |     batch  400/427   loss 0.2024  lr 4.63e-06
14:32:46 | INFO    | train.densenet121_aug | train_loss 0.2002 | val_loss 1.2042 | val_QWK 0.9052 | val_acc 0.8255 | 44s (ETA 1 min)
14:32:46 | INFO    | train.densenet121_aug |   smoothed val_qwk 0.9040 (best 0.9066) - no improvement (11/12); best raw val_qwk 0.9139 at epoch 9
14:32:46 | INFO    | train.densenet121_aug | --------------------------------------------------------------------
14:32:46 | INFO    | train.densenet121_aug | Epoch 44/45
14:32:50 | INFO    | train.densenet121_aug |     batch   50/427   loss 0.2448  lr 4.36e-06
14:32:55 | INFO    | train.densenet121_aug |     batch  100/427   loss 0.2295  lr 4.19e-06
14:33:00 | INFO    | train.densenet121_aug |     batch  150/427   loss 0.2161  lr 4.04e-06
14:33:04 | INFO    | train.densenet121_aug |     batch  200/427   loss 0.2004  lr 3.90e-06
14:33:09 | INFO    | train.densenet121_aug |     batch  250/427   loss 0.2082  lr 3.77e-06
14:33:14 | INFO    | train.densenet121_aug |     batch  300/427   loss 0.2120  lr 3.65e-06
14:33:18 | INFO    | train.densenet121_aug |     batch  350/427   loss 0.2102  lr 3.54e-06
14:33:23 | INFO    | train.densenet121_aug |     batch  400/427   loss 0.2047  lr 3.44e-06
14:33:28 | INFO    | train.densenet121_aug | train_loss 0.2134 | val_loss 1.3130 | val_QWK 0.9038 | val_acc 0.8164 | 42s (ETA 1 min)
14:33:28 | INFO    | train.densenet121_aug |   smoothed val_qwk 0.9036 (best 0.9066) - no improvement (12/12); best raw val_qwk 0.9139 at epoch 9
14:33:28 | INFO    | train.densenet121_aug | Early stopping: 12 epochs without improvement in the 3-epoch moving average.
14:33:28 | INFO    | train.densenet121_aug | ====================================================================
14:33:28 | INFO    | train.densenet121_aug | Finished densenet121_aug in 32.6 min (44 epochs, mean 44s/epoch)
14:33:28 | INFO    | train.densenet121_aug | Best val_qwk = 0.9139 at epoch 9
14:33:28 | INFO    | train.densenet121_aug | Validation metrics at the best epoch:
  samples            : 550
  QWK                : 0.9139   <-- headline metric
  accuracy           : 0.7945
  balanced accuracy  : 0.6787
  macro F1           : 0.6529
  macro ROC-AUC      : 0.9456
  per-class recall   :
      0 No DR              recall 0.993  (n=271)
      1 Mild               recall 0.536  (n=56)
      2 Moderate           recall 0.640  (n=150)
      3 Severe             recall 0.793  (n=29)
      4 Proliferative DR   recall 0.432  (n=44)
14:33:28 | INFO    | train.densenet121_aug | Artefacts in: C:\Users\ishra\Downloads\dr_project\dr_project\experiments\densenet121_aug
14:33:28 | INFO    | train.densenet121_aug | ====================================================================
