15:08:26 | INFO    | train.densenet121_ordinal_aug | ====================================================================
15:08:26 | INFO    | train.densenet121_ordinal_aug |   RUN: densenet121_ordinal_aug
15:08:26 | INFO    | train.densenet121_ordinal_aug | ====================================================================
15:08:28 | INFO    | train.densenet121_ordinal_aug | Device: NVIDIA GeForce RTX 3050 6GB Laptop GPU (6.4 GB VRAM)
15:08:28 | INFO    | train.densenet121_ordinal_aug | Mixed precision (AMP): True
15:08:28 | INFO    | train.densenet121_ordinal_aug | Train: 2562 images (2562 from cache) | Val: 550 images (550 from cache)
15:08:28 | INFO    | train.densenet121_ordinal_aug | Train class counts: [1263, 258, 699, 135, 207]
15:08:28 | INFO    | train.densenet121_ordinal_aug | Split fingerprint: 415bcc1c575a
15:08:28 | INFO    | train.densenet121_ordinal_aug | Head: ordinal (1 output)
15:08:30 | INFO    | train.densenet121_ordinal_aug | Model:
  backbone   : densenet121
  parameters : 6,954,881 total | 6,954,881 trainable
  note       : Dense connectivity, heavy feature reuse (~8M params)
15:08:30 | INFO    | train.densenet121_ordinal_aug | Forward check passed: output shape (2, 1)
15:08:31 | INFO    | train.densenet121_ordinal_aug | Weighted cross-entropy, weights from the TRAIN split:
15:08:31 | INFO    | train.densenet121_ordinal_aug |     No DR              0.2159
15:08:31 | INFO    | train.densenet121_ordinal_aug |     Mild               1.0569
15:08:31 | INFO    | train.densenet121_ordinal_aug |     Moderate           0.3901
15:08:31 | INFO    | train.densenet121_ordinal_aug |     Severe             2.0198
15:08:31 | INFO    | train.densenet121_ordinal_aug |     Proliferative DR   1.3173
15:08:31 | INFO    | train.densenet121_ordinal_aug | Ordinal head: Smooth L1 regression loss (beta=1.00), thresholds fitted on validation each epoch.
15:08:31 | INFO    | train.densenet121_ordinal_aug | Epochs 45 | batch 6 x accum 3 = effective 18 | 143 optimiser steps/epoch
15:08:31 | INFO    | train.densenet121_ordinal_aug | --------------------------------------------------------------------
15:08:31 | INFO    | train.densenet121_ordinal_aug | Epoch 1/45
15:08:47 | INFO    | train.densenet121_ordinal_aug |     batch   50/427   loss 0.8539  lr 3.36e-05
15:08:52 | INFO    | train.densenet121_ordinal_aug |     batch  100/427   loss 0.7277  lr 6.92e-05
15:08:57 | INFO    | train.densenet121_ordinal_aug |     batch  150/427   loss 0.6035  lr 1.05e-04
15:09:02 | INFO    | train.densenet121_ordinal_aug |     batch  200/427   loss 0.5228  lr 1.38e-04
15:09:06 | INFO    | train.densenet121_ordinal_aug |     batch  250/427   loss 0.4635  lr 1.74e-04
15:09:11 | INFO    | train.densenet121_ordinal_aug |     batch  300/427   loss 0.4253  lr 2.10e-04
15:09:16 | INFO    | train.densenet121_ordinal_aug |     batch  350/427   loss 0.3941  lr 2.43e-04
15:09:20 | INFO    | train.densenet121_ordinal_aug |     batch  400/427   loss 0.3742  lr 2.79e-04
15:09:31 | INFO    | train.densenet121_ordinal_aug | Thresholds fitted on validation:
  naive thresholds  [0.5, 1.5, 2.5, 3.5]  ->  QWK 0.7708
  fitted thresholds [0.666, 1.082, 1.587, 3.4]  ->  QWK 0.8318   (+0.0610)
  converged in 2 round(s)
15:09:31 | INFO    | train.densenet121_ordinal_aug | train_loss 0.3663 | val_loss 0.2348 | val_QWK 0.8318 | val_acc 0.5927 | 60s (ETA 44 min)
15:09:31 | INFO    | train.densenet121_ordinal_aug |   new best val_qwk = 0.8318 (+0.8318) - saving best.pt
15:09:31 | INFO    | train.densenet121_ordinal_aug | --------------------------------------------------------------------
15:09:31 | INFO    | train.densenet121_ordinal_aug | Epoch 2/45
15:09:36 | INFO    | train.densenet121_ordinal_aug |     batch   50/427   loss 0.2612  lr 3.00e-04
15:09:41 | INFO    | train.densenet121_ordinal_aug |     batch  100/427   loss 0.2383  lr 3.00e-04
15:09:45 | INFO    | train.densenet121_ordinal_aug |     batch  150/427   loss 0.2297  lr 3.00e-04
15:09:50 | INFO    | train.densenet121_ordinal_aug |     batch  200/427   loss 0.2277  lr 3.00e-04
15:09:55 | INFO    | train.densenet121_ordinal_aug |     batch  250/427   loss 0.2335  lr 3.00e-04
15:10:00 | INFO    | train.densenet121_ordinal_aug |     batch  300/427   loss 0.2311  lr 3.00e-04
15:10:04 | INFO    | train.densenet121_ordinal_aug |     batch  350/427   loss 0.2386  lr 3.00e-04
15:10:09 | INFO    | train.densenet121_ordinal_aug |     batch  400/427   loss 0.2314  lr 3.00e-04
15:10:15 | INFO    | train.densenet121_ordinal_aug | Thresholds fitted on validation:
  naive thresholds  [0.5, 1.5, 2.5, 3.5]  ->  QWK 0.8214
  fitted thresholds [0.601, 1.368, 3.178, 4.823]  ->  QWK 0.8617   (+0.0403)
  converged in 2 round(s)
15:10:15 | INFO    | train.densenet121_ordinal_aug | train_loss 0.2281 | val_loss 0.3071 | val_QWK 0.8617 | val_acc 0.7236 | 44s (ETA 37 min)
15:10:15 | INFO    | train.densenet121_ordinal_aug |   new best val_qwk = 0.8617 (+0.0299) - saving best.pt
15:10:15 | INFO    | train.densenet121_ordinal_aug | --------------------------------------------------------------------
15:10:15 | INFO    | train.densenet121_ordinal_aug | Epoch 3/45
15:10:19 | INFO    | train.densenet121_ordinal_aug |     batch   50/427   loss 0.1649  lr 3.00e-04
15:10:24 | INFO    | train.densenet121_ordinal_aug |     batch  100/427   loss 0.1961  lr 2.99e-04
15:10:29 | INFO    | train.densenet121_ordinal_aug |     batch  150/427   loss 0.2054  lr 2.99e-04
15:10:34 | INFO    | train.densenet121_ordinal_aug |     batch  200/427   loss 0.2095  lr 2.99e-04
15:10:39 | INFO    | train.densenet121_ordinal_aug |     batch  250/427   loss 0.1977  lr 2.99e-04
15:10:44 | INFO    | train.densenet121_ordinal_aug |     batch  300/427   loss 0.1931  lr 2.99e-04
15:10:48 | INFO    | train.densenet121_ordinal_aug |     batch  350/427   loss 0.1985  lr 2.99e-04
15:10:53 | INFO    | train.densenet121_ordinal_aug |     batch  400/427   loss 0.2027  lr 2.99e-04
15:10:59 | INFO    | train.densenet121_ordinal_aug | Thresholds fitted on validation:
  naive thresholds  [0.5, 1.5, 2.5, 3.5]  ->  QWK 0.7861
  fitted thresholds [0.789, 1.452, 2.19, 3.443]  ->  QWK 0.8453   (+0.0592)
  converged in 3 round(s)
15:10:59 | INFO    | train.densenet121_ordinal_aug | train_loss 0.2069 | val_loss 0.1973 | val_QWK 0.8453 | val_acc 0.6527 | 44s (ETA 35 min)
15:10:59 | INFO    | train.densenet121_ordinal_aug |   smoothed val_qwk 0.8463 (best 0.8468) - no improvement (1/12); best raw val_qwk 0.8617 at epoch 2
15:10:59 | INFO    | train.densenet121_ordinal_aug | --------------------------------------------------------------------
15:10:59 | INFO    | train.densenet121_ordinal_aug | Epoch 4/45
15:11:04 | INFO    | train.densenet121_ordinal_aug |     batch   50/427   loss 0.1570  lr 2.98e-04
15:11:09 | INFO    | train.densenet121_ordinal_aug |     batch  100/427   loss 0.1695  lr 2.98e-04
15:11:13 | INFO    | train.densenet121_ordinal_aug |     batch  150/427   loss 0.1620  lr 2.98e-04
15:11:18 | INFO    | train.densenet121_ordinal_aug |     batch  200/427   loss 0.1681  lr 2.98e-04
15:11:23 | INFO    | train.densenet121_ordinal_aug |     batch  250/427   loss 0.1677  lr 2.98e-04
15:11:28 | INFO    | train.densenet121_ordinal_aug |     batch  300/427   loss 0.1732  lr 2.97e-04
15:11:32 | INFO    | train.densenet121_ordinal_aug |     batch  350/427   loss 0.1752  lr 2.97e-04
15:11:37 | INFO    | train.densenet121_ordinal_aug |     batch  400/427   loss 0.1809  lr 2.97e-04
15:11:43 | INFO    | train.densenet121_ordinal_aug | Thresholds fitted on validation:
  naive thresholds  [0.5, 1.5, 2.5, 3.5]  ->  QWK 0.8655
  fitted thresholds [0.734, 1.287, 2.54, 4.9]  ->  QWK 0.8947   (+0.0292)
  converged in 2 round(s)
15:11:43 | INFO    | train.densenet121_ordinal_aug | train_loss 0.1804 | val_loss 0.2065 | val_QWK 0.8947 | val_acc 0.7018 | 44s (ETA 33 min)
15:11:43 | INFO    | train.densenet121_ordinal_aug |   new best val_qwk = 0.8947 (+0.0330) - saving best.pt
15:11:43 | INFO    | train.densenet121_ordinal_aug | --------------------------------------------------------------------
15:11:43 | INFO    | train.densenet121_ordinal_aug | Epoch 5/45
15:11:48 | INFO    | train.densenet121_ordinal_aug |     batch   50/427   loss 0.1362  lr 2.96e-04
15:11:53 | INFO    | train.densenet121_ordinal_aug |     batch  100/427   loss 0.1626  lr 2.96e-04
15:11:58 | INFO    | train.densenet121_ordinal_aug |     batch  150/427   loss 0.1759  lr 2.96e-04
15:12:02 | INFO    | train.densenet121_ordinal_aug |     batch  200/427   loss 0.1662  lr 2.96e-04
15:12:07 | INFO    | train.densenet121_ordinal_aug |     batch  250/427   loss 0.1695  lr 2.95e-04
15:12:12 | INFO    | train.densenet121_ordinal_aug |     batch  300/427   loss 0.1698  lr 2.95e-04
15:12:17 | INFO    | train.densenet121_ordinal_aug |     batch  350/427   loss 0.1688  lr 2.95e-04
15:12:21 | INFO    | train.densenet121_ordinal_aug |     batch  400/427   loss 0.1659  lr 2.94e-04
15:12:27 | INFO    | train.densenet121_ordinal_aug | Thresholds fitted on validation:
  naive thresholds  [0.5, 1.5, 2.5, 3.5]  ->  QWK 0.8512
  fitted thresholds [0.326, 0.942, 2.088, 3.805]  ->  QWK 0.8901   (+0.0389)
  converged in 2 round(s)
15:12:27 | INFO    | train.densenet121_ordinal_aug | train_loss 0.1629 | val_loss 0.1706 | val_QWK 0.8901 | val_acc 0.7000 | 44s (ETA 31 min)
15:12:27 | INFO    | train.densenet121_ordinal_aug | --------------------------------------------------------------------
15:12:27 | INFO    | train.densenet121_ordinal_aug | Epoch 6/45
15:12:32 | INFO    | train.densenet121_ordinal_aug |     batch   50/427   loss 0.1795  lr 2.94e-04
15:12:37 | INFO    | train.densenet121_ordinal_aug |     batch  100/427   loss 0.1606  lr 2.93e-04
15:12:41 | INFO    | train.densenet121_ordinal_aug |     batch  150/427   loss 0.1700  lr 2.93e-04
15:12:46 | INFO    | train.densenet121_ordinal_aug |     batch  200/427   loss 0.1699  lr 2.93e-04
15:12:51 | INFO    | train.densenet121_ordinal_aug |     batch  250/427   loss 0.1660  lr 2.92e-04
15:12:55 | INFO    | train.densenet121_ordinal_aug |     batch  300/427   loss 0.1671  lr 2.92e-04
15:13:00 | INFO    | train.densenet121_ordinal_aug |     batch  350/427   loss 0.1677  lr 2.91e-04
15:13:05 | INFO    | train.densenet121_ordinal_aug |     batch  400/427   loss 0.1715  lr 2.91e-04
15:13:11 | INFO    | train.densenet121_ordinal_aug | Thresholds fitted on validation:
  naive thresholds  [0.5, 1.5, 2.5, 3.5]  ->  QWK 0.8865
  fitted thresholds [0.773, 1.455, 2.532, 3.824]  ->  QWK 0.9014   (+0.0149)
  converged in 2 round(s)
15:13:11 | INFO    | train.densenet121_ordinal_aug | train_loss 0.1704 | val_loss 0.1506 | val_QWK 0.9014 | val_acc 0.7455 | 44s (ETA 30 min)
15:13:11 | INFO    | train.densenet121_ordinal_aug |   new best val_qwk = 0.9014 (+0.0067) - saving best.pt
15:13:11 | INFO    | train.densenet121_ordinal_aug | --------------------------------------------------------------------
15:13:11 | INFO    | train.densenet121_ordinal_aug | Epoch 7/45
15:13:15 | INFO    | train.densenet121_ordinal_aug |     batch   50/427   loss 0.1428  lr 2.90e-04
15:13:21 | INFO    | train.densenet121_ordinal_aug |     batch  100/427   loss 0.1600  lr 2.90e-04
15:13:25 | INFO    | train.densenet121_ordinal_aug |     batch  150/427   loss 0.1566  lr 2.89e-04
15:13:30 | INFO    | train.densenet121_ordinal_aug |     batch  200/427   loss 0.1544  lr 2.89e-04
15:13:35 | INFO    | train.densenet121_ordinal_aug |     batch  250/427   loss 0.1511  lr 2.88e-04
15:13:39 | INFO    | train.densenet121_ordinal_aug |     batch  300/427   loss 0.1560  lr 2.88e-04
15:13:44 | INFO    | train.densenet121_ordinal_aug |     batch  350/427   loss 0.1559  lr 2.87e-04
15:13:49 | INFO    | train.densenet121_ordinal_aug |     batch  400/427   loss 0.1566  lr 2.87e-04
15:13:55 | INFO    | train.densenet121_ordinal_aug | Thresholds fitted on validation:
  naive thresholds  [0.5, 1.5, 2.5, 3.5]  ->  QWK 0.8651
  fitted thresholds [1.033, 1.448, 2.655, 3.976]  ->  QWK 0.8948   (+0.0297)
  converged in 2 round(s)
15:13:55 | INFO    | train.densenet121_ordinal_aug | train_loss 0.1558 | val_loss 0.1916 | val_QWK 0.8948 | val_acc 0.7127 | 44s (ETA 29 min)
15:13:55 | INFO    | train.densenet121_ordinal_aug | --------------------------------------------------------------------
15:13:55 | INFO    | train.densenet121_ordinal_aug | Epoch 8/45
15:14:00 | INFO    | train.densenet121_ordinal_aug |     batch   50/427   loss 0.0931  lr 2.86e-04
15:14:04 | INFO    | train.densenet121_ordinal_aug |     batch  100/427   loss 0.1266  lr 2.86e-04
15:14:09 | INFO    | train.densenet121_ordinal_aug |     batch  150/427   loss 0.1400  lr 2.85e-04
15:14:14 | INFO    | train.densenet121_ordinal_aug |     batch  200/427   loss 0.1373  lr 2.85e-04
15:14:19 | INFO    | train.densenet121_ordinal_aug |     batch  250/427   loss 0.1414  lr 2.84e-04
15:14:24 | INFO    | train.densenet121_ordinal_aug |     batch  300/427   loss 0.1397  lr 2.83e-04
15:14:29 | INFO    | train.densenet121_ordinal_aug |     batch  350/427   loss 0.1432  lr 2.83e-04
15:14:34 | INFO    | train.densenet121_ordinal_aug |     batch  400/427   loss 0.1399  lr 2.82e-04
15:14:39 | INFO    | train.densenet121_ordinal_aug | Thresholds fitted on validation:
  naive thresholds  [0.5, 1.5, 2.5, 3.5]  ->  QWK 0.8738
  fitted thresholds [1.1, 1.148, 2.636, 4.413]  ->  QWK 0.9018   (+0.0280)
  converged in 2 round(s)
15:14:39 | INFO    | train.densenet121_ordinal_aug | train_loss 0.1396 | val_loss 0.1989 | val_QWK 0.9018 | val_acc 0.7236 | 45s (ETA 28 min)
15:14:39 | INFO    | train.densenet121_ordinal_aug |   new best val_qwk = 0.9018 (+0.0004) - saving best.pt
15:14:39 | INFO    | train.densenet121_ordinal_aug | --------------------------------------------------------------------
15:14:39 | INFO    | train.densenet121_ordinal_aug | Epoch 9/45
15:14:44 | INFO    | train.densenet121_ordinal_aug |     batch   50/427   loss 0.1186  lr 2.81e-04
15:14:49 | INFO    | train.densenet121_ordinal_aug |     batch  100/427   loss 0.1192  lr 2.81e-04
15:14:54 | INFO    | train.densenet121_ordinal_aug |     batch  150/427   loss 0.1240  lr 2.80e-04
15:14:59 | INFO    | train.densenet121_ordinal_aug |     batch  200/427   loss 0.1319  lr 2.79e-04
15:15:04 | INFO    | train.densenet121_ordinal_aug |     batch  250/427   loss 0.1317  lr 2.79e-04
15:15:08 | INFO    | train.densenet121_ordinal_aug |     batch  300/427   loss 0.1323  lr 2.78e-04
15:15:13 | INFO    | train.densenet121_ordinal_aug |     batch  350/427   loss 0.1377  lr 2.78e-04
15:15:18 | INFO    | train.densenet121_ordinal_aug |     batch  400/427   loss 0.1371  lr 2.77e-04
15:15:24 | INFO    | train.densenet121_ordinal_aug | Thresholds fitted on validation:
  naive thresholds  [0.5, 1.5, 2.5, 3.5]  ->  QWK 0.8334
  fitted thresholds [1.173, 1.767, 3.441, 5.816]  ->  QWK 0.8964   (+0.0630)
  converged in 3 round(s)
15:15:24 | INFO    | train.densenet121_ordinal_aug | train_loss 0.1381 | val_loss 0.3625 | val_QWK 0.8964 | val_acc 0.7327 | 45s (ETA 28 min)
15:15:24 | INFO    | train.densenet121_ordinal_aug |   smoothed val_qwk 0.8977 (best 0.8993) - no improvement (1/12); best raw val_qwk 0.9018 at epoch 8
15:15:24 | INFO    | train.densenet121_ordinal_aug | --------------------------------------------------------------------
15:15:24 | INFO    | train.densenet121_ordinal_aug | Epoch 10/45
15:15:29 | INFO    | train.densenet121_ordinal_aug |     batch   50/427   loss 0.1700  lr 2.76e-04
15:15:34 | INFO    | train.densenet121_ordinal_aug |     batch  100/427   loss 0.1615  lr 2.75e-04
15:15:39 | INFO    | train.densenet121_ordinal_aug |     batch  150/427   loss 0.1560  lr 2.74e-04
15:15:44 | INFO    | train.densenet121_ordinal_aug |     batch  200/427   loss 0.1472  lr 2.74e-04
15:15:48 | INFO    | train.densenet121_ordinal_aug |     batch  250/427   loss 0.1381  lr 2.73e-04
15:15:53 | INFO    | train.densenet121_ordinal_aug |     batch  300/427   loss 0.1366  lr 2.72e-04
15:15:58 | INFO    | train.densenet121_ordinal_aug |     batch  350/427   loss 0.1344  lr 2.72e-04
15:16:02 | INFO    | train.densenet121_ordinal_aug |     batch  400/427   loss 0.1359  lr 2.71e-04
15:16:08 | INFO    | train.densenet121_ordinal_aug | Thresholds fitted on validation:
  naive thresholds  [0.5, 1.5, 2.5, 3.5]  ->  QWK 0.8758
  fitted thresholds [0.577, 1.111, 2.18, 2.938]  ->  QWK 0.9044   (+0.0286)
  converged in 2 round(s)
15:16:08 | INFO    | train.densenet121_ordinal_aug | train_loss 0.1356 | val_loss 0.1611 | val_QWK 0.9044 | val_acc 0.7400 | 44s (ETA 27 min)
15:16:08 | INFO    | train.densenet121_ordinal_aug |   new best val_qwk = 0.9044 (+0.0026) - saving best.pt
15:16:08 | INFO    | train.densenet121_ordinal_aug | --------------------------------------------------------------------
15:16:08 | INFO    | train.densenet121_ordinal_aug | Epoch 11/45
15:16:13 | INFO    | train.densenet121_ordinal_aug |     batch   50/427   loss 0.1130  lr 2.70e-04
15:16:18 | INFO    | train.densenet121_ordinal_aug |     batch  100/427   loss 0.1094  lr 2.69e-04
15:16:23 | INFO    | train.densenet121_ordinal_aug |     batch  150/427   loss 0.1223  lr 2.68e-04
15:16:27 | INFO    | train.densenet121_ordinal_aug |     batch  200/427   loss 0.1261  lr 2.67e-04
15:16:32 | INFO    | train.densenet121_ordinal_aug |     batch  250/427   loss 0.1202  lr 2.67e-04
15:16:37 | INFO    | train.densenet121_ordinal_aug |     batch  300/427   loss 0.1208  lr 2.66e-04
15:16:42 | INFO    | train.densenet121_ordinal_aug |     batch  350/427   loss 0.1295  lr 2.65e-04
15:16:46 | INFO    | train.densenet121_ordinal_aug |     batch  400/427   loss 0.1316  lr 2.64e-04
15:16:52 | INFO    | train.densenet121_ordinal_aug | Thresholds fitted on validation:
  naive thresholds  [0.5, 1.5, 2.5, 3.5]  ->  QWK 0.8734
  fitted thresholds [1.053, 1.777, 3.012, 3.609]  ->  QWK 0.8957   (+0.0223)
  converged in 3 round(s)
15:16:52 | INFO    | train.densenet121_ordinal_aug | train_loss 0.1313 | val_loss 0.1524 | val_QWK 0.8957 | val_acc 0.7818 | 44s (ETA 26 min)
15:16:52 | INFO    | train.densenet121_ordinal_aug |   smoothed val_qwk 0.8988 (best 0.9009) - no improvement (1/12); best raw val_qwk 0.9044 at epoch 10
15:16:52 | INFO    | train.densenet121_ordinal_aug | --------------------------------------------------------------------
15:16:52 | INFO    | train.densenet121_ordinal_aug | Epoch 12/45
15:16:57 | INFO    | train.densenet121_ordinal_aug |     batch   50/427   loss 0.1298  lr 2.63e-04
15:17:02 | INFO    | train.densenet121_ordinal_aug |     batch  100/427   loss 0.1281  lr 2.62e-04
15:17:06 | INFO    | train.densenet121_ordinal_aug |     batch  150/427   loss 0.1233  lr 2.61e-04
15:17:11 | INFO    | train.densenet121_ordinal_aug |     batch  200/427   loss 0.1187  lr 2.61e-04
15:17:16 | INFO    | train.densenet121_ordinal_aug |     batch  250/427   loss 0.1183  lr 2.60e-04
15:17:21 | INFO    | train.densenet121_ordinal_aug |     batch  300/427   loss 0.1172  lr 2.59e-04
15:17:25 | INFO    | train.densenet121_ordinal_aug |     batch  350/427   loss 0.1214  lr 2.58e-04
15:17:30 | INFO    | train.densenet121_ordinal_aug |     batch  400/427   loss 0.1222  lr 2.57e-04
15:17:36 | INFO    | train.densenet121_ordinal_aug | Thresholds fitted on validation:
  naive thresholds  [0.5, 1.5, 2.5, 3.5]  ->  QWK 0.8855
  fitted thresholds [0.801, 1.631, 2.668, 3.844]  ->  QWK 0.9107   (+0.0252)
  converged in 3 round(s)
15:17:36 | INFO    | train.densenet121_ordinal_aug | train_loss 0.1241 | val_loss 0.1879 | val_QWK 0.9107 | val_acc 0.7636 | 44s (ETA 25 min)
15:17:36 | INFO    | train.densenet121_ordinal_aug |   new best val_qwk = 0.9107 (+0.0063) - saving best.pt
15:17:36 | INFO    | train.densenet121_ordinal_aug | --------------------------------------------------------------------
15:17:36 | INFO    | train.densenet121_ordinal_aug | Epoch 13/45
15:17:41 | INFO    | train.densenet121_ordinal_aug |     batch   50/427   loss 0.1354  lr 2.56e-04
15:17:46 | INFO    | train.densenet121_ordinal_aug |     batch  100/427   loss 0.1248  lr 2.55e-04
15:17:51 | INFO    | train.densenet121_ordinal_aug |     batch  150/427   loss 0.1266  lr 2.54e-04
15:17:55 | INFO    | train.densenet121_ordinal_aug |     batch  200/427   loss 0.1301  lr 2.53e-04
15:18:00 | INFO    | train.densenet121_ordinal_aug |     batch  250/427   loss 0.1269  lr 2.52e-04
15:18:05 | INFO    | train.densenet121_ordinal_aug |     batch  300/427   loss 0.1254  lr 2.51e-04
15:18:10 | INFO    | train.densenet121_ordinal_aug |     batch  350/427   loss 0.1211  lr 2.50e-04
15:18:15 | INFO    | train.densenet121_ordinal_aug |     batch  400/427   loss 0.1207  lr 2.49e-04
15:18:20 | INFO    | train.densenet121_ordinal_aug | Thresholds fitted on validation:
  naive thresholds  [0.5, 1.5, 2.5, 3.5]  ->  QWK 0.8548
  fitted thresholds [0.879, 1.199, 2.21, 3.062]  ->  QWK 0.8973   (+0.0425)
  converged in 2 round(s)
15:18:20 | INFO    | train.densenet121_ordinal_aug | train_loss 0.1195 | val_loss 0.1675 | val_QWK 0.8973 | val_acc 0.7582 | 44s (ETA 24 min)
15:18:20 | INFO    | train.densenet121_ordinal_aug |   smoothed val_qwk 0.9012 (best 0.9036) - no improvement (1/12); best raw val_qwk 0.9107 at epoch 12
15:18:20 | INFO    | train.densenet121_ordinal_aug | --------------------------------------------------------------------
15:18:20 | INFO    | train.densenet121_ordinal_aug | Epoch 14/45
15:18:25 | INFO    | train.densenet121_ordinal_aug |     batch   50/427   loss 0.1371  lr 2.48e-04
15:18:30 | INFO    | train.densenet121_ordinal_aug |     batch  100/427   loss 0.1425  lr 2.47e-04
15:18:35 | INFO    | train.densenet121_ordinal_aug |     batch  150/427   loss 0.1447  lr 2.46e-04
15:18:40 | INFO    | train.densenet121_ordinal_aug |     batch  200/427   loss 0.1345  lr 2.45e-04
15:18:45 | INFO    | train.densenet121_ordinal_aug |     batch  250/427   loss 0.1257  lr 2.44e-04
15:18:50 | INFO    | train.densenet121_ordinal_aug |     batch  300/427   loss 0.1238  lr 2.43e-04
15:18:54 | INFO    | train.densenet121_ordinal_aug |     batch  350/427   loss 0.1234  lr 2.42e-04
15:18:59 | INFO    | train.densenet121_ordinal_aug |     batch  400/427   loss 0.1209  lr 2.41e-04
15:19:05 | INFO    | train.densenet121_ordinal_aug | Thresholds fitted on validation:
  naive thresholds  [0.5, 1.5, 2.5, 3.5]  ->  QWK 0.8871
  fitted thresholds [0.578, 1.118, 2.486, 3.5]  ->  QWK 0.9081   (+0.0210)
  converged in 2 round(s)
15:19:05 | INFO    | train.densenet121_ordinal_aug | train_loss 0.1191 | val_loss 0.1620 | val_QWK 0.9081 | val_acc 0.7982 | 45s (ETA 23 min)
15:19:05 | INFO    | train.densenet121_ordinal_aug | --------------------------------------------------------------------
15:19:05 | INFO    | train.densenet121_ordinal_aug | Epoch 15/45
15:19:10 | INFO    | train.densenet121_ordinal_aug |     batch   50/427   loss 0.1178  lr 2.40e-04
15:19:15 | INFO    | train.densenet121_ordinal_aug |     batch  100/427   loss 0.1169  lr 2.39e-04
15:19:20 | INFO    | train.densenet121_ordinal_aug |     batch  150/427   loss 0.1160  lr 2.38e-04
15:19:25 | INFO    | train.densenet121_ordinal_aug |     batch  200/427   loss 0.1193  lr 2.37e-04
15:19:29 | INFO    | train.densenet121_ordinal_aug |     batch  250/427   loss 0.1154  lr 2.36e-04
15:19:34 | INFO    | train.densenet121_ordinal_aug |     batch  300/427   loss 0.1229  lr 2.35e-04
15:19:39 | INFO    | train.densenet121_ordinal_aug |     batch  350/427   loss 0.1191  lr 2.34e-04
15:19:44 | INFO    | train.densenet121_ordinal_aug |     batch  400/427   loss 0.1176  lr 2.32e-04
15:19:49 | INFO    | train.densenet121_ordinal_aug | Thresholds fitted on validation:
  naive thresholds  [0.5, 1.5, 2.5, 3.5]  ->  QWK 0.8815
  fitted thresholds [0.566, 0.99, 1.967, 2.816]  ->  QWK 0.9185   (+0.0370)
  converged in 2 round(s)
15:19:49 | INFO    | train.densenet121_ordinal_aug | train_loss 0.1187 | val_loss 0.1530 | val_QWK 0.9185 | val_acc 0.7655 | 44s (ETA 23 min)
15:19:49 | INFO    | train.densenet121_ordinal_aug |   new best val_qwk = 0.9185 (+0.0078) - saving best.pt
15:19:49 | INFO    | train.densenet121_ordinal_aug | --------------------------------------------------------------------
15:19:49 | INFO    | train.densenet121_ordinal_aug | Epoch 16/45
15:19:54 | INFO    | train.densenet121_ordinal_aug |     batch   50/427   loss 0.1035  lr 2.31e-04
15:19:59 | INFO    | train.densenet121_ordinal_aug |     batch  100/427   loss 0.0983  lr 2.30e-04
15:20:04 | INFO    | train.densenet121_ordinal_aug |     batch  150/427   loss 0.1082  lr 2.29e-04
15:20:09 | INFO    | train.densenet121_ordinal_aug |     batch  200/427   loss 0.1061  lr 2.28e-04
15:20:13 | INFO    | train.densenet121_ordinal_aug |     batch  250/427   loss 0.1086  lr 2.27e-04
15:20:18 | INFO    | train.densenet121_ordinal_aug |     batch  300/427   loss 0.1105  lr 2.26e-04
15:20:23 | INFO    | train.densenet121_ordinal_aug |     batch  350/427   loss 0.1128  lr 2.24e-04
15:20:27 | INFO    | train.densenet121_ordinal_aug |     batch  400/427   loss 0.1104  lr 2.23e-04
15:20:33 | INFO    | train.densenet121_ordinal_aug | Thresholds fitted on validation:
  naive thresholds  [0.5, 1.5, 2.5, 3.5]  ->  QWK 0.9017
  fitted thresholds [0.5, 1.342, 2.787, 3.818]  ->  QWK 0.9091   (+0.0074)
  converged in 2 round(s)
15:20:33 | INFO    | train.densenet121_ordinal_aug | train_loss 0.1085 | val_loss 0.1579 | val_QWK 0.9091 | val_acc 0.7982 | 44s (ETA 22 min)
15:20:33 | INFO    | train.densenet121_ordinal_aug | --------------------------------------------------------------------
15:20:33 | INFO    | train.densenet121_ordinal_aug | Epoch 17/45
15:20:38 | INFO    | train.densenet121_ordinal_aug |     batch   50/427   loss 0.1006  lr 2.22e-04
15:20:43 | INFO    | train.densenet121_ordinal_aug |     batch  100/427   loss 0.1050  lr 2.21e-04
15:20:47 | INFO    | train.densenet121_ordinal_aug |     batch  150/427   loss 0.1078  lr 2.19e-04
15:20:52 | INFO    | train.densenet121_ordinal_aug |     batch  200/427   loss 0.1051  lr 2.18e-04
15:20:56 | INFO    | train.densenet121_ordinal_aug |     batch  250/427   loss 0.1085  lr 2.17e-04
15:21:01 | INFO    | train.densenet121_ordinal_aug |     batch  300/427   loss 0.1083  lr 2.16e-04
15:21:06 | INFO    | train.densenet121_ordinal_aug |     batch  350/427   loss 0.1079  lr 2.15e-04
15:21:11 | INFO    | train.densenet121_ordinal_aug |     batch  400/427   loss 0.1093  lr 2.14e-04
15:21:17 | INFO    | train.densenet121_ordinal_aug | Thresholds fitted on validation:
  naive thresholds  [0.5, 1.5, 2.5, 3.5]  ->  QWK 0.8761
  fitted thresholds [0.771, 1.211, 3.059, 4.248]  ->  QWK 0.9117   (+0.0356)
  converged in 2 round(s)
15:21:17 | INFO    | train.densenet121_ordinal_aug | train_loss 0.1100 | val_loss 0.1605 | val_QWK 0.9117 | val_acc 0.7964 | 44s (ETA 21 min)
15:21:17 | INFO    | train.densenet121_ordinal_aug | --------------------------------------------------------------------
15:21:17 | INFO    | train.densenet121_ordinal_aug | Epoch 18/45
15:21:21 | INFO    | train.densenet121_ordinal_aug |     batch   50/427   loss 0.1164  lr 2.12e-04
15:21:26 | INFO    | train.densenet121_ordinal_aug |     batch  100/427   loss 0.1194  lr 2.11e-04
15:21:31 | INFO    | train.densenet121_ordinal_aug |     batch  150/427   loss 0.1276  lr 2.10e-04
15:21:35 | INFO    | train.densenet121_ordinal_aug |     batch  200/427   loss 0.1177  lr 2.09e-04
15:21:40 | INFO    | train.densenet121_ordinal_aug |     batch  250/427   loss 0.1181  lr 2.08e-04
15:21:45 | INFO    | train.densenet121_ordinal_aug |     batch  300/427   loss 0.1127  lr 2.06e-04
15:21:50 | INFO    | train.densenet121_ordinal_aug |     batch  350/427   loss 0.1105  lr 2.05e-04
15:21:55 | INFO    | train.densenet121_ordinal_aug |     batch  400/427   loss 0.1139  lr 2.04e-04
15:22:00 | INFO    | train.densenet121_ordinal_aug | Thresholds fitted on validation:
  naive thresholds  [0.5, 1.5, 2.5, 3.5]  ->  QWK 0.8920
  fitted thresholds [0.417, 1.18, 2.248, 3.583]  ->  QWK 0.9084   (+0.0164)
  converged in 2 round(s)
15:22:00 | INFO    | train.densenet121_ordinal_aug | train_loss 0.1126 | val_loss 0.1390 | val_QWK 0.9084 | val_acc 0.7527 | 44s (ETA 20 min)
15:22:00 | INFO    | train.densenet121_ordinal_aug |   smoothed val_qwk 0.9097 (best 0.9131) - no improvement (1/12); best raw val_qwk 0.9185 at epoch 15
15:22:00 | INFO    | train.densenet121_ordinal_aug | --------------------------------------------------------------------
15:22:00 | INFO    | train.densenet121_ordinal_aug | Epoch 19/45
15:22:05 | INFO    | train.densenet121_ordinal_aug |     batch   50/427   loss 0.0879  lr 2.02e-04
15:22:10 | INFO    | train.densenet121_ordinal_aug |     batch  100/427   loss 0.0923  lr 2.01e-04
15:22:15 | INFO    | train.densenet121_ordinal_aug |     batch  150/427   loss 0.0947  lr 2.00e-04
15:22:20 | INFO    | train.densenet121_ordinal_aug |     batch  200/427   loss 0.1017  lr 1.99e-04
15:22:25 | INFO    | train.densenet121_ordinal_aug |     batch  250/427   loss 0.1025  lr 1.98e-04
15:22:29 | INFO    | train.densenet121_ordinal_aug |     batch  300/427   loss 0.1022  lr 1.96e-04
15:22:34 | INFO    | train.densenet121_ordinal_aug |     batch  350/427   loss 0.1015  lr 1.95e-04
15:22:39 | INFO    | train.densenet121_ordinal_aug |     batch  400/427   loss 0.1034  lr 1.94e-04
15:22:45 | INFO    | train.densenet121_ordinal_aug | Thresholds fitted on validation:
  naive thresholds  [0.5, 1.5, 2.5, 3.5]  ->  QWK 0.8982
  fitted thresholds [0.938, 1.381, 2.71, 3.651]  ->  QWK 0.9092   (+0.0110)
  converged in 2 round(s)
15:22:45 | INFO    | train.densenet121_ordinal_aug | train_loss 0.1031 | val_loss 0.1597 | val_QWK 0.9092 | val_acc 0.7745 | 44s (ETA 19 min)
15:22:45 | INFO    | train.densenet121_ordinal_aug |   smoothed val_qwk 0.9098 (best 0.9131) - no improvement (2/12); best raw val_qwk 0.9185 at epoch 15
15:22:45 | INFO    | train.densenet121_ordinal_aug | --------------------------------------------------------------------
15:22:45 | INFO    | train.densenet121_ordinal_aug | Epoch 20/45
15:22:49 | INFO    | train.densenet121_ordinal_aug |     batch   50/427   loss 0.0965  lr 1.92e-04
15:22:54 | INFO    | train.densenet121_ordinal_aug |     batch  100/427   loss 0.0909  lr 1.91e-04
15:22:59 | INFO    | train.densenet121_ordinal_aug |     batch  150/427   loss 0.0945  lr 1.90e-04
15:23:04 | INFO    | train.densenet121_ordinal_aug |     batch  200/427   loss 0.1015  lr 1.89e-04
15:23:09 | INFO    | train.densenet121_ordinal_aug |     batch  250/427   loss 0.0989  lr 1.87e-04
15:23:14 | INFO    | train.densenet121_ordinal_aug |     batch  300/427   loss 0.0980  lr 1.86e-04
15:23:18 | INFO    | train.densenet121_ordinal_aug |     batch  350/427   loss 0.0957  lr 1.85e-04
15:23:23 | INFO    | train.densenet121_ordinal_aug |     batch  400/427   loss 0.0959  lr 1.84e-04
15:23:29 | INFO    | train.densenet121_ordinal_aug | Thresholds fitted on validation:
  naive thresholds  [0.5, 1.5, 2.5, 3.5]  ->  QWK 0.8879
  fitted thresholds [0.816, 1.491, 2.257, 3.158]  ->  QWK 0.9100   (+0.0221)
  converged in 2 round(s)
15:23:29 | INFO    | train.densenet121_ordinal_aug | train_loss 0.0981 | val_loss 0.1580 | val_QWK 0.9100 | val_acc 0.7564 | 44s (ETA 19 min)
15:23:29 | INFO    | train.densenet121_ordinal_aug |   smoothed val_qwk 0.9092 (best 0.9131) - no improvement (3/12); best raw val_qwk 0.9185 at epoch 15
15:23:29 | INFO    | train.densenet121_ordinal_aug | --------------------------------------------------------------------
15:23:29 | INFO    | train.densenet121_ordinal_aug | Epoch 21/45
15:23:34 | INFO    | train.densenet121_ordinal_aug |     batch   50/427   loss 0.1103  lr 1.82e-04
15:23:39 | INFO    | train.densenet121_ordinal_aug |     batch  100/427   loss 0.0968  lr 1.81e-04
15:23:43 | INFO    | train.densenet121_ordinal_aug |     batch  150/427   loss 0.0940  lr 1.80e-04
15:23:48 | INFO    | train.densenet121_ordinal_aug |     batch  200/427   loss 0.0935  lr 1.78e-04
15:23:52 | INFO    | train.densenet121_ordinal_aug |     batch  250/427   loss 0.0947  lr 1.77e-04
15:23:57 | INFO    | train.densenet121_ordinal_aug |     batch  300/427   loss 0.0958  lr 1.76e-04
15:24:02 | INFO    | train.densenet121_ordinal_aug |     batch  350/427   loss 0.0956  lr 1.75e-04
15:24:07 | INFO    | train.densenet121_ordinal_aug |     batch  400/427   loss 0.0943  lr 1.73e-04
15:24:13 | INFO    | train.densenet121_ordinal_aug | Thresholds fitted on validation:
  naive thresholds  [0.5, 1.5, 2.5, 3.5]  ->  QWK 0.8945
  fitted thresholds [0.897, 1.153, 2.839, 4.015]  ->  QWK 0.9134   (+0.0189)
  converged in 2 round(s)
15:24:13 | INFO    | train.densenet121_ordinal_aug | train_loss 0.0945 | val_loss 0.1680 | val_QWK 0.9134 | val_acc 0.7945 | 44s (ETA 18 min)
15:24:13 | INFO    | train.densenet121_ordinal_aug |   smoothed val_qwk 0.9109 (best 0.9131) - no improvement (4/12); best raw val_qwk 0.9185 at epoch 15
15:24:13 | INFO    | train.densenet121_ordinal_aug | --------------------------------------------------------------------
15:24:13 | INFO    | train.densenet121_ordinal_aug | Epoch 22/45
15:24:17 | INFO    | train.densenet121_ordinal_aug |     batch   50/427   loss 0.0891  lr 1.72e-04
15:24:22 | INFO    | train.densenet121_ordinal_aug |     batch  100/427   loss 0.0968  lr 1.70e-04
15:24:27 | INFO    | train.densenet121_ordinal_aug |     batch  150/427   loss 0.0962  lr 1.69e-04
15:24:31 | INFO    | train.densenet121_ordinal_aug |     batch  200/427   loss 0.1003  lr 1.68e-04
15:24:36 | INFO    | train.densenet121_ordinal_aug |     batch  250/427   loss 0.0965  lr 1.67e-04
15:24:41 | INFO    | train.densenet121_ordinal_aug |     batch  300/427   loss 0.0948  lr 1.65e-04
15:24:45 | INFO    | train.densenet121_ordinal_aug |     batch  350/427   loss 0.0961  lr 1.64e-04
15:24:50 | INFO    | train.densenet121_ordinal_aug |     batch  400/427   loss 0.0956  lr 1.63e-04
15:24:56 | INFO    | train.densenet121_ordinal_aug | Thresholds fitted on validation:
  naive thresholds  [0.5, 1.5, 2.5, 3.5]  ->  QWK 0.8900
  fitted thresholds [0.34, 1.113, 2.369, 3.5]  ->  QWK 0.9145   (+0.0245)
  converged in 3 round(s)
15:24:56 | INFO    | train.densenet121_ordinal_aug | train_loss 0.0930 | val_loss 0.1577 | val_QWK 0.9145 | val_acc 0.7727 | 43s (ETA 17 min)
15:24:56 | INFO    | train.densenet121_ordinal_aug |   smoothed val_qwk 0.9126 (best 0.9131) - no improvement (5/12); best raw val_qwk 0.9185 at epoch 15
15:24:56 | INFO    | train.densenet121_ordinal_aug | --------------------------------------------------------------------
15:24:56 | INFO    | train.densenet121_ordinal_aug | Epoch 23/45
15:25:01 | INFO    | train.densenet121_ordinal_aug |     batch   50/427   loss 0.0737  lr 1.61e-04
15:25:06 | INFO    | train.densenet121_ordinal_aug |     batch  100/427   loss 0.0724  lr 1.60e-04
15:25:10 | INFO    | train.densenet121_ordinal_aug |     batch  150/427   loss 0.0806  lr 1.58e-04
15:25:15 | INFO    | train.densenet121_ordinal_aug |     batch  200/427   loss 0.0841  lr 1.57e-04
15:25:20 | INFO    | train.densenet121_ordinal_aug |     batch  250/427   loss 0.0834  lr 1.56e-04
15:25:25 | INFO    | train.densenet121_ordinal_aug |     batch  300/427   loss 0.0827  lr 1.55e-04
15:25:29 | INFO    | train.densenet121_ordinal_aug |     batch  350/427   loss 0.0864  lr 1.54e-04
15:25:34 | INFO    | train.densenet121_ordinal_aug |     batch  400/427   loss 0.0913  lr 1.52e-04
15:25:40 | INFO    | train.densenet121_ordinal_aug | Thresholds fitted on validation:
  naive thresholds  [0.5, 1.5, 2.5, 3.5]  ->  QWK 0.9020
  fitted thresholds [0.535, 1.325, 2.474, 3.766]  ->  QWK 0.9138   (+0.0118)
  converged in 2 round(s)
15:25:40 | INFO    | train.densenet121_ordinal_aug | train_loss 0.0912 | val_loss 0.2164 | val_QWK 0.9138 | val_acc 0.7800 | 44s (ETA 16 min)
15:25:40 | INFO    | train.densenet121_ordinal_aug | --------------------------------------------------------------------
15:25:40 | INFO    | train.densenet121_ordinal_aug | Epoch 24/45
15:25:45 | INFO    | train.densenet121_ordinal_aug |     batch   50/427   loss 0.0958  lr 1.50e-04
15:25:50 | INFO    | train.densenet121_ordinal_aug |     batch  100/427   loss 0.0910  lr 1.49e-04
15:25:54 | INFO    | train.densenet121_ordinal_aug |     batch  150/427   loss 0.0893  lr 1.48e-04
15:25:59 | INFO    | train.densenet121_ordinal_aug |     batch  200/427   loss 0.0895  lr 1.47e-04
15:26:04 | INFO    | train.densenet121_ordinal_aug |     batch  250/427   loss 0.0850  lr 1.45e-04
15:26:09 | INFO    | train.densenet121_ordinal_aug |     batch  300/427   loss 0.0865  lr 1.44e-04
15:26:14 | INFO    | train.densenet121_ordinal_aug |     batch  350/427   loss 0.0868  lr 1.43e-04
15:26:18 | INFO    | train.densenet121_ordinal_aug |     batch  400/427   loss 0.0861  lr 1.42e-04
15:26:24 | INFO    | train.densenet121_ordinal_aug | Thresholds fitted on validation:
  naive thresholds  [0.5, 1.5, 2.5, 3.5]  ->  QWK 0.9093
  fitted thresholds [0.714, 1.214, 2.546, 3.768]  ->  QWK 0.9162   (+0.0069)
  converged in 2 round(s)
15:26:24 | INFO    | train.densenet121_ordinal_aug | train_loss 0.0879 | val_loss 0.1638 | val_QWK 0.9162 | val_acc 0.7855 | 44s (ETA 16 min)
15:26:24 | INFO    | train.densenet121_ordinal_aug | --------------------------------------------------------------------
15:26:24 | INFO    | train.densenet121_ordinal_aug | Epoch 25/45
15:26:29 | INFO    | train.densenet121_ordinal_aug |     batch   50/427   loss 0.0851  lr 1.40e-04
15:26:34 | INFO    | train.densenet121_ordinal_aug |     batch  100/427   loss 0.0856  lr 1.39e-04
15:26:39 | INFO    | train.densenet121_ordinal_aug |     batch  150/427   loss 0.0822  lr 1.37e-04
15:26:43 | INFO    | train.densenet121_ordinal_aug |     batch  200/427   loss 0.0795  lr 1.36e-04
15:26:48 | INFO    | train.densenet121_ordinal_aug |     batch  250/427   loss 0.0752  lr 1.35e-04
15:26:53 | INFO    | train.densenet121_ordinal_aug |     batch  300/427   loss 0.0756  lr 1.34e-04
15:26:58 | INFO    | train.densenet121_ordinal_aug |     batch  350/427   loss 0.0760  lr 1.32e-04
15:27:03 | INFO    | train.densenet121_ordinal_aug |     batch  400/427   loss 0.0808  lr 1.31e-04
15:27:08 | INFO    | train.densenet121_ordinal_aug | Thresholds fitted on validation:
  naive thresholds  [0.5, 1.5, 2.5, 3.5]  ->  QWK 0.8891
  fitted thresholds [0.902, 1.611, 2.724, 3.331]  ->  QWK 0.9111   (+0.0220)
  converged in 2 round(s)
15:27:08 | INFO    | train.densenet121_ordinal_aug | train_loss 0.0817 | val_loss 0.1391 | val_QWK 0.9111 | val_acc 0.7836 | 44s (ETA 15 min)
15:27:08 | INFO    | train.densenet121_ordinal_aug |   smoothed val_qwk 0.9137 (best 0.9148) - no improvement (1/12); best raw val_qwk 0.9185 at epoch 15
15:27:08 | INFO    | train.densenet121_ordinal_aug | --------------------------------------------------------------------
15:27:08 | INFO    | train.densenet121_ordinal_aug | Epoch 26/45
15:27:13 | INFO    | train.densenet121_ordinal_aug |     batch   50/427   loss 0.0689  lr 1.29e-04
15:27:18 | INFO    | train.densenet121_ordinal_aug |     batch  100/427   loss 0.0790  lr 1.28e-04
15:27:23 | INFO    | train.densenet121_ordinal_aug |     batch  150/427   loss 0.0740  lr 1.27e-04
15:27:27 | INFO    | train.densenet121_ordinal_aug |     batch  200/427   loss 0.0752  lr 1.26e-04
15:27:32 | INFO    | train.densenet121_ordinal_aug |     batch  250/427   loss 0.0742  lr 1.24e-04
15:27:37 | INFO    | train.densenet121_ordinal_aug |     batch  300/427   loss 0.0767  lr 1.23e-04
15:27:41 | INFO    | train.densenet121_ordinal_aug |     batch  350/427   loss 0.0798  lr 1.22e-04
15:27:46 | INFO    | train.densenet121_ordinal_aug |     batch  400/427   loss 0.0798  lr 1.21e-04
15:27:52 | INFO    | train.densenet121_ordinal_aug | Thresholds fitted on validation:
  naive thresholds  [0.5, 1.5, 2.5, 3.5]  ->  QWK 0.8818
  fitted thresholds [0.428, 1.186, 2.224, 3.381]  ->  QWK 0.9143   (+0.0325)
  converged in 2 round(s)
15:27:52 | INFO    | train.densenet121_ordinal_aug | train_loss 0.0807 | val_loss 0.1482 | val_QWK 0.9143 | val_acc 0.7818 | 44s (ETA 14 min)
15:27:52 | INFO    | train.densenet121_ordinal_aug |   smoothed val_qwk 0.9139 (best 0.9148) - no improvement (2/12); best raw val_qwk 0.9185 at epoch 15
15:27:52 | INFO    | train.densenet121_ordinal_aug | --------------------------------------------------------------------
15:27:52 | INFO    | train.densenet121_ordinal_aug | Epoch 27/45
15:27:57 | INFO    | train.densenet121_ordinal_aug |     batch   50/427   loss 0.0788  lr 1.19e-04
15:28:02 | INFO    | train.densenet121_ordinal_aug |     batch  100/427   loss 0.0652  lr 1.18e-04
15:28:07 | INFO    | train.densenet121_ordinal_aug |     batch  150/427   loss 0.0657  lr 1.16e-04
15:28:11 | INFO    | train.densenet121_ordinal_aug |     batch  200/427   loss 0.0714  lr 1.15e-04
15:28:16 | INFO    | train.densenet121_ordinal_aug |     batch  250/427   loss 0.0768  lr 1.14e-04
15:28:21 | INFO    | train.densenet121_ordinal_aug |     batch  300/427   loss 0.0750  lr 1.13e-04
15:28:25 | INFO    | train.densenet121_ordinal_aug |     batch  350/427   loss 0.0778  lr 1.12e-04
15:28:30 | INFO    | train.densenet121_ordinal_aug |     batch  400/427   loss 0.0766  lr 1.10e-04
15:28:36 | INFO    | train.densenet121_ordinal_aug | Thresholds fitted on validation:
  naive thresholds  [0.5, 1.5, 2.5, 3.5]  ->  QWK 0.9080
  fitted thresholds [0.5, 1.201, 2.453, 3.5]  ->  QWK 0.9136   (+0.0056)
  converged in 2 round(s)
15:28:36 | INFO    | train.densenet121_ordinal_aug | train_loss 0.0767 | val_loss 0.1450 | val_QWK 0.9136 | val_acc 0.7509 | 44s (ETA 13 min)
15:28:36 | INFO    | train.densenet121_ordinal_aug |   smoothed val_qwk 0.9130 (best 0.9148) - no improvement (3/12); best raw val_qwk 0.9185 at epoch 15
15:28:36 | INFO    | train.densenet121_ordinal_aug | --------------------------------------------------------------------
15:28:36 | INFO    | train.densenet121_ordinal_aug | Epoch 28/45
15:28:41 | INFO    | train.densenet121_ordinal_aug |     batch   50/427   loss 0.0619  lr 1.09e-04
15:28:46 | INFO    | train.densenet121_ordinal_aug |     batch  100/427   loss 0.0631  lr 1.07e-04
15:28:50 | INFO    | train.densenet121_ordinal_aug |     batch  150/427   loss 0.0584  lr 1.06e-04
15:28:55 | INFO    | train.densenet121_ordinal_aug |     batch  200/427   loss 0.0693  lr 1.05e-04
15:29:00 | INFO    | train.densenet121_ordinal_aug |     batch  250/427   loss 0.0715  lr 1.04e-04
15:29:05 | INFO    | train.densenet121_ordinal_aug |     batch  300/427   loss 0.0761  lr 1.03e-04
15:29:11 | INFO    | train.densenet121_ordinal_aug |     batch  350/427   loss 0.0718  lr 1.02e-04
15:29:16 | INFO    | train.densenet121_ordinal_aug |     batch  400/427   loss 0.0735  lr 1.00e-04
15:29:21 | INFO    | train.densenet121_ordinal_aug | Thresholds fitted on validation:
  naive thresholds  [0.5, 1.5, 2.5, 3.5]  ->  QWK 0.9080
  fitted thresholds [0.737, 1.5, 2.776, 3.581]  ->  QWK 0.9200   (+0.0120)
  converged in 2 round(s)
15:29:21 | INFO    | train.densenet121_ordinal_aug | train_loss 0.0738 | val_loss 0.1444 | val_QWK 0.9200 | val_acc 0.7964 | 46s (ETA 13 min)
15:29:21 | INFO    | train.densenet121_ordinal_aug |   new best val_qwk = 0.9200 (+0.0015) - saving best.pt
15:29:21 | INFO    | train.densenet121_ordinal_aug | --------------------------------------------------------------------
15:29:21 | INFO    | train.densenet121_ordinal_aug | Epoch 29/45
15:29:27 | INFO    | train.densenet121_ordinal_aug |     batch   50/427   loss 0.0910  lr 9.86e-05
15:29:33 | INFO    | train.densenet121_ordinal_aug |     batch  100/427   loss 0.0888  lr 9.74e-05
15:29:40 | INFO    | train.densenet121_ordinal_aug |     batch  150/427   loss 0.0782  lr 9.62e-05
15:29:45 | INFO    | train.densenet121_ordinal_aug |     batch  200/427   loss 0.0726  lr 9.51e-05
15:29:52 | INFO    | train.densenet121_ordinal_aug |     batch  250/427   loss 0.0712  lr 9.40e-05
15:29:59 | INFO    | train.densenet121_ordinal_aug |     batch  300/427   loss 0.0689  lr 9.28e-05
15:30:04 | INFO    | train.densenet121_ordinal_aug |     batch  350/427   loss 0.0700  lr 9.17e-05
15:30:09 | INFO    | train.densenet121_ordinal_aug |     batch  400/427   loss 0.0726  lr 9.06e-05
15:30:15 | INFO    | train.densenet121_ordinal_aug | Thresholds fitted on validation:
  naive thresholds  [0.5, 1.5, 2.5, 3.5]  ->  QWK 0.8990
  fitted thresholds [0.638, 1.233, 2.241, 3.432]  ->  QWK 0.9163   (+0.0173)
  converged in 2 round(s)
15:30:15 | INFO    | train.densenet121_ordinal_aug | train_loss 0.0736 | val_loss 0.1437 | val_QWK 0.9163 | val_acc 0.7600 | 53s (ETA 12 min)
15:30:15 | INFO    | train.densenet121_ordinal_aug | --------------------------------------------------------------------
15:30:15 | INFO    | train.densenet121_ordinal_aug | Epoch 30/45
15:30:19 | INFO    | train.densenet121_ordinal_aug |     batch   50/427   loss 0.0600  lr 8.88e-05
15:30:24 | INFO    | train.densenet121_ordinal_aug |     batch  100/427   loss 0.0644  lr 8.77e-05
15:30:29 | INFO    | train.densenet121_ordinal_aug |     batch  150/427   loss 0.0642  lr 8.65e-05
15:30:34 | INFO    | train.densenet121_ordinal_aug |     batch  200/427   loss 0.0680  lr 8.55e-05
15:30:38 | INFO    | train.densenet121_ordinal_aug |     batch  250/427   loss 0.0707  lr 8.43e-05
15:30:43 | INFO    | train.densenet121_ordinal_aug |     batch  300/427   loss 0.0722  lr 8.32e-05
15:30:48 | INFO    | train.densenet121_ordinal_aug |     batch  350/427   loss 0.0729  lr 8.22e-05
15:30:53 | INFO    | train.densenet121_ordinal_aug |     batch  400/427   loss 0.0699  lr 8.10e-05
15:30:58 | INFO    | train.densenet121_ordinal_aug | Thresholds fitted on validation:
  naive thresholds  [0.5, 1.5, 2.5, 3.5]  ->  QWK 0.9082
  fitted thresholds [0.688, 1.377, 2.597, 3.5]  ->  QWK 0.9135   (+0.0053)
  converged in 2 round(s)
15:30:58 | INFO    | train.densenet121_ordinal_aug | train_loss 0.0692 | val_loss 0.1469 | val_QWK 0.9135 | val_acc 0.7800 | 44s (ETA 11 min)
15:30:58 | INFO    | train.densenet121_ordinal_aug |   smoothed val_qwk 0.9166 (best 0.9166) - no improvement (1/12); best raw val_qwk 0.9200 at epoch 28
15:30:58 | INFO    | train.densenet121_ordinal_aug | --------------------------------------------------------------------
15:30:58 | INFO    | train.densenet121_ordinal_aug | Epoch 31/45
15:31:04 | INFO    | train.densenet121_ordinal_aug |     batch   50/427   loss 0.0716  lr 7.94e-05
15:31:08 | INFO    | train.densenet121_ordinal_aug |     batch  100/427   loss 0.0679  lr 7.83e-05
15:31:13 | INFO    | train.densenet121_ordinal_aug |     batch  150/427   loss 0.0637  lr 7.72e-05
15:31:18 | INFO    | train.densenet121_ordinal_aug |     batch  200/427   loss 0.0640  lr 7.61e-05
15:31:23 | INFO    | train.densenet121_ordinal_aug |     batch  250/427   loss 0.0611  lr 7.51e-05
15:31:28 | INFO    | train.densenet121_ordinal_aug |     batch  300/427   loss 0.0654  lr 7.40e-05
15:31:32 | INFO    | train.densenet121_ordinal_aug |     batch  350/427   loss 0.0645  lr 7.30e-05
15:31:37 | INFO    | train.densenet121_ordinal_aug |     batch  400/427   loss 0.0637  lr 7.19e-05
15:31:43 | INFO    | train.densenet121_ordinal_aug | Thresholds fitted on validation:
  naive thresholds  [0.5, 1.5, 2.5, 3.5]  ->  QWK 0.9014
  fitted thresholds [0.425, 1.041, 2.67, 3.638]  ->  QWK 0.9167   (+0.0153)
  converged in 2 round(s)
15:31:43 | INFO    | train.densenet121_ordinal_aug | train_loss 0.0640 | val_loss 0.1415 | val_QWK 0.9167 | val_acc 0.8000 | 45s (ETA 10 min)
15:31:43 | INFO    | train.densenet121_ordinal_aug |   smoothed val_qwk 0.9155 (best 0.9166) - no improvement (2/12); best raw val_qwk 0.9200 at epoch 28
15:31:43 | INFO    | train.densenet121_ordinal_aug | --------------------------------------------------------------------
15:31:43 | INFO    | train.densenet121_ordinal_aug | Epoch 32/45
15:31:48 | INFO    | train.densenet121_ordinal_aug |     batch   50/427   loss 0.0745  lr 7.03e-05
15:31:52 | INFO    | train.densenet121_ordinal_aug |     batch  100/427   loss 0.0772  lr 6.92e-05
15:31:57 | INFO    | train.densenet121_ordinal_aug |     batch  150/427   loss 0.0707  lr 6.82e-05
15:32:02 | INFO    | train.densenet121_ordinal_aug |     batch  200/427   loss 0.0711  lr 6.72e-05
15:32:07 | INFO    | train.densenet121_ordinal_aug |     batch  250/427   loss 0.0718  lr 6.62e-05
15:32:12 | INFO    | train.densenet121_ordinal_aug |     batch  300/427   loss 0.0696  lr 6.51e-05
15:32:16 | INFO    | train.densenet121_ordinal_aug |     batch  350/427   loss 0.0686  lr 6.42e-05
15:32:21 | INFO    | train.densenet121_ordinal_aug |     batch  400/427   loss 0.0674  lr 6.32e-05
15:32:27 | INFO    | train.densenet121_ordinal_aug | Thresholds fitted on validation:
  naive thresholds  [0.5, 1.5, 2.5, 3.5]  ->  QWK 0.9025
  fitted thresholds [0.544, 1.075, 2.256, 3.672]  ->  QWK 0.9187   (+0.0162)
  converged in 2 round(s)
15:32:27 | INFO    | train.densenet121_ordinal_aug | train_loss 0.0693 | val_loss 0.1627 | val_QWK 0.9187 | val_acc 0.7655 | 44s (ETA 10 min)
15:32:27 | INFO    | train.densenet121_ordinal_aug |   smoothed val_qwk 0.9163 (best 0.9166) - no improvement (3/12); best raw val_qwk 0.9200 at epoch 28
15:32:27 | INFO    | train.densenet121_ordinal_aug | --------------------------------------------------------------------
15:32:27 | INFO    | train.densenet121_ordinal_aug | Epoch 33/45
15:32:32 | INFO    | train.densenet121_ordinal_aug |     batch   50/427   loss 0.0669  lr 6.16e-05
15:32:36 | INFO    | train.densenet121_ordinal_aug |     batch  100/427   loss 0.0637  lr 6.06e-05
15:32:41 | INFO    | train.densenet121_ordinal_aug |     batch  150/427   loss 0.0655  lr 5.96e-05
15:32:46 | INFO    | train.densenet121_ordinal_aug |     batch  200/427   loss 0.0656  lr 5.87e-05
15:32:51 | INFO    | train.densenet121_ordinal_aug |     batch  250/427   loss 0.0646  lr 5.77e-05
15:32:56 | INFO    | train.densenet121_ordinal_aug |     batch  300/427   loss 0.0601  lr 5.67e-05
15:33:01 | INFO    | train.densenet121_ordinal_aug |     batch  350/427   loss 0.0575  lr 5.58e-05
15:33:05 | INFO    | train.densenet121_ordinal_aug |     batch  400/427   loss 0.0603  lr 5.49e-05
15:33:11 | INFO    | train.densenet121_ordinal_aug | Thresholds fitted on validation:
  naive thresholds  [0.5, 1.5, 2.5, 3.5]  ->  QWK 0.9049
  fitted thresholds [0.544, 1.073, 2.607, 3.612]  ->  QWK 0.9134   (+0.0085)
  converged in 2 round(s)
15:33:11 | INFO    | train.densenet121_ordinal_aug | train_loss 0.0614 | val_loss 0.1424 | val_QWK 0.9134 | val_acc 0.7709 | 44s (ETA 9 min)
15:33:11 | INFO    | train.densenet121_ordinal_aug |   smoothed val_qwk 0.9163 (best 0.9166) - no improvement (4/12); best raw val_qwk 0.9200 at epoch 28
15:33:11 | INFO    | train.densenet121_ordinal_aug | --------------------------------------------------------------------
15:33:11 | INFO    | train.densenet121_ordinal_aug | Epoch 34/45
15:33:16 | INFO    | train.densenet121_ordinal_aug |     batch   50/427   loss 0.0764  lr 5.34e-05
15:33:21 | INFO    | train.densenet121_ordinal_aug |     batch  100/427   loss 0.0587  lr 5.25e-05
15:33:25 | INFO    | train.densenet121_ordinal_aug |     batch  150/427   loss 0.0557  lr 5.15e-05
15:33:30 | INFO    | train.densenet121_ordinal_aug |     batch  200/427   loss 0.0580  lr 5.07e-05
15:33:35 | INFO    | train.densenet121_ordinal_aug |     batch  250/427   loss 0.0624  lr 4.97e-05
15:33:40 | INFO    | train.densenet121_ordinal_aug |     batch  300/427   loss 0.0603  lr 4.88e-05
15:33:45 | INFO    | train.densenet121_ordinal_aug |     batch  350/427   loss 0.0585  lr 4.80e-05
15:33:49 | INFO    | train.densenet121_ordinal_aug |     batch  400/427   loss 0.0569  lr 4.71e-05
15:33:55 | INFO    | train.densenet121_ordinal_aug | Thresholds fitted on validation:
  naive thresholds  [0.5, 1.5, 2.5, 3.5]  ->  QWK 0.8920
  fitted thresholds [0.422, 1.039, 2.33, 3.733]  ->  QWK 0.9153   (+0.0233)
  converged in 2 round(s)
15:33:55 | INFO    | train.densenet121_ordinal_aug | train_loss 0.0579 | val_loss 0.1629 | val_QWK 0.9153 | val_acc 0.7818 | 44s (ETA 8 min)
15:33:55 | INFO    | train.densenet121_ordinal_aug |   smoothed val_qwk 0.9158 (best 0.9166) - no improvement (5/12); best raw val_qwk 0.9200 at epoch 28
15:33:55 | INFO    | train.densenet121_ordinal_aug | --------------------------------------------------------------------
15:33:55 | INFO    | train.densenet121_ordinal_aug | Epoch 35/45
15:34:00 | INFO    | train.densenet121_ordinal_aug |     batch   50/427   loss 0.0625  lr 4.57e-05
15:34:04 | INFO    | train.densenet121_ordinal_aug |     batch  100/427   loss 0.0610  lr 4.48e-05
15:34:09 | INFO    | train.densenet121_ordinal_aug |     batch  150/427   loss 0.0609  lr 4.40e-05
15:34:14 | INFO    | train.densenet121_ordinal_aug |     batch  200/427   loss 0.0585  lr 4.31e-05
15:34:19 | INFO    | train.densenet121_ordinal_aug |     batch  250/427   loss 0.0569  lr 4.23e-05
15:34:24 | INFO    | train.densenet121_ordinal_aug |     batch  300/427   loss 0.0579  lr 4.14e-05
15:34:28 | INFO    | train.densenet121_ordinal_aug |     batch  350/427   loss 0.0587  lr 4.06e-05
15:34:33 | INFO    | train.densenet121_ordinal_aug |     batch  400/427   loss 0.0588  lr 3.98e-05
15:34:39 | INFO    | train.densenet121_ordinal_aug | Thresholds fitted on validation:
  naive thresholds  [0.5, 1.5, 2.5, 3.5]  ->  QWK 0.8889
  fitted thresholds [0.5, 1.131, 2.072, 3.753]  ->  QWK 0.9175   (+0.0286)
  converged in 2 round(s)
15:34:39 | INFO    | train.densenet121_ordinal_aug | train_loss 0.0580 | val_loss 0.1751 | val_QWK 0.9175 | val_acc 0.7418 | 44s (ETA 7 min)
15:34:39 | INFO    | train.densenet121_ordinal_aug |   smoothed val_qwk 0.9154 (best 0.9166) - no improvement (6/12); best raw val_qwk 0.9200 at epoch 28
15:34:39 | INFO    | train.densenet121_ordinal_aug | --------------------------------------------------------------------
15:34:39 | INFO    | train.densenet121_ordinal_aug | Epoch 36/45
15:34:44 | INFO    | train.densenet121_ordinal_aug |     batch   50/427   loss 0.0553  lr 3.85e-05
15:34:49 | INFO    | train.densenet121_ordinal_aug |     batch  100/427   loss 0.0477  lr 3.77e-05
15:34:54 | INFO    | train.densenet121_ordinal_aug |     batch  150/427   loss 0.0483  lr 3.69e-05
15:34:58 | INFO    | train.densenet121_ordinal_aug |     batch  200/427   loss 0.0568  lr 3.62e-05
15:35:03 | INFO    | train.densenet121_ordinal_aug |     batch  250/427   loss 0.0544  lr 3.54e-05
15:35:08 | INFO    | train.densenet121_ordinal_aug |     batch  300/427   loss 0.0549  lr 3.46e-05
15:35:13 | INFO    | train.densenet121_ordinal_aug |     batch  350/427   loss 0.0548  lr 3.39e-05
15:35:17 | INFO    | train.densenet121_ordinal_aug |     batch  400/427   loss 0.0582  lr 3.31e-05
15:35:23 | INFO    | train.densenet121_ordinal_aug | Thresholds fitted on validation:
  naive thresholds  [0.5, 1.5, 2.5, 3.5]  ->  QWK 0.8899
  fitted thresholds [0.5, 1.137, 2.237, 3.188]  ->  QWK 0.9149   (+0.0250)
  converged in 2 round(s)
15:35:23 | INFO    | train.densenet121_ordinal_aug | train_loss 0.0566 | val_loss 0.1461 | val_QWK 0.9149 | val_acc 0.7764 | 44s (ETA 7 min)
15:35:23 | INFO    | train.densenet121_ordinal_aug |   smoothed val_qwk 0.9159 (best 0.9166) - no improvement (7/12); best raw val_qwk 0.9200 at epoch 28
15:35:23 | INFO    | train.densenet121_ordinal_aug | --------------------------------------------------------------------
15:35:23 | INFO    | train.densenet121_ordinal_aug | Epoch 37/45
15:35:28 | INFO    | train.densenet121_ordinal_aug |     batch   50/427   loss 0.0574  lr 3.20e-05
15:35:33 | INFO    | train.densenet121_ordinal_aug |     batch  100/427   loss 0.0569  lr 3.12e-05
15:35:37 | INFO    | train.densenet121_ordinal_aug |     batch  150/427   loss 0.0551  lr 3.05e-05
15:35:42 | INFO    | train.densenet121_ordinal_aug |     batch  200/427   loss 0.0578  lr 2.98e-05
15:35:47 | INFO    | train.densenet121_ordinal_aug |     batch  250/427   loss 0.0588  lr 2.91e-05
15:35:53 | INFO    | train.densenet121_ordinal_aug |     batch  300/427   loss 0.0558  lr 2.84e-05
15:35:58 | INFO    | train.densenet121_ordinal_aug |     batch  350/427   loss 0.0586  lr 2.77e-05
15:36:03 | INFO    | train.densenet121_ordinal_aug |     batch  400/427   loss 0.0572  lr 2.70e-05
15:36:08 | INFO    | train.densenet121_ordinal_aug | Thresholds fitted on validation:
  naive thresholds  [0.5, 1.5, 2.5, 3.5]  ->  QWK 0.8801
  fitted thresholds [0.41, 0.924, 2.295, 3.666]  ->  QWK 0.9091   (+0.0290)
  converged in 2 round(s)
15:36:08 | INFO    | train.densenet121_ordinal_aug | train_loss 0.0564 | val_loss 0.1646 | val_QWK 0.9091 | val_acc 0.7655 | 45s (ETA 6 min)
15:36:08 | INFO    | train.densenet121_ordinal_aug |   smoothed val_qwk 0.9138 (best 0.9166) - no improvement (8/12); best raw val_qwk 0.9200 at epoch 28
15:36:08 | INFO    | train.densenet121_ordinal_aug | --------------------------------------------------------------------
15:36:08 | INFO    | train.densenet121_ordinal_aug | Epoch 38/45
15:36:14 | INFO    | train.densenet121_ordinal_aug |     batch   50/427   loss 0.0514  lr 2.60e-05
15:36:19 | INFO    | train.densenet121_ordinal_aug |     batch  100/427   loss 0.0533  lr 2.53e-05
15:36:24 | INFO    | train.densenet121_ordinal_aug |     batch  150/427   loss 0.0520  lr 2.46e-05
15:36:29 | INFO    | train.densenet121_ordinal_aug |     batch  200/427   loss 0.0524  lr 2.40e-05
15:36:33 | INFO    | train.densenet121_ordinal_aug |     batch  250/427   loss 0.0536  lr 2.34e-05
15:36:38 | INFO    | train.densenet121_ordinal_aug |     batch  300/427   loss 0.0493  lr 2.28e-05
15:36:43 | INFO    | train.densenet121_ordinal_aug |     batch  350/427   loss 0.0487  lr 2.22e-05
15:36:48 | INFO    | train.densenet121_ordinal_aug |     batch  400/427   loss 0.0497  lr 2.16e-05
15:36:53 | INFO    | train.densenet121_ordinal_aug | Thresholds fitted on validation:
  naive thresholds  [0.5, 1.5, 2.5, 3.5]  ->  QWK 0.8946
  fitted thresholds [0.5, 1.141, 2.295, 3.5]  ->  QWK 0.9136   (+0.0190)
  converged in 2 round(s)
15:36:53 | INFO    | train.densenet121_ordinal_aug | train_loss 0.0517 | val_loss 0.1497 | val_QWK 0.9136 | val_acc 0.7818 | 45s (ETA 5 min)
15:36:53 | INFO    | train.densenet121_ordinal_aug |   smoothed val_qwk 0.9125 (best 0.9166) - no improvement (9/12); best raw val_qwk 0.9200 at epoch 28
15:36:53 | INFO    | train.densenet121_ordinal_aug | --------------------------------------------------------------------
15:36:53 | INFO    | train.densenet121_ordinal_aug | Epoch 39/45
15:36:58 | INFO    | train.densenet121_ordinal_aug |     batch   50/427   loss 0.0490  lr 2.06e-05
15:37:03 | INFO    | train.densenet121_ordinal_aug |     batch  100/427   loss 0.0558  lr 2.00e-05
15:37:07 | INFO    | train.densenet121_ordinal_aug |     batch  150/427   loss 0.0549  lr 1.95e-05
15:37:12 | INFO    | train.densenet121_ordinal_aug |     batch  200/427   loss 0.0529  lr 1.89e-05
15:37:17 | INFO    | train.densenet121_ordinal_aug |     batch  250/427   loss 0.0512  lr 1.84e-05
15:37:22 | INFO    | train.densenet121_ordinal_aug |     batch  300/427   loss 0.0527  lr 1.78e-05
15:37:26 | INFO    | train.densenet121_ordinal_aug |     batch  350/427   loss 0.0530  lr 1.73e-05
15:37:31 | INFO    | train.densenet121_ordinal_aug |     batch  400/427   loss 0.0506  lr 1.68e-05
15:37:36 | INFO    | train.densenet121_ordinal_aug | Thresholds fitted on validation:
  naive thresholds  [0.5, 1.5, 2.5, 3.5]  ->  QWK 0.9003
  fitted thresholds [0.5, 1.139, 2.467, 3.386]  ->  QWK 0.9152   (+0.0149)
  converged in 2 round(s)
15:37:36 | INFO    | train.densenet121_ordinal_aug | train_loss 0.0512 | val_loss 0.1488 | val_QWK 0.9152 | val_acc 0.7745 | 43s (ETA 4 min)
15:37:36 | INFO    | train.densenet121_ordinal_aug |   smoothed val_qwk 0.9126 (best 0.9166) - no improvement (10/12); best raw val_qwk 0.9200 at epoch 28
15:37:36 | INFO    | train.densenet121_ordinal_aug | --------------------------------------------------------------------
15:37:36 | INFO    | train.densenet121_ordinal_aug | Epoch 40/45
15:37:41 | INFO    | train.densenet121_ordinal_aug |     batch   50/427   loss 0.0448  lr 1.60e-05
15:37:46 | INFO    | train.densenet121_ordinal_aug |     batch  100/427   loss 0.0477  lr 1.55e-05
15:37:51 | INFO    | train.densenet121_ordinal_aug |     batch  150/427   loss 0.0479  lr 1.50e-05
15:37:56 | INFO    | train.densenet121_ordinal_aug |     batch  200/427   loss 0.0472  lr 1.45e-05
15:38:00 | INFO    | train.densenet121_ordinal_aug |     batch  250/427   loss 0.0457  lr 1.40e-05
15:38:05 | INFO    | train.densenet121_ordinal_aug |     batch  300/427   loss 0.0446  lr 1.35e-05
15:38:10 | INFO    | train.densenet121_ordinal_aug |     batch  350/427   loss 0.0468  lr 1.31e-05
15:38:15 | INFO    | train.densenet121_ordinal_aug |     batch  400/427   loss 0.0487  lr 1.27e-05
15:38:20 | INFO    | train.densenet121_ordinal_aug | Thresholds fitted on validation:
  naive thresholds  [0.5, 1.5, 2.5, 3.5]  ->  QWK 0.9008
  fitted thresholds [0.5, 1.175, 2.451, 3.394]  ->  QWK 0.9135   (+0.0127)
  converged in 2 round(s)
15:38:20 | INFO    | train.densenet121_ordinal_aug | train_loss 0.0492 | val_loss 0.1594 | val_QWK 0.9135 | val_acc 0.7782 | 44s (ETA 4 min)
15:38:20 | INFO    | train.densenet121_ordinal_aug |   smoothed val_qwk 0.9141 (best 0.9166) - no improvement (11/12); best raw val_qwk 0.9200 at epoch 28
15:38:20 | INFO    | train.densenet121_ordinal_aug | --------------------------------------------------------------------
15:38:20 | INFO    | train.densenet121_ordinal_aug | Epoch 41/45
15:38:25 | INFO    | train.densenet121_ordinal_aug |     batch   50/427   loss 0.0458  lr 1.20e-05
15:38:30 | INFO    | train.densenet121_ordinal_aug |     batch  100/427   loss 0.0493  lr 1.16e-05
15:38:35 | INFO    | train.densenet121_ordinal_aug |     batch  150/427   loss 0.0468  lr 1.11e-05
15:38:40 | INFO    | train.densenet121_ordinal_aug |     batch  200/427   loss 0.0457  lr 1.08e-05
15:38:44 | INFO    | train.densenet121_ordinal_aug |     batch  250/427   loss 0.0467  lr 1.04e-05
15:38:49 | INFO    | train.densenet121_ordinal_aug |     batch  300/427   loss 0.0454  lr 9.97e-06
15:38:54 | INFO    | train.densenet121_ordinal_aug |     batch  350/427   loss 0.0474  lr 9.61e-06
15:38:59 | INFO    | train.densenet121_ordinal_aug |     batch  400/427   loss 0.0474  lr 9.25e-06
15:39:04 | INFO    | train.densenet121_ordinal_aug | Thresholds fitted on validation:
  naive thresholds  [0.5, 1.5, 2.5, 3.5]  ->  QWK 0.8937
  fitted thresholds [0.451, 1.11, 2.373, 3.417]  ->  QWK 0.9152   (+0.0215)
  converged in 2 round(s)
15:39:04 | INFO    | train.densenet121_ordinal_aug | train_loss 0.0472 | val_loss 0.1604 | val_QWK 0.9152 | val_acc 0.7909 | 44s (ETA 3 min)
15:39:04 | INFO    | train.densenet121_ordinal_aug |   smoothed val_qwk 0.9146 (best 0.9166) - no improvement (12/12); best raw val_qwk 0.9200 at epoch 28
15:39:04 | INFO    | train.densenet121_ordinal_aug | Early stopping: 12 epochs without improvement in the 3-epoch moving average.
15:39:04 | INFO    | train.densenet121_ordinal_aug | ====================================================================
15:39:04 | INFO    | train.densenet121_ordinal_aug | Finished densenet121_ordinal_aug in 30.6 min (41 epochs, mean 45s/epoch)
15:39:04 | INFO    | train.densenet121_ordinal_aug | Best val_qwk = 0.9200 at epoch 28
15:39:04 | INFO    | train.densenet121_ordinal_aug | Validation metrics at the best epoch:
  samples            : 550
  QWK                : 0.9200   <-- headline metric
  accuracy           : 0.7964
  balanced accuracy  : 0.6407
  macro F1           : 0.6293
  macro ROC-AUC      : 0.9277
  per-class recall   :
      0 No DR              recall 0.985  (n=271)
      1 Mild               recall 0.607  (n=56)
      2 Moderate           recall 0.707  (n=150)
      3 Severe             recall 0.586  (n=29)
      4 Proliferative DR   recall 0.318  (n=44)
15:39:04 | INFO    | train.densenet121_ordinal_aug | Artefacts in: C:\Users\ishra\Downloads\dr_project\dr_project\experiments\densenet121_ordinal_aug
15:39:04 | INFO    | train.densenet121_ordinal_aug | ====================================================================
