14:33:36 | INFO    | train.densenet121_ordinal | ====================================================================
14:33:36 | INFO    | train.densenet121_ordinal |   RUN: densenet121_ordinal
14:33:36 | INFO    | train.densenet121_ordinal | ====================================================================
14:33:37 | INFO    | train.densenet121_ordinal | Device: NVIDIA GeForce RTX 3050 6GB Laptop GPU (6.4 GB VRAM)
14:33:37 | INFO    | train.densenet121_ordinal | Mixed precision (AMP): True
14:33:37 | INFO    | train.densenet121_ordinal | Train: 2562 images (2562 from cache) | Val: 550 images (550 from cache)
14:33:37 | INFO    | train.densenet121_ordinal | Train class counts: [1263, 258, 699, 135, 207]
14:33:37 | INFO    | train.densenet121_ordinal | Split fingerprint: 415bcc1c575a
14:33:37 | INFO    | train.densenet121_ordinal | Head: ordinal (1 output)
14:33:39 | INFO    | train.densenet121_ordinal | Model:
  backbone   : densenet121
  parameters : 6,954,881 total | 6,954,881 trainable
  note       : Dense connectivity, heavy feature reuse (~8M params)
14:33:39 | INFO    | train.densenet121_ordinal | Forward check passed: output shape (2, 1)
14:33:39 | INFO    | train.densenet121_ordinal | Weighted cross-entropy, weights from the TRAIN split:
14:33:39 | INFO    | train.densenet121_ordinal |     No DR              0.2159
14:33:39 | INFO    | train.densenet121_ordinal |     Mild               1.0569
14:33:39 | INFO    | train.densenet121_ordinal |     Moderate           0.3901
14:33:39 | INFO    | train.densenet121_ordinal |     Severe             2.0198
14:33:39 | INFO    | train.densenet121_ordinal |     Proliferative DR   1.3173
14:33:39 | INFO    | train.densenet121_ordinal | Ordinal head: Smooth L1 regression loss (beta=1.00), thresholds fitted on validation each epoch.
14:33:39 | INFO    | train.densenet121_ordinal | Epochs 45 | batch 6 x accum 3 = effective 18 | 143 optimiser steps/epoch
14:33:39 | INFO    | train.densenet121_ordinal | --------------------------------------------------------------------
14:33:39 | INFO    | train.densenet121_ordinal | Epoch 1/45
14:33:56 | INFO    | train.densenet121_ordinal |     batch   50/427   loss 0.8587  lr 3.36e-05
14:34:00 | INFO    | train.densenet121_ordinal |     batch  100/427   loss 0.7191  lr 6.92e-05
14:34:05 | INFO    | train.densenet121_ordinal |     batch  150/427   loss 0.5969  lr 1.05e-04
14:34:10 | INFO    | train.densenet121_ordinal |     batch  200/427   loss 0.5124  lr 1.38e-04
14:34:18 | INFO    | train.densenet121_ordinal |     batch  250/427   loss 0.4598  lr 1.74e-04
14:34:24 | INFO    | train.densenet121_ordinal |     batch  300/427   loss 0.4167  lr 2.10e-04
14:34:30 | INFO    | train.densenet121_ordinal |     batch  350/427   loss 0.3877  lr 2.43e-04
14:34:40 | INFO    | train.densenet121_ordinal |     batch  400/427   loss 0.3680  lr 2.79e-04
14:34:56 | INFO    | train.densenet121_ordinal | Thresholds fitted on validation:
  naive thresholds  [0.5, 1.5, 2.5, 3.5]  ->  QWK 0.7841
  fitted thresholds [0.733, 1.42, 2.177, 4.0]  ->  QWK 0.8346   (+0.0505)
  converged in 2 round(s)
14:34:56 | INFO    | train.densenet121_ordinal | train_loss 0.3595 | val_loss 0.2140 | val_QWK 0.8346 | val_acc 0.6164 | 76s (ETA 56 min)
14:34:56 | INFO    | train.densenet121_ordinal |   new best val_qwk = 0.8346 (+0.8346) - saving best.pt
14:34:56 | INFO    | train.densenet121_ordinal | --------------------------------------------------------------------
14:34:56 | INFO    | train.densenet121_ordinal | Epoch 2/45
14:35:03 | INFO    | train.densenet121_ordinal |     batch   50/427   loss 0.2462  lr 3.00e-04
14:35:11 | INFO    | train.densenet121_ordinal |     batch  100/427   loss 0.2301  lr 3.00e-04
14:35:18 | INFO    | train.densenet121_ordinal |     batch  150/427   loss 0.2251  lr 3.00e-04
14:35:24 | INFO    | train.densenet121_ordinal |     batch  200/427   loss 0.2160  lr 3.00e-04
14:35:29 | INFO    | train.densenet121_ordinal |     batch  250/427   loss 0.2293  lr 3.00e-04
14:35:34 | INFO    | train.densenet121_ordinal |     batch  300/427   loss 0.2324  lr 3.00e-04
14:35:39 | INFO    | train.densenet121_ordinal |     batch  350/427   loss 0.2349  lr 3.00e-04
14:35:44 | INFO    | train.densenet121_ordinal |     batch  400/427   loss 0.2319  lr 3.00e-04
14:35:50 | INFO    | train.densenet121_ordinal | Thresholds fitted on validation:
  naive thresholds  [0.5, 1.5, 2.5, 3.5]  ->  QWK 0.8380
  fitted thresholds [0.585, 0.875, 2.358, 3.951]  ->  QWK 0.8711   (+0.0331)
  converged in 3 round(s)
14:35:50 | INFO    | train.densenet121_ordinal | train_loss 0.2278 | val_loss 0.1793 | val_QWK 0.8711 | val_acc 0.7109 | 54s (ETA 47 min)
14:35:50 | INFO    | train.densenet121_ordinal |   new best val_qwk = 0.8711 (+0.0365) - saving best.pt
14:35:50 | INFO    | train.densenet121_ordinal | --------------------------------------------------------------------
14:35:50 | INFO    | train.densenet121_ordinal | Epoch 3/45
14:35:55 | INFO    | train.densenet121_ordinal |     batch   50/427   loss 0.1688  lr 3.00e-04
14:36:00 | INFO    | train.densenet121_ordinal |     batch  100/427   loss 0.1861  lr 2.99e-04
14:36:05 | INFO    | train.densenet121_ordinal |     batch  150/427   loss 0.1869  lr 2.99e-04
14:36:09 | INFO    | train.densenet121_ordinal |     batch  200/427   loss 0.1887  lr 2.99e-04
14:36:14 | INFO    | train.densenet121_ordinal |     batch  250/427   loss 0.1734  lr 2.99e-04
14:36:19 | INFO    | train.densenet121_ordinal |     batch  300/427   loss 0.1711  lr 2.99e-04
14:36:24 | INFO    | train.densenet121_ordinal |     batch  350/427   loss 0.1760  lr 2.99e-04
14:36:28 | INFO    | train.densenet121_ordinal |     batch  400/427   loss 0.1819  lr 2.99e-04
14:36:34 | INFO    | train.densenet121_ordinal | Thresholds fitted on validation:
  naive thresholds  [0.5, 1.5, 2.5, 3.5]  ->  QWK 0.8650
  fitted thresholds [1.01, 1.358, 2.947, 3.645]  ->  QWK 0.8952   (+0.0302)
  converged in 2 round(s)
14:36:34 | INFO    | train.densenet121_ordinal | train_loss 0.1851 | val_loss 0.1860 | val_QWK 0.8952 | val_acc 0.7527 | 44s (ETA 41 min)
14:36:34 | INFO    | train.densenet121_ordinal |   new best val_qwk = 0.8952 (+0.0241) - saving best.pt
14:36:34 | INFO    | train.densenet121_ordinal | --------------------------------------------------------------------
14:36:34 | INFO    | train.densenet121_ordinal | Epoch 4/45
14:36:39 | INFO    | train.densenet121_ordinal |     batch   50/427   loss 0.1307  lr 2.98e-04
14:36:44 | INFO    | train.densenet121_ordinal |     batch  100/427   loss 0.1602  lr 2.98e-04
14:36:49 | INFO    | train.densenet121_ordinal |     batch  150/427   loss 0.1526  lr 2.98e-04
14:36:54 | INFO    | train.densenet121_ordinal |     batch  200/427   loss 0.1642  lr 2.98e-04
14:36:58 | INFO    | train.densenet121_ordinal |     batch  250/427   loss 0.1658  lr 2.98e-04
14:37:03 | INFO    | train.densenet121_ordinal |     batch  300/427   loss 0.1726  lr 2.97e-04
14:37:08 | INFO    | train.densenet121_ordinal |     batch  350/427   loss 0.1721  lr 2.97e-04
14:37:13 | INFO    | train.densenet121_ordinal |     batch  400/427   loss 0.1701  lr 2.97e-04
14:37:18 | INFO    | train.densenet121_ordinal | Thresholds fitted on validation:
  naive thresholds  [0.5, 1.5, 2.5, 3.5]  ->  QWK 0.8859
  fitted thresholds [0.632, 1.05, 2.564, 4.444]  ->  QWK 0.9067   (+0.0208)
  converged in 2 round(s)
14:37:18 | INFO    | train.densenet121_ordinal | train_loss 0.1697 | val_loss 0.2275 | val_QWK 0.9067 | val_acc 0.7345 | 44s (ETA 37 min)
14:37:18 | INFO    | train.densenet121_ordinal |   new best val_qwk = 0.9067 (+0.0115) - saving best.pt
14:37:18 | INFO    | train.densenet121_ordinal | --------------------------------------------------------------------
14:37:18 | INFO    | train.densenet121_ordinal | Epoch 5/45
14:37:23 | INFO    | train.densenet121_ordinal |     batch   50/427   loss 0.1246  lr 2.96e-04
14:37:28 | INFO    | train.densenet121_ordinal |     batch  100/427   loss 0.1435  lr 2.96e-04
14:37:33 | INFO    | train.densenet121_ordinal |     batch  150/427   loss 0.1516  lr 2.96e-04
14:37:37 | INFO    | train.densenet121_ordinal |     batch  200/427   loss 0.1395  lr 2.96e-04
14:37:42 | INFO    | train.densenet121_ordinal |     batch  250/427   loss 0.1441  lr 2.95e-04
14:37:47 | INFO    | train.densenet121_ordinal |     batch  300/427   loss 0.1439  lr 2.95e-04
14:37:52 | INFO    | train.densenet121_ordinal |     batch  350/427   loss 0.1445  lr 2.95e-04
14:37:56 | INFO    | train.densenet121_ordinal |     batch  400/427   loss 0.1450  lr 2.94e-04
14:38:02 | INFO    | train.densenet121_ordinal | Thresholds fitted on validation:
  naive thresholds  [0.5, 1.5, 2.5, 3.5]  ->  QWK 0.8522
  fitted thresholds [0.535, 0.877, 2.091, 3.229]  ->  QWK 0.8903   (+0.0381)
  converged in 2 round(s)
14:38:02 | INFO    | train.densenet121_ordinal | train_loss 0.1420 | val_loss 0.1775 | val_QWK 0.8903 | val_acc 0.7255 | 44s (ETA 35 min)
14:38:02 | INFO    | train.densenet121_ordinal | --------------------------------------------------------------------
14:38:02 | INFO    | train.densenet121_ordinal | Epoch 6/45
14:38:07 | INFO    | train.densenet121_ordinal |     batch   50/427   loss 0.1419  lr 2.94e-04
14:38:12 | INFO    | train.densenet121_ordinal |     batch  100/427   loss 0.1374  lr 2.93e-04
14:38:17 | INFO    | train.densenet121_ordinal |     batch  150/427   loss 0.1412  lr 2.93e-04
14:38:22 | INFO    | train.densenet121_ordinal |     batch  200/427   loss 0.1403  lr 2.93e-04
14:38:26 | INFO    | train.densenet121_ordinal |     batch  250/427   loss 0.1379  lr 2.92e-04
14:38:31 | INFO    | train.densenet121_ordinal |     batch  300/427   loss 0.1363  lr 2.92e-04
14:38:36 | INFO    | train.densenet121_ordinal |     batch  350/427   loss 0.1355  lr 2.91e-04
14:38:41 | INFO    | train.densenet121_ordinal |     batch  400/427   loss 0.1384  lr 2.91e-04
14:38:47 | INFO    | train.densenet121_ordinal | Thresholds fitted on validation:
  naive thresholds  [0.5, 1.5, 2.5, 3.5]  ->  QWK 0.8705
  fitted thresholds [0.179, 0.9, 2.443, 3.5]  ->  QWK 0.9018   (+0.0313)
  converged in 2 round(s)
14:38:47 | INFO    | train.densenet121_ordinal | train_loss 0.1391 | val_loss 0.1644 | val_QWK 0.9018 | val_acc 0.7618 | 45s (ETA 33 min)
14:38:47 | INFO    | train.densenet121_ordinal | --------------------------------------------------------------------
14:38:47 | INFO    | train.densenet121_ordinal | Epoch 7/45
14:38:52 | INFO    | train.densenet121_ordinal |     batch   50/427   loss 0.1262  lr 2.90e-04
14:38:57 | INFO    | train.densenet121_ordinal |     batch  100/427   loss 0.1371  lr 2.90e-04
14:39:01 | INFO    | train.densenet121_ordinal |     batch  150/427   loss 0.1351  lr 2.89e-04
14:39:06 | INFO    | train.densenet121_ordinal |     batch  200/427   loss 0.1315  lr 2.89e-04
14:39:11 | INFO    | train.densenet121_ordinal |     batch  250/427   loss 0.1319  lr 2.88e-04
14:39:16 | INFO    | train.densenet121_ordinal |     batch  300/427   loss 0.1340  lr 2.88e-04
14:39:21 | INFO    | train.densenet121_ordinal |     batch  350/427   loss 0.1321  lr 2.87e-04
14:39:26 | INFO    | train.densenet121_ordinal |     batch  400/427   loss 0.1330  lr 2.87e-04
14:39:31 | INFO    | train.densenet121_ordinal | Thresholds fitted on validation:
  naive thresholds  [0.5, 1.5, 2.5, 3.5]  ->  QWK 0.8783
  fitted thresholds [0.662, 1.23, 2.287, 3.018]  ->  QWK 0.8993   (+0.0210)
  converged in 2 round(s)
14:39:31 | INFO    | train.densenet121_ordinal | train_loss 0.1320 | val_loss 0.1562 | val_QWK 0.8993 | val_acc 0.7436 | 45s (ETA 32 min)
14:39:31 | INFO    | train.densenet121_ordinal |   smoothed val_qwk 0.8971 (best 0.8996) - no improvement (1/12); best raw val_qwk 0.9067 at epoch 4
14:39:31 | INFO    | train.densenet121_ordinal | --------------------------------------------------------------------
14:39:31 | INFO    | train.densenet121_ordinal | Epoch 8/45
14:39:36 | INFO    | train.densenet121_ordinal |     batch   50/427   loss 0.1006  lr 2.86e-04
14:39:41 | INFO    | train.densenet121_ordinal |     batch  100/427   loss 0.1128  lr 2.86e-04
14:39:46 | INFO    | train.densenet121_ordinal |     batch  150/427   loss 0.1200  lr 2.85e-04
14:39:51 | INFO    | train.densenet121_ordinal |     batch  200/427   loss 0.1185  lr 2.85e-04
14:39:55 | INFO    | train.densenet121_ordinal |     batch  250/427   loss 0.1193  lr 2.84e-04
14:40:00 | INFO    | train.densenet121_ordinal |     batch  300/427   loss 0.1187  lr 2.83e-04
14:40:05 | INFO    | train.densenet121_ordinal |     batch  350/427   loss 0.1219  lr 2.83e-04
14:40:10 | INFO    | train.densenet121_ordinal |     batch  400/427   loss 0.1225  lr 2.82e-04
14:40:15 | INFO    | train.densenet121_ordinal | Thresholds fitted on validation:
  naive thresholds  [0.5, 1.5, 2.5, 3.5]  ->  QWK 0.8792
  fitted thresholds [0.913, 1.375, 2.759, 4.374]  ->  QWK 0.8971   (+0.0179)
  converged in 2 round(s)
14:40:15 | INFO    | train.densenet121_ordinal | train_loss 0.1215 | val_loss 0.1953 | val_QWK 0.8971 | val_acc 0.7655 | 44s (ETA 31 min)
14:40:15 | INFO    | train.densenet121_ordinal |   smoothed val_qwk 0.8994 (best 0.8996) - no improvement (2/12); best raw val_qwk 0.9067 at epoch 4
14:40:15 | INFO    | train.densenet121_ordinal | --------------------------------------------------------------------
14:40:15 | INFO    | train.densenet121_ordinal | Epoch 9/45
14:40:20 | INFO    | train.densenet121_ordinal |     batch   50/427   loss 0.1054  lr 2.81e-04
14:40:25 | INFO    | train.densenet121_ordinal |     batch  100/427   loss 0.1039  lr 2.81e-04
14:40:30 | INFO    | train.densenet121_ordinal |     batch  150/427   loss 0.1097  lr 2.80e-04
14:40:35 | INFO    | train.densenet121_ordinal |     batch  200/427   loss 0.1173  lr 2.79e-04
14:40:39 | INFO    | train.densenet121_ordinal |     batch  250/427   loss 0.1203  lr 2.79e-04
14:40:44 | INFO    | train.densenet121_ordinal |     batch  300/427   loss 0.1195  lr 2.78e-04
14:40:49 | INFO    | train.densenet121_ordinal |     batch  350/427   loss 0.1195  lr 2.78e-04
14:40:54 | INFO    | train.densenet121_ordinal |     batch  400/427   loss 0.1194  lr 2.77e-04
14:40:59 | INFO    | train.densenet121_ordinal | Thresholds fitted on validation:
  naive thresholds  [0.5, 1.5, 2.5, 3.5]  ->  QWK 0.8790
  fitted thresholds [0.694, 1.284, 2.364, 3.936]  ->  QWK 0.9024   (+0.0234)
  converged in 2 round(s)
14:40:59 | INFO    | train.densenet121_ordinal | train_loss 0.1202 | val_loss 0.1505 | val_QWK 0.9024 | val_acc 0.6964 | 44s (ETA 29 min)
14:40:59 | INFO    | train.densenet121_ordinal |   smoothed val_qwk 0.8996 (best 0.8996) - no improvement (3/12); best raw val_qwk 0.9067 at epoch 4
14:40:59 | INFO    | train.densenet121_ordinal | --------------------------------------------------------------------
14:40:59 | INFO    | train.densenet121_ordinal | Epoch 10/45
14:41:04 | INFO    | train.densenet121_ordinal |     batch   50/427   loss 0.1359  lr 2.76e-04
14:41:09 | INFO    | train.densenet121_ordinal |     batch  100/427   loss 0.1276  lr 2.75e-04
14:41:13 | INFO    | train.densenet121_ordinal |     batch  150/427   loss 0.1263  lr 2.74e-04
14:41:18 | INFO    | train.densenet121_ordinal |     batch  200/427   loss 0.1194  lr 2.74e-04
14:41:23 | INFO    | train.densenet121_ordinal |     batch  250/427   loss 0.1134  lr 2.73e-04
14:41:28 | INFO    | train.densenet121_ordinal |     batch  300/427   loss 0.1152  lr 2.72e-04
14:41:32 | INFO    | train.densenet121_ordinal |     batch  350/427   loss 0.1169  lr 2.72e-04
14:41:37 | INFO    | train.densenet121_ordinal |     batch  400/427   loss 0.1190  lr 2.71e-04
14:41:43 | INFO    | train.densenet121_ordinal | Thresholds fitted on validation:
  naive thresholds  [0.5, 1.5, 2.5, 3.5]  ->  QWK 0.8737
  fitted thresholds [0.532, 1.138, 1.964, 3.23]  ->  QWK 0.9054   (+0.0317)
  converged in 2 round(s)
14:41:43 | INFO    | train.densenet121_ordinal | train_loss 0.1201 | val_loss 0.1623 | val_QWK 0.9054 | val_acc 0.7236 | 43s (ETA 28 min)
14:41:43 | INFO    | train.densenet121_ordinal | --------------------------------------------------------------------
14:41:43 | INFO    | train.densenet121_ordinal | Epoch 11/45
14:41:47 | INFO    | train.densenet121_ordinal |     batch   50/427   loss 0.0936  lr 2.70e-04
14:41:52 | INFO    | train.densenet121_ordinal |     batch  100/427   loss 0.0942  lr 2.69e-04
14:41:57 | INFO    | train.densenet121_ordinal |     batch  150/427   loss 0.1038  lr 2.68e-04
14:42:02 | INFO    | train.densenet121_ordinal |     batch  200/427   loss 0.1074  lr 2.67e-04
14:42:06 | INFO    | train.densenet121_ordinal |     batch  250/427   loss 0.1034  lr 2.67e-04
14:42:11 | INFO    | train.densenet121_ordinal |     batch  300/427   loss 0.1048  lr 2.66e-04
14:42:16 | INFO    | train.densenet121_ordinal |     batch  350/427   loss 0.1103  lr 2.65e-04
14:42:21 | INFO    | train.densenet121_ordinal |     batch  400/427   loss 0.1093  lr 2.64e-04
14:42:27 | INFO    | train.densenet121_ordinal | Thresholds fitted on validation:
  naive thresholds  [0.5, 1.5, 2.5, 3.5]  ->  QWK 0.8858
  fitted thresholds [0.668, 1.291, 2.101, 3.347]  ->  QWK 0.9097   (+0.0239)
  converged in 2 round(s)
14:42:27 | INFO    | train.densenet121_ordinal | train_loss 0.1105 | val_loss 0.1624 | val_QWK 0.9097 | val_acc 0.7255 | 44s (ETA 27 min)
14:42:27 | INFO    | train.densenet121_ordinal |   new best val_qwk = 0.9097 (+0.0030) - saving best.pt
14:42:27 | INFO    | train.densenet121_ordinal | --------------------------------------------------------------------
14:42:27 | INFO    | train.densenet121_ordinal | Epoch 12/45
14:42:31 | INFO    | train.densenet121_ordinal |     batch   50/427   loss 0.1119  lr 2.63e-04
14:42:36 | INFO    | train.densenet121_ordinal |     batch  100/427   loss 0.1005  lr 2.62e-04
14:42:41 | INFO    | train.densenet121_ordinal |     batch  150/427   loss 0.1043  lr 2.61e-04
14:42:46 | INFO    | train.densenet121_ordinal |     batch  200/427   loss 0.0975  lr 2.61e-04
14:42:50 | INFO    | train.densenet121_ordinal |     batch  250/427   loss 0.1002  lr 2.60e-04
14:42:55 | INFO    | train.densenet121_ordinal |     batch  300/427   loss 0.0969  lr 2.59e-04
14:43:00 | INFO    | train.densenet121_ordinal |     batch  350/427   loss 0.1000  lr 2.58e-04
14:43:04 | INFO    | train.densenet121_ordinal |     batch  400/427   loss 0.1008  lr 2.57e-04
14:43:10 | INFO    | train.densenet121_ordinal | Thresholds fitted on validation:
  naive thresholds  [0.5, 1.5, 2.5, 3.5]  ->  QWK 0.9029
  fitted thresholds [0.602, 1.251, 2.289, 3.262]  ->  QWK 0.9112   (+0.0083)
  converged in 2 round(s)
14:43:10 | INFO    | train.densenet121_ordinal | train_loss 0.1019 | val_loss 0.1542 | val_QWK 0.9112 | val_acc 0.7655 | 43s (ETA 26 min)
14:43:10 | INFO    | train.densenet121_ordinal |   new best val_qwk = 0.9112 (+0.0015) - saving best.pt
14:43:10 | INFO    | train.densenet121_ordinal | --------------------------------------------------------------------
14:43:10 | INFO    | train.densenet121_ordinal | Epoch 13/45
14:43:15 | INFO    | train.densenet121_ordinal |     batch   50/427   loss 0.1009  lr 2.56e-04
14:43:20 | INFO    | train.densenet121_ordinal |     batch  100/427   loss 0.0980  lr 2.55e-04
14:43:24 | INFO    | train.densenet121_ordinal |     batch  150/427   loss 0.0964  lr 2.54e-04
14:43:29 | INFO    | train.densenet121_ordinal |     batch  200/427   loss 0.1036  lr 2.53e-04
14:43:34 | INFO    | train.densenet121_ordinal |     batch  250/427   loss 0.1029  lr 2.52e-04
14:43:38 | INFO    | train.densenet121_ordinal |     batch  300/427   loss 0.0990  lr 2.51e-04
14:43:43 | INFO    | train.densenet121_ordinal |     batch  350/427   loss 0.0984  lr 2.50e-04
14:43:48 | INFO    | train.densenet121_ordinal |     batch  400/427   loss 0.0979  lr 2.49e-04
14:43:53 | INFO    | train.densenet121_ordinal | Thresholds fitted on validation:
  naive thresholds  [0.5, 1.5, 2.5, 3.5]  ->  QWK 0.8874
  fitted thresholds [0.315, 0.99, 2.218, 3.5]  ->  QWK 0.9086   (+0.0212)
  converged in 2 round(s)
14:43:53 | INFO    | train.densenet121_ordinal | train_loss 0.0969 | val_loss 0.1595 | val_QWK 0.9086 | val_acc 0.7618 | 43s (ETA 25 min)
14:43:53 | INFO    | train.densenet121_ordinal | --------------------------------------------------------------------
14:43:53 | INFO    | train.densenet121_ordinal | Epoch 14/45
14:43:58 | INFO    | train.densenet121_ordinal |     batch   50/427   loss 0.0811  lr 2.48e-04
14:44:03 | INFO    | train.densenet121_ordinal |     batch  100/427   loss 0.0914  lr 2.47e-04
14:44:07 | INFO    | train.densenet121_ordinal |     batch  150/427   loss 0.0940  lr 2.46e-04
14:44:12 | INFO    | train.densenet121_ordinal |     batch  200/427   loss 0.0912  lr 2.45e-04
14:44:17 | INFO    | train.densenet121_ordinal |     batch  250/427   loss 0.0897  lr 2.44e-04
14:44:21 | INFO    | train.densenet121_ordinal |     batch  300/427   loss 0.0911  lr 2.43e-04
14:44:26 | INFO    | train.densenet121_ordinal |     batch  350/427   loss 0.0916  lr 2.42e-04
14:44:31 | INFO    | train.densenet121_ordinal |     batch  400/427   loss 0.0931  lr 2.41e-04
14:44:36 | INFO    | train.densenet121_ordinal | Thresholds fitted on validation:
  naive thresholds  [0.5, 1.5, 2.5, 3.5]  ->  QWK 0.9012
  fitted thresholds [0.702, 1.627, 2.782, 3.784]  ->  QWK 0.9124   (+0.0112)
  converged in 2 round(s)
14:44:36 | INFO    | train.densenet121_ordinal | train_loss 0.0924 | val_loss 0.1692 | val_QWK 0.9124 | val_acc 0.8127 | 43s (ETA 24 min)
14:44:36 | INFO    | train.densenet121_ordinal |   new best val_qwk = 0.9124 (+0.0012) - saving best.pt
14:44:36 | INFO    | train.densenet121_ordinal | --------------------------------------------------------------------
14:44:36 | INFO    | train.densenet121_ordinal | Epoch 15/45
14:44:41 | INFO    | train.densenet121_ordinal |     batch   50/427   loss 0.0831  lr 2.40e-04
14:44:46 | INFO    | train.densenet121_ordinal |     batch  100/427   loss 0.0814  lr 2.39e-04
14:44:51 | INFO    | train.densenet121_ordinal |     batch  150/427   loss 0.0800  lr 2.38e-04
14:44:55 | INFO    | train.densenet121_ordinal |     batch  200/427   loss 0.0803  lr 2.37e-04
14:45:00 | INFO    | train.densenet121_ordinal |     batch  250/427   loss 0.0785  lr 2.36e-04
14:45:05 | INFO    | train.densenet121_ordinal |     batch  300/427   loss 0.0837  lr 2.35e-04
14:45:09 | INFO    | train.densenet121_ordinal |     batch  350/427   loss 0.0837  lr 2.34e-04
14:45:14 | INFO    | train.densenet121_ordinal |     batch  400/427   loss 0.0839  lr 2.32e-04
14:45:20 | INFO    | train.densenet121_ordinal | Thresholds fitted on validation:
  naive thresholds  [0.5, 1.5, 2.5, 3.5]  ->  QWK 0.8873
  fitted thresholds [0.732, 0.993, 2.387, 3.084]  ->  QWK 0.9006   (+0.0133)
  converged in 3 round(s)
14:45:20 | INFO    | train.densenet121_ordinal | train_loss 0.0861 | val_loss 0.1822 | val_QWK 0.9006 | val_acc 0.7945 | 43s (ETA 23 min)
14:45:20 | INFO    | train.densenet121_ordinal |   smoothed val_qwk 0.9072 (best 0.9107) - no improvement (1/12); best raw val_qwk 0.9124 at epoch 14
14:45:20 | INFO    | train.densenet121_ordinal | --------------------------------------------------------------------
14:45:20 | INFO    | train.densenet121_ordinal | Epoch 16/45
14:45:25 | INFO    | train.densenet121_ordinal |     batch   50/427   loss 0.0872  lr 2.31e-04
14:45:29 | INFO    | train.densenet121_ordinal |     batch  100/427   loss 0.0796  lr 2.30e-04
14:45:34 | INFO    | train.densenet121_ordinal |     batch  150/427   loss 0.0857  lr 2.29e-04
14:45:39 | INFO    | train.densenet121_ordinal |     batch  200/427   loss 0.0815  lr 2.28e-04
14:45:43 | INFO    | train.densenet121_ordinal |     batch  250/427   loss 0.0847  lr 2.27e-04
14:45:48 | INFO    | train.densenet121_ordinal |     batch  300/427   loss 0.0848  lr 2.26e-04
14:45:53 | INFO    | train.densenet121_ordinal |     batch  350/427   loss 0.0841  lr 2.24e-04
14:45:57 | INFO    | train.densenet121_ordinal |     batch  400/427   loss 0.0844  lr 2.23e-04
14:46:03 | INFO    | train.densenet121_ordinal | Thresholds fitted on validation:
  naive thresholds  [0.5, 1.5, 2.5, 3.5]  ->  QWK 0.8968
  fitted thresholds [0.668, 1.406, 2.636, 3.455]  ->  QWK 0.9102   (+0.0134)
  converged in 2 round(s)
14:46:03 | INFO    | train.densenet121_ordinal | train_loss 0.0825 | val_loss 0.1568 | val_QWK 0.9102 | val_acc 0.7891 | 43s (ETA 22 min)
14:46:03 | INFO    | train.densenet121_ordinal |   smoothed val_qwk 0.9077 (best 0.9107) - no improvement (2/12); best raw val_qwk 0.9124 at epoch 14
14:46:03 | INFO    | train.densenet121_ordinal | --------------------------------------------------------------------
14:46:03 | INFO    | train.densenet121_ordinal | Epoch 17/45
14:46:08 | INFO    | train.densenet121_ordinal |     batch   50/427   loss 0.0767  lr 2.22e-04
14:46:13 | INFO    | train.densenet121_ordinal |     batch  100/427   loss 0.0780  lr 2.21e-04
14:46:17 | INFO    | train.densenet121_ordinal |     batch  150/427   loss 0.0791  lr 2.19e-04
14:46:22 | INFO    | train.densenet121_ordinal |     batch  200/427   loss 0.0790  lr 2.18e-04
14:46:27 | INFO    | train.densenet121_ordinal |     batch  250/427   loss 0.0860  lr 2.17e-04
14:46:31 | INFO    | train.densenet121_ordinal |     batch  300/427   loss 0.0840  lr 2.16e-04
14:46:36 | INFO    | train.densenet121_ordinal |     batch  350/427   loss 0.0811  lr 2.15e-04
14:46:41 | INFO    | train.densenet121_ordinal |     batch  400/427   loss 0.0832  lr 2.14e-04
14:46:47 | INFO    | train.densenet121_ordinal | Thresholds fitted on validation:
  naive thresholds  [0.5, 1.5, 2.5, 3.5]  ->  QWK 0.8997
  fitted thresholds [0.67, 1.216, 2.897, 3.669]  ->  QWK 0.9112   (+0.0115)
  converged in 2 round(s)
14:46:47 | INFO    | train.densenet121_ordinal | train_loss 0.0828 | val_loss 0.1313 | val_QWK 0.9112 | val_acc 0.8236 | 44s (ETA 22 min)
14:46:47 | INFO    | train.densenet121_ordinal |   smoothed val_qwk 0.9073 (best 0.9107) - no improvement (3/12); best raw val_qwk 0.9124 at epoch 14
14:46:47 | INFO    | train.densenet121_ordinal | --------------------------------------------------------------------
14:46:47 | INFO    | train.densenet121_ordinal | Epoch 18/45
14:46:52 | INFO    | train.densenet121_ordinal |     batch   50/427   loss 0.0965  lr 2.12e-04
14:46:56 | INFO    | train.densenet121_ordinal |     batch  100/427   loss 0.0939  lr 2.11e-04
14:47:01 | INFO    | train.densenet121_ordinal |     batch  150/427   loss 0.0985  lr 2.10e-04
14:47:06 | INFO    | train.densenet121_ordinal |     batch  200/427   loss 0.0913  lr 2.09e-04
14:47:10 | INFO    | train.densenet121_ordinal |     batch  250/427   loss 0.0872  lr 2.08e-04
14:47:15 | INFO    | train.densenet121_ordinal |     batch  300/427   loss 0.0824  lr 2.06e-04
14:47:20 | INFO    | train.densenet121_ordinal |     batch  350/427   loss 0.0800  lr 2.05e-04
14:47:25 | INFO    | train.densenet121_ordinal |     batch  400/427   loss 0.0796  lr 2.04e-04
14:47:30 | INFO    | train.densenet121_ordinal | Thresholds fitted on validation:
  naive thresholds  [0.5, 1.5, 2.5, 3.5]  ->  QWK 0.8937
  fitted thresholds [0.5, 1.25, 2.243, 3.466]  ->  QWK 0.9154   (+0.0217)
  converged in 2 round(s)
14:47:30 | INFO    | train.densenet121_ordinal | train_loss 0.0790 | val_loss 0.1855 | val_QWK 0.9154 | val_acc 0.7927 | 43s (ETA 21 min)
14:47:30 | INFO    | train.densenet121_ordinal |   new best val_qwk = 0.9154 (+0.0030) - saving best.pt
14:47:30 | INFO    | train.densenet121_ordinal | --------------------------------------------------------------------
14:47:30 | INFO    | train.densenet121_ordinal | Epoch 19/45
14:47:35 | INFO    | train.densenet121_ordinal |     batch   50/427   loss 0.0636  lr 2.02e-04
14:47:40 | INFO    | train.densenet121_ordinal |     batch  100/427   loss 0.0699  lr 2.01e-04
14:47:45 | INFO    | train.densenet121_ordinal |     batch  150/427   loss 0.0716  lr 2.00e-04
14:47:49 | INFO    | train.densenet121_ordinal |     batch  200/427   loss 0.0734  lr 1.99e-04
14:47:54 | INFO    | train.densenet121_ordinal |     batch  250/427   loss 0.0714  lr 1.98e-04
14:47:59 | INFO    | train.densenet121_ordinal |     batch  300/427   loss 0.0713  lr 1.96e-04
14:48:03 | INFO    | train.densenet121_ordinal |     batch  350/427   loss 0.0707  lr 1.95e-04
14:48:08 | INFO    | train.densenet121_ordinal |     batch  400/427   loss 0.0711  lr 1.94e-04
14:48:14 | INFO    | train.densenet121_ordinal | Thresholds fitted on validation:
  naive thresholds  [0.5, 1.5, 2.5, 3.5]  ->  QWK 0.8905
  fitted thresholds [0.791, 1.74, 2.689, 3.876]  ->  QWK 0.9079   (+0.0174)
  converged in 2 round(s)
14:48:14 | INFO    | train.densenet121_ordinal | train_loss 0.0705 | val_loss 0.1669 | val_QWK 0.9079 | val_acc 0.7545 | 43s (ETA 20 min)
14:48:14 | INFO    | train.densenet121_ordinal |   smoothed val_qwk 0.9115 (best 0.9123) - no improvement (1/12); best raw val_qwk 0.9154 at epoch 18
14:48:14 | INFO    | train.densenet121_ordinal | --------------------------------------------------------------------
14:48:14 | INFO    | train.densenet121_ordinal | Epoch 20/45
14:48:19 | INFO    | train.densenet121_ordinal |     batch   50/427   loss 0.0677  lr 1.92e-04
14:48:23 | INFO    | train.densenet121_ordinal |     batch  100/427   loss 0.0605  lr 1.91e-04
14:48:28 | INFO    | train.densenet121_ordinal |     batch  150/427   loss 0.0629  lr 1.90e-04
14:48:32 | INFO    | train.densenet121_ordinal |     batch  200/427   loss 0.0654  lr 1.89e-04
14:48:37 | INFO    | train.densenet121_ordinal |     batch  250/427   loss 0.0656  lr 1.87e-04
14:48:42 | INFO    | train.densenet121_ordinal |     batch  300/427   loss 0.0651  lr 1.86e-04
14:48:46 | INFO    | train.densenet121_ordinal |     batch  350/427   loss 0.0633  lr 1.85e-04
14:48:51 | INFO    | train.densenet121_ordinal |     batch  400/427   loss 0.0637  lr 1.84e-04
14:48:57 | INFO    | train.densenet121_ordinal | Thresholds fitted on validation:
  naive thresholds  [0.5, 1.5, 2.5, 3.5]  ->  QWK 0.8664
  fitted thresholds [0.644, 1.231, 2.309, 3.778]  ->  QWK 0.8948   (+0.0284)
  converged in 2 round(s)
14:48:57 | INFO    | train.densenet121_ordinal | train_loss 0.0649 | val_loss 0.1906 | val_QWK 0.8948 | val_acc 0.7327 | 43s (ETA 19 min)
14:48:57 | INFO    | train.densenet121_ordinal |   smoothed val_qwk 0.9060 (best 0.9123) - no improvement (2/12); best raw val_qwk 0.9154 at epoch 18
14:48:57 | INFO    | train.densenet121_ordinal | --------------------------------------------------------------------
14:48:57 | INFO    | train.densenet121_ordinal | Epoch 21/45
14:49:02 | INFO    | train.densenet121_ordinal |     batch   50/427   loss 0.0724  lr 1.82e-04
14:49:06 | INFO    | train.densenet121_ordinal |     batch  100/427   loss 0.0638  lr 1.81e-04
14:49:11 | INFO    | train.densenet121_ordinal |     batch  150/427   loss 0.0591  lr 1.80e-04
14:49:16 | INFO    | train.densenet121_ordinal |     batch  200/427   loss 0.0589  lr 1.78e-04
14:49:20 | INFO    | train.densenet121_ordinal |     batch  250/427   loss 0.0611  lr 1.77e-04
14:49:25 | INFO    | train.densenet121_ordinal |     batch  300/427   loss 0.0620  lr 1.76e-04
14:49:29 | INFO    | train.densenet121_ordinal |     batch  350/427   loss 0.0632  lr 1.75e-04
14:49:34 | INFO    | train.densenet121_ordinal |     batch  400/427   loss 0.0629  lr 1.73e-04
14:49:39 | INFO    | train.densenet121_ordinal | Thresholds fitted on validation:
  naive thresholds  [0.5, 1.5, 2.5, 3.5]  ->  QWK 0.8959
  fitted thresholds [0.663, 1.15, 2.549, 3.5]  ->  QWK 0.9079   (+0.0120)
  converged in 2 round(s)
14:49:39 | INFO    | train.densenet121_ordinal | train_loss 0.0621 | val_loss 0.1499 | val_QWK 0.9079 | val_acc 0.7836 | 43s (ETA 18 min)
14:49:39 | INFO    | train.densenet121_ordinal |   smoothed val_qwk 0.9035 (best 0.9123) - no improvement (3/12); best raw val_qwk 0.9154 at epoch 18
14:49:39 | INFO    | train.densenet121_ordinal | --------------------------------------------------------------------
14:49:39 | INFO    | train.densenet121_ordinal | Epoch 22/45
14:49:44 | INFO    | train.densenet121_ordinal |     batch   50/427   loss 0.0622  lr 1.72e-04
14:49:49 | INFO    | train.densenet121_ordinal |     batch  100/427   loss 0.0697  lr 1.70e-04
14:49:54 | INFO    | train.densenet121_ordinal |     batch  150/427   loss 0.0669  lr 1.69e-04
14:49:58 | INFO    | train.densenet121_ordinal |     batch  200/427   loss 0.0669  lr 1.68e-04
14:50:03 | INFO    | train.densenet121_ordinal |     batch  250/427   loss 0.0655  lr 1.67e-04
14:50:08 | INFO    | train.densenet121_ordinal |     batch  300/427   loss 0.0615  lr 1.65e-04
14:50:12 | INFO    | train.densenet121_ordinal |     batch  350/427   loss 0.0614  lr 1.64e-04
14:50:17 | INFO    | train.densenet121_ordinal |     batch  400/427   loss 0.0612  lr 1.63e-04
14:50:22 | INFO    | train.densenet121_ordinal | Thresholds fitted on validation:
  naive thresholds  [0.5, 1.5, 2.5, 3.5]  ->  QWK 0.9002
  fitted thresholds [0.56, 1.312, 2.354, 3.569]  ->  QWK 0.9079   (+0.0077)
  converged in 2 round(s)
14:50:22 | INFO    | train.densenet121_ordinal | train_loss 0.0596 | val_loss 0.1545 | val_QWK 0.9079 | val_acc 0.7418 | 43s (ETA 17 min)
14:50:22 | INFO    | train.densenet121_ordinal |   smoothed val_qwk 0.9035 (best 0.9123) - no improvement (4/12); best raw val_qwk 0.9154 at epoch 18
14:50:22 | INFO    | train.densenet121_ordinal | --------------------------------------------------------------------
14:50:22 | INFO    | train.densenet121_ordinal | Epoch 23/45
14:50:27 | INFO    | train.densenet121_ordinal |     batch   50/427   loss 0.0462  lr 1.61e-04
14:50:32 | INFO    | train.densenet121_ordinal |     batch  100/427   loss 0.0458  lr 1.60e-04
14:50:37 | INFO    | train.densenet121_ordinal |     batch  150/427   loss 0.0493  lr 1.58e-04
14:50:41 | INFO    | train.densenet121_ordinal |     batch  200/427   loss 0.0542  lr 1.57e-04
14:50:46 | INFO    | train.densenet121_ordinal |     batch  250/427   loss 0.0536  lr 1.56e-04
14:50:51 | INFO    | train.densenet121_ordinal |     batch  300/427   loss 0.0561  lr 1.55e-04
14:50:56 | INFO    | train.densenet121_ordinal |     batch  350/427   loss 0.0590  lr 1.54e-04
14:51:01 | INFO    | train.densenet121_ordinal |     batch  400/427   loss 0.0615  lr 1.52e-04
14:51:06 | INFO    | train.densenet121_ordinal | Thresholds fitted on validation:
  naive thresholds  [0.5, 1.5, 2.5, 3.5]  ->  QWK 0.8955
  fitted thresholds [0.771, 1.297, 2.641, 3.167]  ->  QWK 0.9140   (+0.0185)
  converged in 2 round(s)
14:51:06 | INFO    | train.densenet121_ordinal | train_loss 0.0615 | val_loss 0.1376 | val_QWK 0.9140 | val_acc 0.8036 | 44s (ETA 17 min)
14:51:06 | INFO    | train.densenet121_ordinal |   smoothed val_qwk 0.9099 (best 0.9123) - no improvement (5/12); best raw val_qwk 0.9154 at epoch 18
14:51:06 | INFO    | train.densenet121_ordinal | --------------------------------------------------------------------
14:51:06 | INFO    | train.densenet121_ordinal | Epoch 24/45
14:51:11 | INFO    | train.densenet121_ordinal |     batch   50/427   loss 0.0734  lr 1.50e-04
14:51:16 | INFO    | train.densenet121_ordinal |     batch  100/427   loss 0.0630  lr 1.49e-04
14:51:21 | INFO    | train.densenet121_ordinal |     batch  150/427   loss 0.0569  lr 1.48e-04
14:51:25 | INFO    | train.densenet121_ordinal |     batch  200/427   loss 0.0563  lr 1.47e-04
14:51:30 | INFO    | train.densenet121_ordinal |     batch  250/427   loss 0.0552  lr 1.45e-04
14:51:35 | INFO    | train.densenet121_ordinal |     batch  300/427   loss 0.0573  lr 1.44e-04
14:51:39 | INFO    | train.densenet121_ordinal |     batch  350/427   loss 0.0557  lr 1.43e-04
14:51:44 | INFO    | train.densenet121_ordinal |     batch  400/427   loss 0.0554  lr 1.42e-04
14:51:50 | INFO    | train.densenet121_ordinal | Thresholds fitted on validation:
  naive thresholds  [0.5, 1.5, 2.5, 3.5]  ->  QWK 0.9013
  fitted thresholds [0.5, 1.234, 2.578, 3.17]  ->  QWK 0.9210   (+0.0197)
  converged in 2 round(s)
14:51:50 | INFO    | train.densenet121_ordinal | train_loss 0.0560 | val_loss 0.1372 | val_QWK 0.9210 | val_acc 0.8164 | 44s (ETA 16 min)
14:51:50 | INFO    | train.densenet121_ordinal |   new best val_qwk = 0.9210 (+0.0056) - saving best.pt
14:51:50 | INFO    | train.densenet121_ordinal | --------------------------------------------------------------------
14:51:50 | INFO    | train.densenet121_ordinal | Epoch 25/45
14:51:55 | INFO    | train.densenet121_ordinal |     batch   50/427   loss 0.0554  lr 1.40e-04
14:52:00 | INFO    | train.densenet121_ordinal |     batch  100/427   loss 0.0482  lr 1.39e-04
14:52:04 | INFO    | train.densenet121_ordinal |     batch  150/427   loss 0.0483  lr 1.37e-04
14:52:09 | INFO    | train.densenet121_ordinal |     batch  200/427   loss 0.0458  lr 1.36e-04
14:52:14 | INFO    | train.densenet121_ordinal |     batch  250/427   loss 0.0433  lr 1.35e-04
14:52:19 | INFO    | train.densenet121_ordinal |     batch  300/427   loss 0.0437  lr 1.34e-04
14:52:23 | INFO    | train.densenet121_ordinal |     batch  350/427   loss 0.0441  lr 1.32e-04
14:52:28 | INFO    | train.densenet121_ordinal |     batch  400/427   loss 0.0456  lr 1.31e-04
14:52:33 | INFO    | train.densenet121_ordinal | Thresholds fitted on validation:
  naive thresholds  [0.5, 1.5, 2.5, 3.5]  ->  QWK 0.9030
  fitted thresholds [0.68, 1.27, 2.688, 3.574]  ->  QWK 0.9139   (+0.0109)
  converged in 2 round(s)
14:52:33 | INFO    | train.densenet121_ordinal | train_loss 0.0466 | val_loss 0.1406 | val_QWK 0.9139 | val_acc 0.7964 | 43s (ETA 15 min)
14:52:33 | INFO    | train.densenet121_ordinal | --------------------------------------------------------------------
14:52:33 | INFO    | train.densenet121_ordinal | Epoch 26/45
14:52:38 | INFO    | train.densenet121_ordinal |     batch   50/427   loss 0.0362  lr 1.29e-04
14:52:43 | INFO    | train.densenet121_ordinal |     batch  100/427   loss 0.0402  lr 1.28e-04
14:52:48 | INFO    | train.densenet121_ordinal |     batch  150/427   loss 0.0396  lr 1.27e-04
14:52:52 | INFO    | train.densenet121_ordinal |     batch  200/427   loss 0.0402  lr 1.26e-04
14:52:57 | INFO    | train.densenet121_ordinal |     batch  250/427   loss 0.0406  lr 1.24e-04
14:53:02 | INFO    | train.densenet121_ordinal |     batch  300/427   loss 0.0423  lr 1.23e-04
14:53:06 | INFO    | train.densenet121_ordinal |     batch  350/427   loss 0.0438  lr 1.22e-04
14:53:11 | INFO    | train.densenet121_ordinal |     batch  400/427   loss 0.0444  lr 1.21e-04
14:53:17 | INFO    | train.densenet121_ordinal | Thresholds fitted on validation:
  naive thresholds  [0.5, 1.5, 2.5, 3.5]  ->  QWK 0.9089
  fitted thresholds [0.5, 1.146, 2.539, 3.158]  ->  QWK 0.9203   (+0.0114)
  converged in 2 round(s)
14:53:17 | INFO    | train.densenet121_ordinal | train_loss 0.0436 | val_loss 0.1562 | val_QWK 0.9203 | val_acc 0.8164 | 43s (ETA 14 min)
14:53:17 | INFO    | train.densenet121_ordinal | --------------------------------------------------------------------
14:53:17 | INFO    | train.densenet121_ordinal | Epoch 27/45
14:53:21 | INFO    | train.densenet121_ordinal |     batch   50/427   loss 0.0411  lr 1.19e-04
14:53:26 | INFO    | train.densenet121_ordinal |     batch  100/427   loss 0.0331  lr 1.18e-04
14:53:31 | INFO    | train.densenet121_ordinal |     batch  150/427   loss 0.0353  lr 1.16e-04
14:53:35 | INFO    | train.densenet121_ordinal |     batch  200/427   loss 0.0383  lr 1.15e-04
14:53:40 | INFO    | train.densenet121_ordinal |     batch  250/427   loss 0.0415  lr 1.14e-04
14:53:44 | INFO    | train.densenet121_ordinal |     batch  300/427   loss 0.0416  lr 1.13e-04
14:53:49 | INFO    | train.densenet121_ordinal |     batch  350/427   loss 0.0431  lr 1.12e-04
14:53:54 | INFO    | train.densenet121_ordinal |     batch  400/427   loss 0.0431  lr 1.10e-04
14:54:00 | INFO    | train.densenet121_ordinal | Thresholds fitted on validation:
  naive thresholds  [0.5, 1.5, 2.5, 3.5]  ->  QWK 0.9046
  fitted thresholds [0.63, 1.48, 2.612, 3.249]  ->  QWK 0.9108   (+0.0062)
  converged in 2 round(s)
14:54:00 | INFO    | train.densenet121_ordinal | train_loss 0.0430 | val_loss 0.1472 | val_QWK 0.9108 | val_acc 0.8091 | 43s (ETA 14 min)
14:54:00 | INFO    | train.densenet121_ordinal |   smoothed val_qwk 0.9150 (best 0.9184) - no improvement (1/12); best raw val_qwk 0.9210 at epoch 24
14:54:00 | INFO    | train.densenet121_ordinal | --------------------------------------------------------------------
14:54:00 | INFO    | train.densenet121_ordinal | Epoch 28/45
14:54:04 | INFO    | train.densenet121_ordinal |     batch   50/427   loss 0.0322  lr 1.09e-04
14:54:09 | INFO    | train.densenet121_ordinal |     batch  100/427   loss 0.0330  lr 1.07e-04
14:54:14 | INFO    | train.densenet121_ordinal |     batch  150/427   loss 0.0312  lr 1.06e-04
14:54:19 | INFO    | train.densenet121_ordinal |     batch  200/427   loss 0.0364  lr 1.05e-04
14:54:24 | INFO    | train.densenet121_ordinal |     batch  250/427   loss 0.0378  lr 1.04e-04
14:54:28 | INFO    | train.densenet121_ordinal |     batch  300/427   loss 0.0386  lr 1.03e-04
14:54:33 | INFO    | train.densenet121_ordinal |     batch  350/427   loss 0.0372  lr 1.02e-04
14:54:38 | INFO    | train.densenet121_ordinal |     batch  400/427   loss 0.0369  lr 1.00e-04
14:54:43 | INFO    | train.densenet121_ordinal | Thresholds fitted on validation:
  naive thresholds  [0.5, 1.5, 2.5, 3.5]  ->  QWK 0.9057
  fitted thresholds [0.588, 1.248, 2.79, 3.5]  ->  QWK 0.9173   (+0.0116)
  converged in 2 round(s)
14:54:43 | INFO    | train.densenet121_ordinal | train_loss 0.0371 | val_loss 0.1246 | val_QWK 0.9173 | val_acc 0.8127 | 44s (ETA 13 min)
14:54:43 | INFO    | train.densenet121_ordinal |   smoothed val_qwk 0.9161 (best 0.9184) - no improvement (2/12); best raw val_qwk 0.9210 at epoch 24
14:54:43 | INFO    | train.densenet121_ordinal | --------------------------------------------------------------------
14:54:43 | INFO    | train.densenet121_ordinal | Epoch 29/45
14:54:48 | INFO    | train.densenet121_ordinal |     batch   50/427   loss 0.0448  lr 9.86e-05
14:54:53 | INFO    | train.densenet121_ordinal |     batch  100/427   loss 0.0342  lr 9.74e-05
14:54:58 | INFO    | train.densenet121_ordinal |     batch  150/427   loss 0.0310  lr 9.62e-05
14:55:03 | INFO    | train.densenet121_ordinal |     batch  200/427   loss 0.0312  lr 9.51e-05
14:55:07 | INFO    | train.densenet121_ordinal |     batch  250/427   loss 0.0311  lr 9.40e-05
14:55:12 | INFO    | train.densenet121_ordinal |     batch  300/427   loss 0.0308  lr 9.28e-05
14:55:17 | INFO    | train.densenet121_ordinal |     batch  350/427   loss 0.0318  lr 9.17e-05
14:55:22 | INFO    | train.densenet121_ordinal |     batch  400/427   loss 0.0325  lr 9.06e-05
14:55:27 | INFO    | train.densenet121_ordinal | Thresholds fitted on validation:
  naive thresholds  [0.5, 1.5, 2.5, 3.5]  ->  QWK 0.8958
  fitted thresholds [0.716, 1.233, 2.728, 3.763]  ->  QWK 0.9115   (+0.0157)
  converged in 2 round(s)
14:55:27 | INFO    | train.densenet121_ordinal | train_loss 0.0330 | val_loss 0.1436 | val_QWK 0.9115 | val_acc 0.8109 | 44s (ETA 12 min)
14:55:27 | INFO    | train.densenet121_ordinal |   smoothed val_qwk 0.9132 (best 0.9184) - no improvement (3/12); best raw val_qwk 0.9210 at epoch 24
14:55:27 | INFO    | train.densenet121_ordinal | --------------------------------------------------------------------
14:55:27 | INFO    | train.densenet121_ordinal | Epoch 30/45
14:55:32 | INFO    | train.densenet121_ordinal |     batch   50/427   loss 0.0273  lr 8.88e-05
14:55:37 | INFO    | train.densenet121_ordinal |     batch  100/427   loss 0.0317  lr 8.77e-05
14:55:41 | INFO    | train.densenet121_ordinal |     batch  150/427   loss 0.0325  lr 8.65e-05
14:55:46 | INFO    | train.densenet121_ordinal |     batch  200/427   loss 0.0338  lr 8.55e-05
14:55:51 | INFO    | train.densenet121_ordinal |     batch  250/427   loss 0.0350  lr 8.43e-05
14:55:56 | INFO    | train.densenet121_ordinal |     batch  300/427   loss 0.0339  lr 8.32e-05
14:56:00 | INFO    | train.densenet121_ordinal |     batch  350/427   loss 0.0335  lr 8.22e-05
14:56:05 | INFO    | train.densenet121_ordinal |     batch  400/427   loss 0.0331  lr 8.10e-05
14:56:11 | INFO    | train.densenet121_ordinal | Thresholds fitted on validation:
  naive thresholds  [0.5, 1.5, 2.5, 3.5]  ->  QWK 0.9040
  fitted thresholds [0.514, 1.378, 2.848, 3.626]  ->  QWK 0.9157   (+0.0117)
  converged in 3 round(s)
14:56:11 | INFO    | train.densenet121_ordinal | train_loss 0.0323 | val_loss 0.1567 | val_QWK 0.9157 | val_acc 0.8182 | 44s (ETA 11 min)
14:56:11 | INFO    | train.densenet121_ordinal |   smoothed val_qwk 0.9148 (best 0.9184) - no improvement (4/12); best raw val_qwk 0.9210 at epoch 24
14:56:11 | INFO    | train.densenet121_ordinal | --------------------------------------------------------------------
14:56:11 | INFO    | train.densenet121_ordinal | Epoch 31/45
14:56:16 | INFO    | train.densenet121_ordinal |     batch   50/427   loss 0.0371  lr 7.94e-05
14:56:20 | INFO    | train.densenet121_ordinal |     batch  100/427   loss 0.0315  lr 7.83e-05
14:56:25 | INFO    | train.densenet121_ordinal |     batch  150/427   loss 0.0294  lr 7.72e-05
14:56:30 | INFO    | train.densenet121_ordinal |     batch  200/427   loss 0.0299  lr 7.61e-05
14:56:35 | INFO    | train.densenet121_ordinal |     batch  250/427   loss 0.0281  lr 7.51e-05
14:56:39 | INFO    | train.densenet121_ordinal |     batch  300/427   loss 0.0294  lr 7.40e-05
14:56:44 | INFO    | train.densenet121_ordinal |     batch  350/427   loss 0.0295  lr 7.30e-05
14:56:49 | INFO    | train.densenet121_ordinal |     batch  400/427   loss 0.0299  lr 7.19e-05
14:56:55 | INFO    | train.densenet121_ordinal | Thresholds fitted on validation:
  naive thresholds  [0.5, 1.5, 2.5, 3.5]  ->  QWK 0.9087
  fitted thresholds [0.673, 1.41, 2.516, 3.438]  ->  QWK 0.9132   (+0.0045)
  converged in 2 round(s)
14:56:55 | INFO    | train.densenet121_ordinal | train_loss 0.0300 | val_loss 0.1351 | val_QWK 0.9132 | val_acc 0.7782 | 44s (ETA 11 min)
14:56:55 | INFO    | train.densenet121_ordinal |   smoothed val_qwk 0.9135 (best 0.9184) - no improvement (5/12); best raw val_qwk 0.9210 at epoch 24
14:56:55 | INFO    | train.densenet121_ordinal | --------------------------------------------------------------------
14:56:55 | INFO    | train.densenet121_ordinal | Epoch 32/45
14:56:59 | INFO    | train.densenet121_ordinal |     batch   50/427   loss 0.0354  lr 7.03e-05
14:57:04 | INFO    | train.densenet121_ordinal |     batch  100/427   loss 0.0355  lr 6.92e-05
14:57:09 | INFO    | train.densenet121_ordinal |     batch  150/427   loss 0.0335  lr 6.82e-05
14:57:14 | INFO    | train.densenet121_ordinal |     batch  200/427   loss 0.0320  lr 6.72e-05
14:57:18 | INFO    | train.densenet121_ordinal |     batch  250/427   loss 0.0317  lr 6.62e-05
14:57:23 | INFO    | train.densenet121_ordinal |     batch  300/427   loss 0.0314  lr 6.51e-05
14:57:28 | INFO    | train.densenet121_ordinal |     batch  350/427   loss 0.0302  lr 6.42e-05
14:57:33 | INFO    | train.densenet121_ordinal |     batch  400/427   loss 0.0306  lr 6.32e-05
14:57:38 | INFO    | train.densenet121_ordinal | Thresholds fitted on validation:
  naive thresholds  [0.5, 1.5, 2.5, 3.5]  ->  QWK 0.9072
  fitted thresholds [0.654, 1.246, 2.5, 3.539]  ->  QWK 0.9146   (+0.0074)
  converged in 2 round(s)
14:57:38 | INFO    | train.densenet121_ordinal | train_loss 0.0304 | val_loss 0.1523 | val_QWK 0.9146 | val_acc 0.7909 | 44s (ETA 10 min)
14:57:38 | INFO    | train.densenet121_ordinal |   smoothed val_qwk 0.9145 (best 0.9184) - no improvement (6/12); best raw val_qwk 0.9210 at epoch 24
14:57:38 | INFO    | train.densenet121_ordinal | --------------------------------------------------------------------
14:57:38 | INFO    | train.densenet121_ordinal | Epoch 33/45
14:57:43 | INFO    | train.densenet121_ordinal |     batch   50/427   loss 0.0243  lr 6.16e-05
14:57:48 | INFO    | train.densenet121_ordinal |     batch  100/427   loss 0.0243  lr 6.06e-05
14:57:53 | INFO    | train.densenet121_ordinal |     batch  150/427   loss 0.0263  lr 5.96e-05
14:57:58 | INFO    | train.densenet121_ordinal |     batch  200/427   loss 0.0278  lr 5.87e-05
14:58:03 | INFO    | train.densenet121_ordinal |     batch  250/427   loss 0.0276  lr 5.77e-05
14:58:08 | INFO    | train.densenet121_ordinal |     batch  300/427   loss 0.0259  lr 5.67e-05
14:58:12 | INFO    | train.densenet121_ordinal |     batch  350/427   loss 0.0245  lr 5.58e-05
14:58:17 | INFO    | train.densenet121_ordinal |     batch  400/427   loss 0.0241  lr 5.49e-05
14:58:23 | INFO    | train.densenet121_ordinal | Thresholds fitted on validation:
  naive thresholds  [0.5, 1.5, 2.5, 3.5]  ->  QWK 0.9014
  fitted thresholds [0.68, 1.14, 2.65, 3.832]  ->  QWK 0.9125   (+0.0111)
  converged in 3 round(s)
14:58:23 | INFO    | train.densenet121_ordinal | train_loss 0.0248 | val_loss 0.1475 | val_QWK 0.9125 | val_acc 0.7945 | 45s (ETA 9 min)
14:58:23 | INFO    | train.densenet121_ordinal |   smoothed val_qwk 0.9134 (best 0.9184) - no improvement (7/12); best raw val_qwk 0.9210 at epoch 24
14:58:23 | INFO    | train.densenet121_ordinal | --------------------------------------------------------------------
14:58:23 | INFO    | train.densenet121_ordinal | Epoch 34/45
14:58:28 | INFO    | train.densenet121_ordinal |     batch   50/427   loss 0.0258  lr 5.34e-05
14:58:33 | INFO    | train.densenet121_ordinal |     batch  100/427   loss 0.0222  lr 5.25e-05
14:58:37 | INFO    | train.densenet121_ordinal |     batch  150/427   loss 0.0219  lr 5.15e-05
14:58:42 | INFO    | train.densenet121_ordinal |     batch  200/427   loss 0.0222  lr 5.07e-05
14:58:47 | INFO    | train.densenet121_ordinal |     batch  250/427   loss 0.0242  lr 4.97e-05
14:58:51 | INFO    | train.densenet121_ordinal |     batch  300/427   loss 0.0239  lr 4.88e-05
14:58:57 | INFO    | train.densenet121_ordinal |     batch  350/427   loss 0.0233  lr 4.80e-05
14:59:02 | INFO    | train.densenet121_ordinal |     batch  400/427   loss 0.0232  lr 4.71e-05
14:59:08 | INFO    | train.densenet121_ordinal | Thresholds fitted on validation:
  naive thresholds  [0.5, 1.5, 2.5, 3.5]  ->  QWK 0.8997
  fitted thresholds [0.615, 1.288, 2.745, 3.362]  ->  QWK 0.9153   (+0.0156)
  converged in 2 round(s)
14:59:08 | INFO    | train.densenet121_ordinal | train_loss 0.0236 | val_loss 0.1408 | val_QWK 0.9153 | val_acc 0.8291 | 45s (ETA 8 min)
14:59:08 | INFO    | train.densenet121_ordinal |   smoothed val_qwk 0.9141 (best 0.9184) - no improvement (8/12); best raw val_qwk 0.9210 at epoch 24
14:59:08 | INFO    | train.densenet121_ordinal | --------------------------------------------------------------------
14:59:08 | INFO    | train.densenet121_ordinal | Epoch 35/45
14:59:13 | INFO    | train.densenet121_ordinal |     batch   50/427   loss 0.0279  lr 4.57e-05
14:59:18 | INFO    | train.densenet121_ordinal |     batch  100/427   loss 0.0259  lr 4.48e-05
14:59:23 | INFO    | train.densenet121_ordinal |     batch  150/427   loss 0.0247  lr 4.40e-05
14:59:28 | INFO    | train.densenet121_ordinal |     batch  200/427   loss 0.0241  lr 4.31e-05
14:59:33 | INFO    | train.densenet121_ordinal |     batch  250/427   loss 0.0238  lr 4.23e-05
14:59:37 | INFO    | train.densenet121_ordinal |     batch  300/427   loss 0.0249  lr 4.14e-05
14:59:42 | INFO    | train.densenet121_ordinal |     batch  350/427   loss 0.0243  lr 4.06e-05
14:59:46 | INFO    | train.densenet121_ordinal |     batch  400/427   loss 0.0243  lr 3.98e-05
14:59:52 | INFO    | train.densenet121_ordinal | Thresholds fitted on validation:
  naive thresholds  [0.5, 1.5, 2.5, 3.5]  ->  QWK 0.9053
  fitted thresholds [0.5, 1.123, 2.5, 3.5]  ->  QWK 0.9147   (+0.0094)
  converged in 2 round(s)
14:59:52 | INFO    | train.densenet121_ordinal | train_loss 0.0239 | val_loss 0.1454 | val_QWK 0.9147 | val_acc 0.8000 | 44s (ETA 7 min)
14:59:52 | INFO    | train.densenet121_ordinal |   smoothed val_qwk 0.9142 (best 0.9184) - no improvement (9/12); best raw val_qwk 0.9210 at epoch 24
14:59:52 | INFO    | train.densenet121_ordinal | --------------------------------------------------------------------
14:59:52 | INFO    | train.densenet121_ordinal | Epoch 36/45
14:59:57 | INFO    | train.densenet121_ordinal |     batch   50/427   loss 0.0332  lr 3.85e-05
15:00:02 | INFO    | train.densenet121_ordinal |     batch  100/427   loss 0.0264  lr 3.77e-05
15:00:06 | INFO    | train.densenet121_ordinal |     batch  150/427   loss 0.0267  lr 3.69e-05
15:00:11 | INFO    | train.densenet121_ordinal |     batch  200/427   loss 0.0259  lr 3.62e-05
15:00:16 | INFO    | train.densenet121_ordinal |     batch  250/427   loss 0.0239  lr 3.54e-05
15:00:20 | INFO    | train.densenet121_ordinal |     batch  300/427   loss 0.0233  lr 3.46e-05
15:00:25 | INFO    | train.densenet121_ordinal |     batch  350/427   loss 0.0243  lr 3.39e-05
15:00:30 | INFO    | train.densenet121_ordinal |     batch  400/427   loss 0.0245  lr 3.31e-05
15:00:35 | INFO    | train.densenet121_ordinal | Thresholds fitted on validation:
  naive thresholds  [0.5, 1.5, 2.5, 3.5]  ->  QWK 0.8976
  fitted thresholds [0.621, 1.094, 2.397, 3.166]  ->  QWK 0.9124   (+0.0148)
  converged in 2 round(s)
15:00:35 | INFO    | train.densenet121_ordinal | train_loss 0.0238 | val_loss 0.1380 | val_QWK 0.9124 | val_acc 0.7873 | 43s (ETA 7 min)
15:00:35 | INFO    | train.densenet121_ordinal |   smoothed val_qwk 0.9141 (best 0.9184) - no improvement (10/12); best raw val_qwk 0.9210 at epoch 24
15:00:35 | INFO    | train.densenet121_ordinal | --------------------------------------------------------------------
15:00:35 | INFO    | train.densenet121_ordinal | Epoch 37/45
15:00:40 | INFO    | train.densenet121_ordinal |     batch   50/427   loss 0.0229  lr 3.20e-05
15:00:44 | INFO    | train.densenet121_ordinal |     batch  100/427   loss 0.0237  lr 3.12e-05
15:00:52 | INFO    | train.densenet121_ordinal |     batch  150/427   loss 0.0217  lr 3.05e-05
15:00:59 | INFO    | train.densenet121_ordinal |     batch  200/427   loss 0.0214  lr 2.98e-05
15:01:05 | INFO    | train.densenet121_ordinal |     batch  250/427   loss 0.0210  lr 2.91e-05
15:01:11 | INFO    | train.densenet121_ordinal |     batch  300/427   loss 0.0200  lr 2.84e-05
15:01:18 | INFO    | train.densenet121_ordinal |     batch  350/427   loss 0.0207  lr 2.77e-05
15:01:24 | INFO    | train.densenet121_ordinal |     batch  400/427   loss 0.0214  lr 2.70e-05
15:01:32 | INFO    | train.densenet121_ordinal | Thresholds fitted on validation:
  naive thresholds  [0.5, 1.5, 2.5, 3.5]  ->  QWK 0.9035
  fitted thresholds [0.661, 1.154, 2.448, 3.372]  ->  QWK 0.9160   (+0.0125)
  converged in 2 round(s)
15:01:32 | INFO    | train.densenet121_ordinal | train_loss 0.0213 | val_loss 0.1431 | val_QWK 0.9160 | val_acc 0.8073 | 57s (ETA 6 min)
15:01:32 | INFO    | train.densenet121_ordinal |   smoothed val_qwk 0.9144 (best 0.9184) - no improvement (11/12); best raw val_qwk 0.9210 at epoch 24
15:01:32 | INFO    | train.densenet121_ordinal | --------------------------------------------------------------------
15:01:32 | INFO    | train.densenet121_ordinal | Epoch 38/45
15:01:38 | INFO    | train.densenet121_ordinal |     batch   50/427   loss 0.0196  lr 2.60e-05
15:01:45 | INFO    | train.densenet121_ordinal |     batch  100/427   loss 0.0205  lr 2.53e-05
15:01:51 | INFO    | train.densenet121_ordinal |     batch  150/427   loss 0.0198  lr 2.46e-05
15:01:57 | INFO    | train.densenet121_ordinal |     batch  200/427   loss 0.0205  lr 2.40e-05
15:02:04 | INFO    | train.densenet121_ordinal |     batch  250/427   loss 0.0216  lr 2.34e-05
15:02:10 | INFO    | train.densenet121_ordinal |     batch  300/427   loss 0.0203  lr 2.28e-05
15:02:17 | INFO    | train.densenet121_ordinal |     batch  350/427   loss 0.0195  lr 2.22e-05
15:02:23 | INFO    | train.densenet121_ordinal |     batch  400/427   loss 0.0207  lr 2.16e-05
15:02:30 | INFO    | train.densenet121_ordinal | Thresholds fitted on validation:
  naive thresholds  [0.5, 1.5, 2.5, 3.5]  ->  QWK 0.9003
  fitted thresholds [0.61, 1.153, 2.728, 3.433]  ->  QWK 0.9157   (+0.0154)
  converged in 2 round(s)
15:02:30 | INFO    | train.densenet121_ordinal | train_loss 0.0211 | val_loss 0.1343 | val_QWK 0.9157 | val_acc 0.8200 | 59s (ETA 5 min)
15:02:30 | INFO    | train.densenet121_ordinal |   smoothed val_qwk 0.9147 (best 0.9184) - no improvement (12/12); best raw val_qwk 0.9210 at epoch 24
15:02:30 | INFO    | train.densenet121_ordinal | Early stopping: 12 epochs without improvement in the 3-epoch moving average.
15:02:30 | INFO    | train.densenet121_ordinal | ====================================================================
15:02:30 | INFO    | train.densenet121_ordinal | Finished densenet121_ordinal in 28.9 min (38 epochs, mean 46s/epoch)
15:02:30 | INFO    | train.densenet121_ordinal | Best val_qwk = 0.9210 at epoch 24
15:02:30 | INFO    | train.densenet121_ordinal | Validation metrics at the best epoch:
  samples            : 550
  QWK                : 0.9210   <-- headline metric
  accuracy           : 0.8164
  balanced accuracy  : 0.7020
  macro F1           : 0.6840
  macro ROC-AUC      : 0.9283
  per-class recall   :
      0 No DR              recall 0.985  (n=271)
      1 Mild               recall 0.679  (n=56)
      2 Moderate           recall 0.680  (n=150)
      3 Severe             recall 0.621  (n=29)
      4 Proliferative DR   recall 0.545  (n=44)
15:02:30 | INFO    | train.densenet121_ordinal | Artefacts in: C:\Users\ishra\Downloads\dr_project\dr_project\experiments\densenet121_ordinal
15:02:30 | INFO    | train.densenet121_ordinal | ====================================================================
